T868C 000:000.945   SEGGER J-Link V9.14a Log File
T868C 000:001.035   DLL Compiled: Jan 28 2026 17:11:52
T868C 000:001.039   Logging started @ 2026-07-21 06:13
T868C 000:001.043   Process: C:\Users\qq292\.eclipse\com.renesas.platform_275973119\DebugComp\RA\e2-server-gdb.exe
T868C 000:001.051 - 1.047ms 
T868C 000:001.062 JLINK_GetDLLVersion()
T868C 000:001.065 - 0.004ms returns 91401
T868C 000:002.636 JLINK_OpenEx(...)
T868C 000:007.999   Firmware: J-Link Pro V4 V11 PLUS Feb compiled 20 2025 16:24:17 
T868C 000:008.838   Firmware: J-Link Pro V4 V11 PLUS Feb compiled 20 2025 16:24:17 
T868C 000:008.945   Decompressing FW timestamp took 85 us
T868C 000:011.028   Hardware: V11.00
T868C 000:011.034   S/N: 601023993
T868C 000:011.038   OEM: SEGGER
T868C 000:011.043   Feature(s): FlashBP, GDB, JFlash, FlashDL, RDI
T868C 000:011.907   Bootloader: (FW returned invalid version)
T868C 000:012.633   USB speed mode: High speed (480 MBit/s)
T868C 000:013.054   TELNET listener socket opened on port 19021
T868C 000:013.144   WEBSRV WEBSRV_Init(): Starting webserver thread(s)
T868C 000:013.326   WEBSRV Webserver running on local port 19080
T868C 000:013.402   Looking for J-Link GUI Server exe at: C:\Users\qq292\.eclipse\com.renesas.platform_275973119\DebugComp\RA\ARM\Segger_v9.14.1\JLinkGUIServer.exe
T868C 000:013.455   Looking for J-Link GUI Server exe at: D:\Single-chip\STLINK\JLink\JLink_V796\JLinkGUIServer.exe
T868C 000:013.464   Forking J-Link GUI Server: D:\Single-chip\STLINK\JLink\JLink_V796\JLinkGUIServer.exe
T868C 000:031.558   J-Link GUI Server info: "J-Link GUI server V7.96 "
T868C 000:034.539 - 31.900ms returns "O.K."
T868C 000:034.616 JLINK_TIF_Select(JLINKARM_TIF_SWD)
T868C 000:035.918 - 1.301ms returns 0x00
T868C 000:035.934 JLINK_ClrRESET()
T868C 000:036.500 - 0.565ms 
T868C 000:087.317 JLINK_SetSpeed(1500)
T868C 000:087.702 - 0.407ms 
T868C 000:087.710 JLINK_CORESIGHT_Configure(PerformTIFInit=0)
T868C 000:088.314 - 0.605ms returns 0
T868C 000:088.323 JLINK_CORESIGHT_ReadAPDPReg(DP reg 0x00)
T868C 000:088.850   Value=0x6BA02477
T868C 000:088.870 - 0.548ms returns 0
T868C 000:088.878 JLINK_CORESIGHT_WriteAPDPReg(DP reg 0x00, 0x0000001F)
T868C 000:089.225 - 0.348ms returns 0
T868C 000:089.231 JLINK_CORESIGHT_ReadAPDPReg(DP reg 0x00)
T868C 000:089.637   Value=0x6BA02477
T868C 000:089.643 - 0.412ms returns 0
T868C 000:089.649 JLINK_CORESIGHT_WriteAPDPReg(DP reg 0x02, 0x00000000)
T868C 000:090.035 - 0.386ms returns 0
T868C 000:090.041 JLINK_CORESIGHT_WriteAPDPReg(DP reg 0x01, 0x50000000)
T868C 000:090.365 - 0.324ms returns 0
T868C 000:090.372 JLINK_CORESIGHT_ReadAPDPReg(DP reg 0x01)
T868C 000:090.744   Value=0xF0000040
T868C 000:090.749 - 0.377ms returns 0
T868C 000:090.754 JLINK_CORESIGHT_WriteAPDPReg(DP reg 0x00, 0x0000001F)
T868C 000:091.038 - 0.283ms returns 0
T868C 000:091.043 JLINK_CORESIGHT_ReadAPDPReg(DP reg 0x00)
T868C 000:091.347   Value=0x6BA02477
T868C 000:091.352 - 0.309ms returns 0
T868C 000:091.357 JLINK_CORESIGHT_WriteAPDPReg(DP reg 0x01, 0x54000000)
T868C 000:091.665 - 0.308ms returns 0
T868C 000:091.671 JLINK_CORESIGHT_WriteAPDPReg(DP reg 0x01, 0x50000F00)
T868C 000:091.960 - 0.289ms returns 0
T868C 000:091.966 JLINK_CORESIGHT_WriteAPDPReg(DP reg 0x02, 0x01000000)
T868C 000:092.319 - 0.353ms returns 0
T868C 000:092.325 JLINK_CORESIGHT_WriteAPDPReg(AP reg 0x00, 0x80000002)
T868C 000:092.633 - 0.308ms returns 0
T868C 000:092.639 JLINK_CORESIGHT_WriteAPDPReg(AP reg 0x01, 0x80011100)
T868C 000:092.971 - 0.332ms returns 0
T868C 000:092.976 JLINK_CORESIGHT_WriteAPDPReg(AP reg 0x03, 0x000000A5)
T868C 000:093.280 - 0.304ms returns 0
T868C 000:093.286 JLINK_CORESIGHT_WriteAPDPReg(AP reg 0x00, 0x80000002)
T868C 000:093.594 - 0.308ms returns 0
T868C 000:093.600 JLINK_CORESIGHT_WriteAPDPReg(AP reg 0x01, 0x80011100)
T868C 000:093.899 - 0.299ms returns 0
T868C 000:093.905 JLINK_CORESIGHT_ReadAPDPReg(AP reg 0x03)
T868C 000:094.265   Value=0x000000A5
T868C 000:094.298 - 0.392ms returns 0
T868C 000:094.306 JLINK_ClrTMS()
T868C 000:094.556 - 0.250ms 
T868C 000:099.675 JLINK_SetTCK()
T868C 000:100.040 - 0.365ms returns 0
T868C 000:105.682 JLINK_SetRESET()
T868C 000:106.007 - 0.325ms 
T868C 000:306.256 JLINK_CORESIGHT_WriteAPDPReg(AP reg 0x00, 0x80000002)
T868C 000:306.751 - 0.495ms returns 0
T868C 000:306.764 JLINK_CORESIGHT_WriteAPDPReg(AP reg 0x01, 0x80011100)
T868C 000:307.137 - 0.373ms returns 0
T868C 000:307.149 JLINK_CORESIGHT_ReadAPDPReg(AP reg 0x03)
T868C 000:307.638   Value=0x00000000
T868C 000:307.649 - 0.500ms returns 0
T868C 000:307.656 JLINK_CORESIGHT_WriteAPDPReg(AP reg 0x00, 0x80000002)
T868C 000:307.996 - 0.339ms returns 0
T868C 000:308.003 JLINK_CORESIGHT_WriteAPDPReg(AP reg 0x01, 0x80011140)
T868C 000:308.337 - 0.334ms returns 0
T868C 000:308.344 JLINK_CORESIGHT_ReadAPDPReg(AP reg 0x03)
T868C 000:308.692   Value=0x00000002
T868C 000:308.697 - 0.353ms returns 0
T868C 000:308.702 JLINK_CORESIGHT_WriteAPDPReg(AP reg 0x00, 0x80000002)
T868C 000:309.008 - 0.305ms returns 0
T868C 000:309.013 JLINK_CORESIGHT_WriteAPDPReg(AP reg 0x01, 0x80011120)
T868C 000:309.317 - 0.304ms returns 0
T868C 000:309.322 JLINK_CORESIGHT_WriteAPDPReg(AP reg 0x03, 0x00000055)
T868C 000:309.632 - 0.310ms returns 0
T868C 000:309.638 JLINK_CORESIGHT_WriteAPDPReg(AP reg 0x00, 0x80000002)
T868C 000:309.943 - 0.305ms returns 0
T868C 000:309.948 JLINK_CORESIGHT_WriteAPDPReg(AP reg 0x01, 0x80011140)
T868C 000:310.281 - 0.332ms returns 0
T868C 000:310.286 JLINK_CORESIGHT_ReadAPDPReg(AP reg 0x03)
T868C 000:310.653   Value=0x00000002
T868C 000:310.658 - 0.371ms returns 0
T868C 000:310.662 JLINK_CORESIGHT_ReadAPDPReg(AP reg 0x03)
T868C 000:311.365   Value=0x00000002
T868C 000:311.376 - 0.713ms returns 0
T868C 000:311.382 JLINK_CORESIGHT_ReadAPDPReg(AP reg 0x03)
T868C 000:311.738   Value=0x00000002
T868C 000:311.744 - 0.362ms returns 0
T868C 000:311.749 JLINK_CORESIGHT_ReadAPDPReg(AP reg 0x03)
T868C 000:312.091   Value=0x00000002
T868C 000:312.096 - 0.347ms returns 0
T868C 000:312.101 JLINK_CORESIGHT_ReadAPDPReg(AP reg 0x03)
T868C 000:312.439   Value=0x00000002
T868C 000:312.444 - 0.342ms returns 0
T868C 000:312.448 JLINK_CORESIGHT_ReadAPDPReg(AP reg 0x03)
T868C 000:312.855   Value=0x00000002
T868C 000:312.861 - 0.412ms returns 0
T868C 000:312.866 JLINK_CORESIGHT_ReadAPDPReg(AP reg 0x03)
T868C 000:313.214   Value=0x00000002
T868C 000:313.219 - 0.353ms returns 0
T868C 000:313.224 JLINK_CORESIGHT_ReadAPDPReg(AP reg 0x03)
T868C 000:313.588   Value=0x00000002
T868C 000:313.593 - 0.369ms returns 0
T868C 000:313.598 JLINK_CORESIGHT_ReadAPDPReg(AP reg 0x03)
T868C 000:314.064   Value=0x00000002
T868C 000:314.069 - 0.471ms returns 0
T868C 000:314.074 JLINK_CORESIGHT_ReadAPDPReg(AP reg 0x03)
T868C 000:314.439   Value=0x00000002
T868C 000:314.444 - 0.369ms returns 0
T868C 000:314.448 JLINK_CORESIGHT_ReadAPDPReg(AP reg 0x03)
T868C 000:314.815   Value=0x00000002
T868C 000:314.821 - 0.373ms returns 0
T868C 000:314.826 JLINK_CORESIGHT_ReadAPDPReg(AP reg 0x03)
T868C 000:315.194   Value=0x00000002
T868C 000:315.205 - 0.379ms returns 0
T868C 000:315.212 JLINK_CORESIGHT_ReadAPDPReg(AP reg 0x03)
T868C 000:316.938   Value=0x00000002
T868C 000:316.948 - 1.735ms returns 0
T868C 000:316.954 JLINK_CORESIGHT_ReadAPDPReg(AP reg 0x03)
T868C 000:317.349   Value=0x00000002
T868C 000:317.357 - 0.403ms returns 0
T868C 000:317.423 JLINK_CORESIGHT_ReadAPDPReg(AP reg 0x03)
T868C 000:318.145   Value=0x00000002
T868C 000:318.154 - 0.730ms returns 0
T868C 000:318.160 JLINK_CORESIGHT_ReadAPDPReg(AP reg 0x03)
T868C 000:318.527   Value=0x00000002
T868C 000:318.537 - 0.376ms returns 0
T868C 000:318.543 JLINK_CORESIGHT_ReadAPDPReg(AP reg 0x03)
T868C 000:318.942   Value=0x00000002
T868C 000:318.951 - 0.407ms returns 0
T868C 000:318.957 JLINK_CORESIGHT_ReadAPDPReg(AP reg 0x03)
T868C 000:319.316   Value=0x00000002
T868C 000:319.322 - 0.365ms returns 0
T868C 000:319.327 JLINK_CORESIGHT_ReadAPDPReg(AP reg 0x03)
T868C 000:319.693   Value=0x00000002
T868C 000:319.698 - 0.371ms returns 0
T868C 000:319.703 JLINK_CORESIGHT_ReadAPDPReg(AP reg 0x03)
T868C 000:320.066   Value=0x00000002
T868C 000:320.076 - 0.372ms returns 0
T868C 000:320.081 JLINK_CORESIGHT_ReadAPDPReg(AP reg 0x03)
T868C 000:320.469   Value=0x00000002
T868C 000:320.479 - 0.398ms returns 0
T868C 000:320.486 JLINK_CORESIGHT_ReadAPDPReg(AP reg 0x03)
T868C 000:320.840   Value=0x00000002
T868C 000:320.846 - 0.360ms returns 0
T868C 000:320.851 JLINK_CORESIGHT_ReadAPDPReg(AP reg 0x03)
T868C 000:321.229   Value=0x00000000
T868C 000:321.234 - 0.383ms returns 0
T868C 000:321.239 JLINK_CORESIGHT_WriteAPDPReg(AP reg 0x00, 0x80000002)
T868C 000:321.564 - 0.325ms returns 0
T868C 000:321.570 JLINK_CORESIGHT_WriteAPDPReg(AP reg 0x01, 0x80011130)
T868C 000:321.894 - 0.324ms returns 0
T868C 000:321.899 JLINK_CORESIGHT_ReadAPDPReg(AP reg 0x03)
T868C 000:322.314   Value=0x000000C6
T868C 000:322.319 - 0.420ms returns 0
T868C 000:322.332 JLINK_CORESIGHT_WriteAPDPReg(AP reg 0x00, 0x80000002)
T868C 000:322.633 - 0.300ms returns 0
T868C 000:322.638 JLINK_CORESIGHT_WriteAPDPReg(AP reg 0x01, 0x80011140)
T868C 000:322.962 - 0.323ms returns 0
T868C 000:322.968 JLINK_CORESIGHT_ReadAPDPReg(AP reg 0x03)
T868C 000:323.334   Value=0x00000002
T868C 000:323.339 - 0.371ms returns 0
T868C 000:323.343 JLINK_CORESIGHT_WriteAPDPReg(AP reg 0x00, 0x80000002)
T868C 000:323.633 - 0.289ms returns 0
T868C 000:323.638 JLINK_CORESIGHT_WriteAPDPReg(AP reg 0x01, 0x80011120)
T868C 000:323.943 - 0.304ms returns 0
T868C 000:323.948 JLINK_CORESIGHT_WriteAPDPReg(AP reg 0x03, 0x3A010001)
T868C 000:324.258 - 0.310ms returns 0
T868C 000:324.263 JLINK_CORESIGHT_WriteAPDPReg(AP reg 0x00, 0x80000002)
T868C 000:324.992 - 0.728ms returns 0
T868C 000:325.003 JLINK_CORESIGHT_WriteAPDPReg(AP reg 0x01, 0x80011140)
T868C 000:325.341 - 0.337ms returns 0
T868C 000:325.349 JLINK_CORESIGHT_ReadAPDPReg(AP reg 0x03)
T868C 000:325.777   Value=0x00000002
T868C 000:325.783 - 0.433ms returns 0
T868C 000:325.788 JLINK_CORESIGHT_WriteAPDPReg(AP reg 0x00, 0x80000002)
T868C 000:326.110 - 0.322ms returns 0
T868C 000:326.116 JLINK_CORESIGHT_WriteAPDPReg(AP reg 0x01, 0x80011120)
T868C 000:326.410 - 0.294ms returns 0
T868C 000:326.416 JLINK_CORESIGHT_WriteAPDPReg(AP reg 0x03, 0x000003C5)
T868C 000:326.760 - 0.344ms returns 0
T868C 000:326.766 JLINK_CORESIGHT_WriteAPDPReg(AP reg 0x00, 0x80000002)
T868C 000:327.045 - 0.279ms returns 0
T868C 000:327.051 JLINK_CORESIGHT_WriteAPDPReg(AP reg 0x01, 0x80011140)
T868C 000:327.358 - 0.307ms returns 0
T868C 000:327.364 JLINK_CORESIGHT_ReadAPDPReg(AP reg 0x03)
T868C 000:327.714   Value=0x00000002
T868C 000:327.719 - 0.355ms returns 0
T868C 000:327.724 JLINK_CORESIGHT_ReadAPDPReg(AP reg 0x03)
T868C 000:328.115   Value=0x00000002
T868C 000:328.126 - 0.401ms returns 0
T868C 000:328.132 JLINK_CORESIGHT_ReadAPDPReg(AP reg 0x03)
T868C 000:328.465   Value=0x00000000
T868C 000:328.471 - 0.339ms returns 0
T868C 000:328.476 JLINK_CORESIGHT_WriteAPDPReg(AP reg 0x00, 0x80000002)
T868C 000:328.820 - 0.344ms returns 0
T868C 000:328.829 JLINK_CORESIGHT_WriteAPDPReg(AP reg 0x01, 0x80011130)
T868C 000:329.162 - 0.333ms returns 0
T868C 000:329.170 JLINK_CORESIGHT_ReadAPDPReg(AP reg 0x03)
T868C 000:329.543   Value=0x3A2A0081
T868C 000:329.549 - 0.379ms returns 0
T868C 000:329.554 JLINK_CORESIGHT_WriteAPDPReg(AP reg 0x00, 0x80000002)
T868C 000:329.950 - 0.396ms returns 0
T868C 000:329.957 JLINK_CORESIGHT_WriteAPDPReg(AP reg 0x01, 0x80011140)
T868C 000:330.297 - 0.340ms returns 0
T868C 000:330.305 JLINK_CORESIGHT_ReadAPDPReg(AP reg 0x03)
T868C 000:330.632   Value=0x00000000
T868C 000:330.637 - 0.332ms returns 0
T868C 000:330.642 JLINK_CORESIGHT_WriteAPDPReg(AP reg 0x00, 0x80000002)
T868C 000:330.943 - 0.300ms returns 0
T868C 000:330.948 JLINK_CORESIGHT_WriteAPDPReg(AP reg 0x01, 0x80011130)
T868C 000:331.258 - 0.309ms returns 0
T868C 000:331.263 JLINK_CORESIGHT_ReadAPDPReg(AP reg 0x03)
T868C 000:331.890   Value=0x808D5B00
T868C 000:331.900 - 0.636ms returns 0
T868C 000:331.906 JLINK_CORESIGHT_WriteAPDPReg(AP reg 0x00, 0x80000002)
T868C 000:332.246 - 0.340ms returns 0
T868C 000:332.255 JLINK_CORESIGHT_WriteAPDPReg(AP reg 0x01, 0x80011140)
T868C 000:332.569 - 0.314ms returns 0
T868C 000:332.577 JLINK_CORESIGHT_ReadAPDPReg(AP reg 0x03)
T868C 000:332.943   Value=0x00000000
T868C 000:332.948 - 0.371ms returns 0
T868C 000:332.953 JLINK_CORESIGHT_WriteAPDPReg(AP reg 0x00, 0x80000002)
T868C 000:333.235 - 0.282ms returns 0
T868C 000:333.241 JLINK_CORESIGHT_WriteAPDPReg(AP reg 0x01, 0x80011130)
T868C 000:333.567 - 0.327ms returns 0
T868C 000:333.573 JLINK_CORESIGHT_ReadAPDPReg(AP reg 0x03)
T868C 000:333.905   Value=0x0406070A
T868C 000:333.910 - 0.337ms returns 0
T868C 000:333.915 JLINK_CORESIGHT_WriteAPDPReg(AP reg 0x00, 0x80000002)
T868C 000:334.219 - 0.304ms returns 0
T868C 000:334.224 JLINK_CORESIGHT_WriteAPDPReg(AP reg 0x01, 0x80011140)
T868C 000:334.564 - 0.340ms returns 0
T868C 000:334.570 JLINK_CORESIGHT_ReadAPDPReg(AP reg 0x03)
T868C 000:334.888   Value=0x00000000
T868C 000:334.893 - 0.323ms returns 0
T868C 000:334.898 JLINK_CORESIGHT_WriteAPDPReg(AP reg 0x00, 0x80000002)
T868C 000:335.214 - 0.315ms returns 0
T868C 000:335.219 JLINK_CORESIGHT_WriteAPDPReg(AP reg 0x01, 0x80011130)
T868C 000:335.564 - 0.344ms returns 0
T868C 000:335.569 JLINK_CORESIGHT_ReadAPDPReg(AP reg 0x03)
T868C 000:335.939   Value=0x3254540B
T868C 000:335.944 - 0.375ms returns 0
T868C 000:335.949 JLINK_CORESIGHT_WriteAPDPReg(AP reg 0x00, 0x80000002)
T868C 000:336.235 - 0.286ms returns 0
T868C 000:336.240 JLINK_CORESIGHT_WriteAPDPReg(AP reg 0x01, 0x80011140)
T868C 000:336.583 - 0.342ms returns 0
T868C 000:336.588 JLINK_CORESIGHT_ReadAPDPReg(AP reg 0x03)
T868C 000:336.963   Value=0x00000000
T868C 000:336.969 - 0.380ms returns 0
T868C 000:336.974 JLINK_CORESIGHT_WriteAPDPReg(AP reg 0x00, 0x80000002)
T868C 000:337.314 - 0.340ms returns 0
T868C 000:337.319 JLINK_CORESIGHT_WriteAPDPReg(AP reg 0x01, 0x80011130)
T868C 000:337.634 - 0.314ms returns 0
T868C 000:337.639 JLINK_CORESIGHT_ReadAPDPReg(AP reg 0x03)
T868C 000:337.984   Value=0x54508A59
T868C 000:337.990 - 0.350ms returns 0
T868C 000:337.994 JLINK_CORESIGHT_WriteAPDPReg(AP reg 0x00, 0x80000002)
T868C 000:338.318 - 0.323ms returns 0
T868C 000:338.323 JLINK_CORESIGHT_WriteAPDPReg(AP reg 0x01, 0x80011140)
T868C 000:339.047 - 0.723ms returns 0
T868C 000:339.060 JLINK_CORESIGHT_ReadAPDPReg(AP reg 0x03)
T868C 000:339.461   Value=0x00000000
T868C 000:339.471 - 0.411ms returns 0
T868C 000:339.477 JLINK_CORESIGHT_WriteAPDPReg(AP reg 0x00, 0x80000002)
T868C 000:339.819 - 0.341ms returns 0
T868C 000:339.824 JLINK_CORESIGHT_WriteAPDPReg(AP reg 0x01, 0x80011130)
T868C 000:340.192 - 0.368ms returns 0
T868C 000:340.198 JLINK_CORESIGHT_ReadAPDPReg(AP reg 0x03)
T868C 000:340.564   Value=0x34325736
T868C 000:340.569 - 0.371ms returns 0
T868C 000:340.574 JLINK_CORESIGHT_WriteAPDPReg(AP reg 0x00, 0x80000002)
T868C 000:340.883 - 0.309ms returns 0
T868C 000:340.888 JLINK_CORESIGHT_WriteAPDPReg(AP reg 0x01, 0x80011140)
T868C 000:341.235 - 0.347ms returns 0
T868C 000:341.241 JLINK_CORESIGHT_ReadAPDPReg(AP reg 0x03)
T868C 000:341.590   Value=0x00000000
T868C 000:341.595 - 0.354ms returns 0
T868C 000:341.600 JLINK_CORESIGHT_WriteAPDPReg(AP reg 0x00, 0x80000002)
T868C 000:341.939 - 0.339ms returns 0
T868C 000:341.949 JLINK_CORESIGHT_WriteAPDPReg(AP reg 0x01, 0x80011130)
T868C 000:342.258 - 0.309ms returns 0
T868C 000:342.267 JLINK_CORESIGHT_ReadAPDPReg(AP reg 0x03)
T868C 000:342.588   Value=0x76082D30
T868C 000:342.593 - 0.326ms returns 0
T868C 000:342.600 JLINK_CORESIGHT_WriteAPDPReg(AP reg 0x00, 0x80000002)
T868C 000:342.883 - 0.282ms returns 0
T868C 000:342.891 JLINK_CORESIGHT_WriteAPDPReg(AP reg 0x01, 0x80011140)
T868C 000:343.193 - 0.302ms returns 0
T868C 000:343.201 JLINK_CORESIGHT_ReadAPDPReg(AP reg 0x03)
T868C 000:343.564   Value=0x00000000
T868C 000:343.569 - 0.367ms returns 0
T868C 000:343.577 JLINK_CORESIGHT_WriteAPDPReg(AP reg 0x00, 0x80000002)
T868C 000:343.919 - 0.342ms returns 0
T868C 000:343.928 JLINK_CORESIGHT_WriteAPDPReg(AP reg 0x01, 0x80011130)
T868C 000:344.235 - 0.307ms returns 0
T868C 000:344.243 JLINK_CORESIGHT_ReadAPDPReg(AP reg 0x03)
T868C 000:344.631   Value=0x4B375266
T868C 000:344.638 - 0.395ms returns 0
T868C 000:344.645 JLINK_CORESIGHT_WriteAPDPReg(AP reg 0x00, 0x80000002)
T868C 000:344.944 - 0.299ms returns 0
T868C 000:344.952 JLINK_CORESIGHT_WriteAPDPReg(AP reg 0x01, 0x80011140)
T868C 000:345.258 - 0.306ms returns 0
T868C 000:345.266 JLINK_CORESIGHT_ReadAPDPReg(AP reg 0x03)
T868C 000:345.949   Value=0x00000000
T868C 000:345.960 - 0.693ms returns 0
T868C 000:345.971 JLINK_CORESIGHT_WriteAPDPReg(AP reg 0x00, 0x80000002)
T868C 000:346.257 - 0.286ms returns 0
T868C 000:346.266 JLINK_CORESIGHT_WriteAPDPReg(AP reg 0x01, 0x80011130)
T868C 000:346.568 - 0.302ms returns 0
T868C 000:346.576 JLINK_CORESIGHT_ReadAPDPReg(AP reg 0x03)
T868C 000:346.939   Value=0x31503841
T868C 000:346.945 - 0.369ms returns 0
T868C 000:346.952 JLINK_CORESIGHT_WriteAPDPReg(AP reg 0x00, 0x80000002)
T868C 000:347.283 - 0.330ms returns 0
T868C 000:347.291 JLINK_CORESIGHT_WriteAPDPReg(AP reg 0x01, 0x80011140)
T868C 000:347.596 - 0.304ms returns 0
T868C 000:347.604 JLINK_CORESIGHT_ReadAPDPReg(AP reg 0x03)
T868C 000:347.958   Value=0x00000000
T868C 000:347.963 - 0.359ms returns 0
T868C 000:347.971 JLINK_CORESIGHT_WriteAPDPReg(AP reg 0x00, 0x80000002)
T868C 000:348.285 - 0.314ms returns 0
T868C 000:348.293 JLINK_CORESIGHT_WriteAPDPReg(AP reg 0x01, 0x80011130)
T868C 000:348.614 - 0.320ms returns 0
T868C 000:348.622 JLINK_CORESIGHT_ReadAPDPReg(AP reg 0x03)
T868C 000:348.984   Value=0x434C464B
T868C 000:348.989 - 0.367ms returns 0
T868C 000:348.997 JLINK_CORESIGHT_WriteAPDPReg(AP reg 0x00, 0x80000002)
T868C 000:349.318 - 0.320ms returns 0
T868C 000:349.325 JLINK_CORESIGHT_WriteAPDPReg(AP reg 0x01, 0x80011140)
T868C 000:349.608 - 0.282ms returns 0
T868C 000:349.616 JLINK_CORESIGHT_ReadAPDPReg(AP reg 0x03)
T868C 000:349.964   Value=0x00000000
T868C 000:349.969 - 0.353ms returns 0
T868C 000:349.977 JLINK_CORESIGHT_WriteAPDPReg(AP reg 0x00, 0x80000002)
T868C 000:350.314 - 0.337ms returns 0
T868C 000:350.322 JLINK_CORESIGHT_WriteAPDPReg(AP reg 0x01, 0x80011130)
T868C 000:350.660 - 0.338ms returns 0
T868C 000:350.668 JLINK_CORESIGHT_ReadAPDPReg(AP reg 0x03)
T868C 000:350.984   Value=0x20204341
T868C 000:350.989 - 0.321ms returns 0
T868C 000:350.997 JLINK_CORESIGHT_WriteAPDPReg(AP reg 0x00, 0x80000002)
T868C 000:351.317 - 0.320ms returns 0
T868C 000:351.325 JLINK_CORESIGHT_WriteAPDPReg(AP reg 0x01, 0x80011140)
T868C 000:351.633 - 0.307ms returns 0
T868C 000:351.641 JLINK_CORESIGHT_ReadAPDPReg(AP reg 0x03)
T868C 000:351.965   Value=0x00000000
T868C 000:351.970 - 0.329ms returns 0
T868C 000:351.978 JLINK_CORESIGHT_WriteAPDPReg(AP reg 0x00, 0x80000002)
T868C 000:352.668 - 0.690ms returns 0
T868C 000:352.849 JLINK_CORESIGHT_WriteAPDPReg(AP reg 0x01, 0x80011130)
T868C 000:353.216 - 0.367ms returns 0
T868C 000:353.223 JLINK_CORESIGHT_ReadAPDPReg(AP reg 0x03)
T868C 000:353.604   Value=0x0003A720
T868C 000:353.610 - 0.386ms returns 0
T868C 000:353.649 JLINK_CORESIGHT_WriteAPDPReg(AP reg 0x00, 0x80000002)
T868C 000:353.985 - 0.336ms returns 0
T868C 000:353.990 JLINK_CORESIGHT_WriteAPDPReg(AP reg 0x01, 0x80011140)
T868C 000:354.319 - 0.328ms returns 0
T868C 000:354.324 JLINK_CORESIGHT_ReadAPDPReg(AP reg 0x03)
T868C 000:354.652   Value=0x00000002
T868C 000:354.657 - 0.333ms returns 0
T868C 000:354.662 JLINK_CORESIGHT_WriteAPDPReg(AP reg 0x00, 0x80000002)
T868C 000:355.008 - 0.346ms returns 0
T868C 000:355.014 JLINK_CORESIGHT_WriteAPDPReg(AP reg 0x01, 0x80011120)
T868C 000:355.337 - 0.323ms returns 0
T868C 000:355.342 JLINK_CORESIGHT_WriteAPDPReg(AP reg 0x03, 0x39020001)
T868C 000:355.633 - 0.290ms returns 0
T868C 000:355.638 JLINK_CORESIGHT_WriteAPDPReg(AP reg 0x00, 0x80000002)
T868C 000:355.950 - 0.312ms returns 0
T868C 000:355.956 JLINK_CORESIGHT_WriteAPDPReg(AP reg 0x01, 0x80011140)
T868C 000:356.258 - 0.302ms returns 0
T868C 000:356.263 JLINK_CORESIGHT_ReadAPDPReg(AP reg 0x03)
T868C 000:356.589   Value=0x00000002
T868C 000:356.594 - 0.330ms returns 0
T868C 000:356.599 JLINK_CORESIGHT_WriteAPDPReg(AP reg 0x00, 0x80000002)
T868C 000:356.883 - 0.284ms returns 0
T868C 000:356.889 JLINK_CORESIGHT_WriteAPDPReg(AP reg 0x01, 0x80011120)
T868C 000:357.193 - 0.303ms returns 0
T868C 000:357.198 JLINK_CORESIGHT_WriteAPDPReg(AP reg 0x03, 0x0003B312)
T868C 000:357.509 - 0.311ms returns 0
T868C 000:357.514 JLINK_CORESIGHT_WriteAPDPReg(AP reg 0x00, 0x80000002)
T868C 000:357.818 - 0.303ms returns 0
T868C 000:357.823 JLINK_CORESIGHT_WriteAPDPReg(AP reg 0x01, 0x80011140)
T868C 000:358.133 - 0.310ms returns 0
T868C 000:358.138 JLINK_CORESIGHT_ReadAPDPReg(AP reg 0x03)
T868C 000:358.484   Value=0x00000000
T868C 000:358.490 - 0.351ms returns 0
T868C 000:358.495 JLINK_CORESIGHT_WriteAPDPReg(AP reg 0x00, 0x80000002)
T868C 000:358.845 - 0.349ms returns 0
T868C 000:358.850 JLINK_CORESIGHT_WriteAPDPReg(AP reg 0x01, 0x80011130)
T868C 000:359.739 - 0.888ms returns 0
T868C 000:359.752 JLINK_CORESIGHT_ReadAPDPReg(AP reg 0x03)
T868C 000:360.107   Value=0xB90A0081
T868C 000:360.117 - 0.365ms returns 0
T868C 000:360.129 JLINK_CORESIGHT_WriteAPDPReg(AP reg 0x00, 0x80000002)
T868C 000:360.444 - 0.314ms returns 0
T868C 000:360.451 JLINK_CORESIGHT_WriteAPDPReg(AP reg 0x01, 0x80011140)
T868C 000:360.794 - 0.342ms returns 0
T868C 000:360.799 JLINK_CORESIGHT_ReadAPDPReg(AP reg 0x03)
T868C 000:361.153   Value=0x00000000
T868C 000:361.159 - 0.359ms returns 0
T868C 000:361.164 JLINK_CORESIGHT_WriteAPDPReg(AP reg 0x00, 0x80000002)
T868C 000:361.471 - 0.307ms returns 0
T868C 000:361.476 JLINK_CORESIGHT_WriteAPDPReg(AP reg 0x01, 0x80011130)
T868C 000:361.814 - 0.337ms returns 0
T868C 000:361.819 JLINK_CORESIGHT_ReadAPDPReg(AP reg 0x03)
T868C 000:362.136   Value=0xFFFFFFC0
T868C 000:362.141 - 0.322ms returns 0
T868C 000:362.146 JLINK_CORESIGHT_WriteAPDPReg(AP reg 0x00, 0x80000002)
T868C 000:362.462 - 0.316ms returns 0
T868C 000:362.467 JLINK_CORESIGHT_WriteAPDPReg(AP reg 0x01, 0x80011140)
T868C 000:362.814 - 0.346ms returns 0
T868C 000:362.819 JLINK_CORESIGHT_ReadAPDPReg(AP reg 0x03)
T868C 000:363.152   Value=0x00000000
T868C 000:363.157 - 0.337ms returns 0
T868C 000:363.162 JLINK_CORESIGHT_WriteAPDPReg(AP reg 0x00, 0x80000002)
T868C 000:363.442 - 0.281ms returns 0
T868C 000:363.452 JLINK_CORESIGHT_WriteAPDPReg(AP reg 0x01, 0x80011130)
T868C 000:363.758 - 0.306ms returns 0
T868C 000:363.763 JLINK_CORESIGHT_ReadAPDPReg(AP reg 0x03)
T868C 000:364.089   Value=0xFFFFFFFF
T868C 000:364.094 - 0.330ms returns 0
T868C 000:364.099 JLINK_CORESIGHT_WriteAPDPReg(AP reg 0x00, 0x80000002)
T868C 000:364.383 - 0.284ms returns 0
T868C 000:364.388 JLINK_CORESIGHT_WriteAPDPReg(AP reg 0x01, 0x80011140)
T868C 000:364.697 - 0.309ms returns 0
T868C 000:364.703 JLINK_CORESIGHT_ReadAPDPReg(AP reg 0x03)
T868C 000:365.064   Value=0x00000000
T868C 000:365.069 - 0.366ms returns 0
T868C 000:365.073 JLINK_CORESIGHT_WriteAPDPReg(AP reg 0x00, 0x80000002)
T868C 000:365.358 - 0.284ms returns 0
T868C 000:365.363 JLINK_CORESIGHT_WriteAPDPReg(AP reg 0x01, 0x80011130)
T868C 000:365.695 - 0.331ms returns 0
T868C 000:365.700 JLINK_CORESIGHT_ReadAPDPReg(AP reg 0x03)
T868C 000:366.027   Value=0x000385FF
T868C 000:366.032 - 0.331ms returns 0
T868C 000:366.078 JLINK_CORESIGHT_WriteAPDPReg(AP reg 0x00, 0x80000002)
T868C 000:366.705 - 0.626ms returns 0
T868C 000:366.716 JLINK_CORESIGHT_WriteAPDPReg(AP reg 0x01, 0x80011140)
T868C 000:367.064 - 0.348ms returns 0
T868C 000:367.070 JLINK_CORESIGHT_ReadAPDPReg(AP reg 0x03)
T868C 000:367.479   Value=0x00000002
T868C 000:367.484 - 0.414ms returns 0
T868C 000:367.490 JLINK_CORESIGHT_WriteAPDPReg(AP reg 0x00, 0x80000002)
T868C 000:367.864 - 0.374ms returns 0
T868C 000:367.869 JLINK_CORESIGHT_WriteAPDPReg(AP reg 0x01, 0x80011120)
T868C 000:368.189 - 0.319ms returns 0
T868C 000:368.194 JLINK_CORESIGHT_WriteAPDPReg(AP reg 0x03, 0x2C010001)
T868C 000:368.509 - 0.314ms returns 0
T868C 000:368.514 JLINK_CORESIGHT_WriteAPDPReg(AP reg 0x00, 0x80000002)
T868C 000:368.816 - 0.302ms returns 0
T868C 000:368.822 JLINK_CORESIGHT_WriteAPDPReg(AP reg 0x01, 0x80011140)
T868C 000:369.133 - 0.311ms returns 0
T868C 000:369.139 JLINK_CORESIGHT_ReadAPDPReg(AP reg 0x03)
T868C 000:369.464   Value=0x00000002
T868C 000:369.470 - 0.331ms returns 0
T868C 000:369.475 JLINK_CORESIGHT_WriteAPDPReg(AP reg 0x00, 0x80000002)
T868C 000:369.817 - 0.342ms returns 0
T868C 000:369.823 JLINK_CORESIGHT_WriteAPDPReg(AP reg 0x01, 0x80011120)
T868C 000:370.139 - 0.315ms returns 0
T868C 000:370.150 JLINK_CORESIGHT_WriteAPDPReg(AP reg 0x03, 0x000003D3)
T868C 000:370.483 - 0.333ms returns 0
T868C 000:370.490 JLINK_CORESIGHT_WriteAPDPReg(AP reg 0x00, 0x80000002)
T868C 000:370.824 - 0.334ms returns 0
T868C 000:370.829 JLINK_CORESIGHT_WriteAPDPReg(AP reg 0x01, 0x80011140)
T868C 000:371.189 - 0.359ms returns 0
T868C 000:371.194 JLINK_CORESIGHT_ReadAPDPReg(AP reg 0x03)
T868C 000:371.564   Value=0x00000002
T868C 000:371.569 - 0.374ms returns 0
T868C 000:371.574 JLINK_CORESIGHT_ReadAPDPReg(AP reg 0x03)
T868C 000:371.939   Value=0x00000002
T868C 000:371.944 - 0.370ms returns 0
T868C 000:371.949 JLINK_CORESIGHT_ReadAPDPReg(AP reg 0x03)
T868C 000:372.295   Value=0x00000002
T868C 000:372.301 - 0.351ms returns 0
T868C 000:372.305 JLINK_CORESIGHT_ReadAPDPReg(AP reg 0x03)
T868C 000:372.609   Value=0x00000002
T868C 000:372.614 - 0.309ms returns 0
T868C 000:372.619 JLINK_CORESIGHT_ReadAPDPReg(AP reg 0x03)
T868C 000:372.963   Value=0x00000002
T868C 000:372.968 - 0.349ms returns 0
T868C 000:372.973 JLINK_CORESIGHT_ReadAPDPReg(AP reg 0x03)
T868C 000:373.614   Value=0x00000002
T868C 000:373.625 - 0.652ms returns 0
T868C 000:373.632 JLINK_CORESIGHT_ReadAPDPReg(AP reg 0x03)
T868C 000:374.072   Value=0x00000000
T868C 000:374.082 - 0.450ms returns 0
T868C 000:374.088 JLINK_CORESIGHT_WriteAPDPReg(AP reg 0x00, 0x80000002)
T868C 000:374.439 - 0.351ms returns 0
T868C 000:374.445 JLINK_CORESIGHT_WriteAPDPReg(AP reg 0x01, 0x80011130)
T868C 000:374.892 - 0.446ms returns 0
T868C 000:374.904 JLINK_CORESIGHT_ReadAPDPReg(AP reg 0x03)
T868C 000:375.238   Value=0x2C020081
T868C 000:375.244 - 0.339ms returns 0
T868C 000:375.249 JLINK_CORESIGHT_WriteAPDPReg(AP reg 0x00, 0x80000002)
T868C 000:375.570 - 0.321ms returns 0
T868C 000:375.575 JLINK_CORESIGHT_WriteAPDPReg(AP reg 0x01, 0x80011140)
T868C 000:375.886 - 0.311ms returns 0
T868C 000:375.892 JLINK_CORESIGHT_ReadAPDPReg(AP reg 0x03)
T868C 000:376.232   Value=0x00000000
T868C 000:376.237 - 0.345ms returns 0
T868C 000:376.242 JLINK_CORESIGHT_WriteAPDPReg(AP reg 0x00, 0x80000002)
T868C 000:376.570 - 0.328ms returns 0
T868C 000:376.576 JLINK_CORESIGHT_WriteAPDPReg(AP reg 0x01, 0x80011130)
T868C 000:376.861 - 0.285ms returns 0
T868C 000:376.866 JLINK_CORESIGHT_ReadAPDPReg(AP reg 0x03)
T868C 000:377.238   Value=0x0003CE04
T868C 000:377.243 - 0.377ms returns 0
T868C 000:377.252 JLINK_CORESIGHT_WriteAPDPReg(AP reg 0x00, 0x80000002)
T868C 000:377.567 - 0.315ms returns 0
T868C 000:377.574 JLINK_CORESIGHT_WriteAPDPReg(AP reg 0x01, 0x80011140)
T868C 000:377.941 - 0.367ms returns 0
T868C 000:377.951 JLINK_CORESIGHT_ReadAPDPReg(AP reg 0x03)
T868C 000:378.317   Value=0x00000002
T868C 000:378.322 - 0.371ms returns 0
T868C 000:378.329 JLINK_CORESIGHT_WriteAPDPReg(AP reg 0x00, 0x80000002)
T868C 000:378.610 - 0.280ms returns 0
T868C 000:378.618 JLINK_CORESIGHT_WriteAPDPReg(AP reg 0x01, 0x80011120)
T868C 000:378.944 - 0.326ms returns 0
T868C 000:378.953 JLINK_CORESIGHT_WriteAPDPReg(AP reg 0x03, 0x73010001)
T868C 000:379.238 - 0.285ms returns 0
T868C 000:379.247 JLINK_CORESIGHT_WriteAPDPReg(AP reg 0x00, 0x80000002)
T868C 000:379.570 - 0.323ms returns 0
T868C 000:379.579 JLINK_CORESIGHT_WriteAPDPReg(AP reg 0x01, 0x80011140)
T868C 000:379.863 - 0.283ms returns 0
T868C 000:379.871 JLINK_CORESIGHT_ReadAPDPReg(AP reg 0x03)
T868C 000:380.657   Value=0x00000002
T868C 000:380.669 - 0.797ms returns 0
T868C 000:380.778 JLINK_CORESIGHT_WriteAPDPReg(AP reg 0x00, 0x80000002)
T868C 000:381.124 - 0.346ms returns 0
T868C 000:381.132 JLINK_CORESIGHT_WriteAPDPReg(AP reg 0x01, 0x80011120)
T868C 000:381.445 - 0.312ms returns 0
T868C 000:381.455 JLINK_CORESIGHT_WriteAPDPReg(AP reg 0x03, 0x0000038C)
T868C 000:381.762 - 0.306ms returns 0
T868C 000:381.771 JLINK_CORESIGHT_WriteAPDPReg(AP reg 0x00, 0x80000002)
T868C 000:382.070 - 0.299ms returns 0
T868C 000:382.076 JLINK_CORESIGHT_WriteAPDPReg(AP reg 0x01, 0x80011140)
T868C 000:382.385 - 0.309ms returns 0
T868C 000:382.391 JLINK_CORESIGHT_ReadAPDPReg(AP reg 0x03)
T868C 000:382.749   Value=0x00000002
T868C 000:382.754 - 0.363ms returns 0
T868C 000:382.759 JLINK_CORESIGHT_ReadAPDPReg(AP reg 0x03)
T868C 000:383.092   Value=0x00000000
T868C 000:383.097 - 0.338ms returns 0
T868C 000:383.102 JLINK_CORESIGHT_WriteAPDPReg(AP reg 0x00, 0x80000002)
T868C 000:383.445 - 0.343ms returns 0
T868C 000:383.451 JLINK_CORESIGHT_WriteAPDPReg(AP reg 0x01, 0x80011130)
T868C 000:383.736 - 0.285ms returns 0
T868C 000:383.742 JLINK_CORESIGHT_ReadAPDPReg(AP reg 0x03)
T868C 000:384.091   Value=0x73020081
T868C 000:384.096 - 0.354ms returns 0
T868C 000:384.101 JLINK_CORESIGHT_WriteAPDPReg(AP reg 0x00, 0x80000002)
T868C 000:384.511 - 0.410ms returns 0
T868C 000:384.517 JLINK_CORESIGHT_WriteAPDPReg(AP reg 0x01, 0x80011140)
T868C 000:384.862 - 0.344ms returns 0
T868C 000:384.873 JLINK_CORESIGHT_ReadAPDPReg(AP reg 0x03)
T868C 000:385.317   Value=0x00000000
T868C 000:385.324 - 0.450ms returns 0
T868C 000:385.329 JLINK_CORESIGHT_WriteAPDPReg(AP reg 0x00, 0x80000002)
T868C 000:385.610 - 0.281ms returns 0
T868C 000:385.615 JLINK_CORESIGHT_WriteAPDPReg(AP reg 0x01, 0x80011130)
T868C 000:385.945 - 0.329ms returns 0
T868C 000:385.950 JLINK_CORESIGHT_ReadAPDPReg(AP reg 0x03)
T868C 000:386.279   Value=0x00038902
T868C 000:386.284 - 0.334ms returns 0
T868C 000:386.290 JLINK_CORESIGHT_WriteAPDPReg(AP reg 0x00, 0x80000002)
T868C 000:386.594 - 0.304ms returns 0
T868C 000:386.599 JLINK_CORESIGHT_WriteAPDPReg(AP reg 0x01, 0x80011140)
T868C 000:386.941 - 0.341ms returns 0
T868C 000:386.946 JLINK_CORESIGHT_ReadAPDPReg(AP reg 0x03)
T868C 000:387.734   Value=0x00000002
T868C 000:387.745 - 0.798ms returns 0
T868C 000:387.751 JLINK_CORESIGHT_WriteAPDPReg(AP reg 0x00, 0x80000002)
T868C 000:388.100 - 0.349ms returns 0
T868C 000:388.109 JLINK_CORESIGHT_WriteAPDPReg(AP reg 0x01, 0x80011120)
T868C 000:388.411 - 0.301ms returns 0
T868C 000:388.416 JLINK_CORESIGHT_WriteAPDPReg(AP reg 0x03, 0x75010001)
T868C 000:388.709 - 0.292ms returns 0
T868C 000:388.721 JLINK_CORESIGHT_WriteAPDPReg(AP reg 0x00, 0x80000002)
T868C 000:389.068 - 0.347ms returns 0
T868C 000:389.076 JLINK_CORESIGHT_WriteAPDPReg(AP reg 0x01, 0x80011140)
T868C 000:389.439 - 0.363ms returns 0
T868C 000:389.445 JLINK_CORESIGHT_ReadAPDPReg(AP reg 0x03)
T868C 000:389.814   Value=0x00000002
T868C 000:389.820 - 0.374ms returns 0
T868C 000:389.825 JLINK_CORESIGHT_WriteAPDPReg(AP reg 0x00, 0x80000002)
T868C 000:390.126 - 0.301ms returns 0
T868C 000:390.132 JLINK_CORESIGHT_WriteAPDPReg(AP reg 0x01, 0x80011120)
T868C 000:390.444 - 0.311ms returns 0
T868C 000:390.449 JLINK_CORESIGHT_WriteAPDPReg(AP reg 0x03, 0x0000038A)
T868C 000:390.735 - 0.286ms returns 0
T868C 000:390.741 JLINK_CORESIGHT_WriteAPDPReg(AP reg 0x00, 0x80000002)
T868C 000:391.068 - 0.327ms returns 0
T868C 000:391.073 JLINK_CORESIGHT_WriteAPDPReg(AP reg 0x01, 0x80011140)
T868C 000:391.363 - 0.289ms returns 0
T868C 000:391.368 JLINK_CORESIGHT_ReadAPDPReg(AP reg 0x03)
T868C 000:391.715   Value=0x00000002
T868C 000:391.720 - 0.352ms returns 0
T868C 000:391.725 JLINK_CORESIGHT_ReadAPDPReg(AP reg 0x03)
T868C 000:392.084   Value=0x00000000
T868C 000:392.089 - 0.364ms returns 0
T868C 000:392.094 JLINK_CORESIGHT_WriteAPDPReg(AP reg 0x00, 0x80000002)
T868C 000:392.439 - 0.344ms returns 0
T868C 000:392.444 JLINK_CORESIGHT_WriteAPDPReg(AP reg 0x01, 0x80011130)
T868C 000:392.732 - 0.288ms returns 0
T868C 000:392.738 JLINK_CORESIGHT_ReadAPDPReg(AP reg 0x03)
T868C 000:393.064   Value=0x75020081
T868C 000:393.069 - 0.331ms returns 0
T868C 000:393.074 JLINK_CORESIGHT_WriteAPDPReg(AP reg 0x00, 0x80000002)
T868C 000:393.383 - 0.309ms returns 0
T868C 000:393.388 JLINK_CORESIGHT_WriteAPDPReg(AP reg 0x01, 0x80011140)
T868C 000:393.695 - 0.306ms returns 0
T868C 000:393.700 JLINK_CORESIGHT_ReadAPDPReg(AP reg 0x03)
T868C 000:394.475   Value=0x00000000
T868C 000:394.488 - 0.787ms returns 0
T868C 000:394.494 JLINK_CORESIGHT_WriteAPDPReg(AP reg 0x00, 0x80000002)
T868C 000:394.849 - 0.354ms returns 0
T868C 000:394.861 JLINK_CORESIGHT_WriteAPDPReg(AP reg 0x01, 0x80011130)
T868C 000:395.194 - 0.333ms returns 0
T868C 000:395.199 JLINK_CORESIGHT_ReadAPDPReg(AP reg 0x03)
T868C 000:395.565   Value=0x00038702
T868C 000:395.570 - 0.370ms returns 0
T868C 000:395.579 JLINK_CORESIGHT_WriteAPDPReg(AP reg 0x00, 0x80000002)
T868C 000:395.860 - 0.280ms returns 0
T868C 000:395.865 JLINK_CORESIGHT_WriteAPDPReg(AP reg 0x01, 0x80011140)
T868C 000:396.161 - 0.296ms returns 0
T868C 000:396.166 JLINK_CORESIGHT_ReadAPDPReg(AP reg 0x03)
T868C 000:396.565   Value=0x00000002
T868C 000:396.570 - 0.403ms returns 0
T868C 000:396.575 JLINK_CORESIGHT_WriteAPDPReg(AP reg 0x00, 0x80000002)
T868C 000:396.943 - 0.368ms returns 0
T868C 000:396.949 JLINK_CORESIGHT_WriteAPDPReg(AP reg 0x01, 0x80011120)
T868C 000:397.236 - 0.287ms returns 0
T868C 000:397.241 JLINK_CORESIGHT_WriteAPDPReg(AP reg 0x03, 0x4F010001)
T868C 000:397.569 - 0.328ms returns 0
T868C 000:397.574 JLINK_CORESIGHT_WriteAPDPReg(AP reg 0x00, 0x80000002)
T868C 000:397.859 - 0.284ms returns 0
T868C 000:397.864 JLINK_CORESIGHT_WriteAPDPReg(AP reg 0x01, 0x80011140)
T868C 000:398.194 - 0.329ms returns 0
T868C 000:398.199 JLINK_CORESIGHT_ReadAPDPReg(AP reg 0x03)
T868C 000:398.528   Value=0x00000002
T868C 000:398.533 - 0.333ms returns 0
T868C 000:398.538 JLINK_CORESIGHT_WriteAPDPReg(AP reg 0x00, 0x80000002)
T868C 000:398.834 - 0.296ms returns 0
T868C 000:398.840 JLINK_CORESIGHT_WriteAPDPReg(AP reg 0x01, 0x80011120)
T868C 000:399.161 - 0.321ms returns 0
T868C 000:399.167 JLINK_CORESIGHT_WriteAPDPReg(AP reg 0x03, 0x000003B0)
T868C 000:399.486 - 0.319ms returns 0
T868C 000:399.491 JLINK_CORESIGHT_WriteAPDPReg(AP reg 0x00, 0x80000002)
T868C 000:399.819 - 0.327ms returns 0
T868C 000:399.824 JLINK_CORESIGHT_WriteAPDPReg(AP reg 0x01, 0x80011140)
T868C 000:400.109 - 0.285ms returns 0
T868C 000:400.114 JLINK_CORESIGHT_ReadAPDPReg(AP reg 0x03)
T868C 000:400.465   Value=0x00000002
T868C 000:400.470 - 0.355ms returns 0
T868C 000:400.475 JLINK_CORESIGHT_ReadAPDPReg(AP reg 0x03)
T868C 000:400.834   Value=0x00000002
T868C 000:400.840 - 0.364ms returns 0
T868C 000:400.844 JLINK_CORESIGHT_ReadAPDPReg(AP reg 0x03)
T868C 000:401.387   Value=0x00000002
T868C 000:401.398 - 0.554ms returns 0
T868C 000:401.405 JLINK_CORESIGHT_ReadAPDPReg(AP reg 0x03)
T868C 000:401.818   Value=0x00000002
T868C 000:401.826 - 0.421ms returns 0
T868C 000:401.832 JLINK_CORESIGHT_ReadAPDPReg(AP reg 0x03)
T868C 000:402.192   Value=0x00000002
T868C 000:402.203 - 0.370ms returns 0
T868C 000:402.208 JLINK_CORESIGHT_ReadAPDPReg(AP reg 0x03)
T868C 000:402.564   Value=0x00000002
T868C 000:402.570 - 0.361ms returns 0
T868C 000:402.575 JLINK_CORESIGHT_ReadAPDPReg(AP reg 0x03)
T868C 000:402.940   Value=0x00000002
T868C 000:402.945 - 0.370ms returns 0
T868C 000:402.950 JLINK_CORESIGHT_ReadAPDPReg(AP reg 0x03)
T868C 000:403.314   Value=0x00000002
T868C 000:403.319 - 0.370ms returns 0
T868C 000:403.324 JLINK_CORESIGHT_ReadAPDPReg(AP reg 0x03)
T868C 000:403.632   Value=0x00000002
T868C 000:403.637 - 0.313ms returns 0
T868C 000:403.641 JLINK_CORESIGHT_ReadAPDPReg(AP reg 0x03)
T868C 000:403.991   Value=0x00000002
T868C 000:403.997 - 0.355ms returns 0
T868C 000:404.001 JLINK_CORESIGHT_ReadAPDPReg(AP reg 0x03)
T868C 000:404.314   Value=0x00000000
T868C 000:404.319 - 0.318ms returns 0
T868C 000:404.324 JLINK_CORESIGHT_WriteAPDPReg(AP reg 0x00, 0x80000002)
T868C 000:404.694 - 0.369ms returns 0
T868C 000:404.699 JLINK_CORESIGHT_WriteAPDPReg(AP reg 0x01, 0x80011130)
T868C 000:405.009 - 0.310ms returns 0
T868C 000:405.014 JLINK_CORESIGHT_ReadAPDPReg(AP reg 0x03)
T868C 000:405.340   Value=0x4F0B0081
T868C 000:405.346 - 0.331ms returns 0
T868C 000:405.350 JLINK_CORESIGHT_WriteAPDPReg(AP reg 0x00, 0x80000002)
T868C 000:405.694 - 0.344ms returns 0
T868C 000:405.700 JLINK_CORESIGHT_WriteAPDPReg(AP reg 0x01, 0x80011140)
T868C 000:405.994 - 0.293ms returns 0
T868C 000:406.008 JLINK_CORESIGHT_ReadAPDPReg(AP reg 0x03)
T868C 000:406.377   Value=0x00000000
T868C 000:406.384 - 0.376ms returns 0
T868C 000:406.396 JLINK_CORESIGHT_WriteAPDPReg(AP reg 0x00, 0x80000002)
T868C 000:406.691 - 0.295ms returns 0
T868C 000:406.699 JLINK_CORESIGHT_WriteAPDPReg(AP reg 0x01, 0x80011130)
T868C 000:407.009 - 0.310ms returns 0
T868C 000:407.017 JLINK_CORESIGHT_ReadAPDPReg(AP reg 0x03)
T868C 000:407.361   Value=0xE03F0000
T868C 000:407.366 - 0.349ms returns 0
T868C 000:407.374 JLINK_CORESIGHT_WriteAPDPReg(AP reg 0x00, 0x80000002)
T868C 000:407.694 - 0.320ms returns 0
T868C 000:407.702 JLINK_CORESIGHT_WriteAPDPReg(AP reg 0x01, 0x80011140)
T868C 000:408.342 - 0.640ms returns 0
T868C 000:408.356 JLINK_CORESIGHT_ReadAPDPReg(AP reg 0x03)
T868C 000:408.694   Value=0x00000000
T868C 000:408.699 - 0.343ms returns 0
T868C 000:408.707 JLINK_CORESIGHT_WriteAPDPReg(AP reg 0x00, 0x80000002)
T868C 000:408.986 - 0.278ms returns 0
T868C 000:408.994 JLINK_CORESIGHT_WriteAPDPReg(AP reg 0x01, 0x80011130)
T868C 000:409.319 - 0.324ms returns 0
T868C 000:409.327 JLINK_CORESIGHT_ReadAPDPReg(AP reg 0x03)
T868C 000:409.691   Value=0x00000000
T868C 000:409.697 - 0.369ms returns 0
T868C 000:409.704 JLINK_CORESIGHT_WriteAPDPReg(AP reg 0x00, 0x80000002)
T868C 000:410.065 - 0.361ms returns 0
T868C 000:410.072 JLINK_CORESIGHT_WriteAPDPReg(AP reg 0x01, 0x80011140)
T868C 000:410.384 - 0.311ms returns 0
T868C 000:410.392 JLINK_CORESIGHT_ReadAPDPReg(AP reg 0x03)
T868C 000:410.777   Value=0x00000000
T868C 000:410.782 - 0.390ms returns 0
T868C 000:410.789 JLINK_CORESIGHT_WriteAPDPReg(AP reg 0x00, 0x80000002)
T868C 000:411.092 - 0.303ms returns 0
T868C 000:411.100 JLINK_CORESIGHT_WriteAPDPReg(AP reg 0x01, 0x80011130)
T868C 000:411.444 - 0.344ms returns 0
T868C 000:411.452 JLINK_CORESIGHT_ReadAPDPReg(AP reg 0x03)
T868C 000:411.779   Value=0x03870000
T868C 000:411.784 - 0.331ms returns 0
T868C 000:411.839 JLINK_CORESIGHT_WriteAPDPReg(AP reg 0x00, 0x80000002)
T868C 000:412.134 - 0.294ms returns 0
T868C 000:412.139 JLINK_CORESIGHT_WriteAPDPReg(AP reg 0x01, 0x80011140)
T868C 000:412.443 - 0.304ms returns 0
T868C 000:412.449 JLINK_CORESIGHT_ReadAPDPReg(AP reg 0x03)
T868C 000:412.816   Value=0x00000002
T868C 000:412.821 - 0.372ms returns 0
T868C 000:412.825 JLINK_CORESIGHT_WriteAPDPReg(AP reg 0x00, 0x80000002)
T868C 000:413.109 - 0.283ms returns 0
T868C 000:413.114 JLINK_CORESIGHT_WriteAPDPReg(AP reg 0x01, 0x80011120)
T868C 000:413.443 - 0.329ms returns 0
T868C 000:413.449 JLINK_CORESIGHT_WriteAPDPReg(AP reg 0x03, 0x2C010001)
T868C 000:413.738 - 0.289ms returns 0
T868C 000:413.743 JLINK_CORESIGHT_WriteAPDPReg(AP reg 0x00, 0x80000002)
T868C 000:414.068 - 0.324ms returns 0
T868C 000:414.073 JLINK_CORESIGHT_WriteAPDPReg(AP reg 0x01, 0x80011140)
T868C 000:414.359 - 0.285ms returns 0
T868C 000:414.364 JLINK_CORESIGHT_ReadAPDPReg(AP reg 0x03)
T868C 000:414.715   Value=0x00000002
T868C 000:414.720 - 0.356ms returns 0
T868C 000:414.725 JLINK_CORESIGHT_WriteAPDPReg(AP reg 0x00, 0x80000002)
T868C 000:415.375 - 0.650ms returns 0
T868C 000:415.388 JLINK_CORESIGHT_WriteAPDPReg(AP reg 0x01, 0x80011120)
T868C 000:415.749 - 0.360ms returns 0
T868C 000:415.761 JLINK_CORESIGHT_WriteAPDPReg(AP reg 0x03, 0x000003D3)
T868C 000:416.094 - 0.333ms returns 0
T868C 000:416.100 JLINK_CORESIGHT_WriteAPDPReg(AP reg 0x00, 0x80000002)
T868C 000:416.383 - 0.283ms returns 0
T868C 000:416.389 JLINK_CORESIGHT_WriteAPDPReg(AP reg 0x01, 0x80011140)
T868C 000:416.707 - 0.318ms returns 0
T868C 000:416.712 JLINK_CORESIGHT_ReadAPDPReg(AP reg 0x03)
T868C 000:417.064   Value=0x00000002
T868C 000:417.069 - 0.357ms returns 0
T868C 000:417.074 JLINK_CORESIGHT_ReadAPDPReg(AP reg 0x03)
T868C 000:417.439   Value=0x00000002
T868C 000:417.444 - 0.369ms returns 0
T868C 000:417.449 JLINK_CORESIGHT_ReadAPDPReg(AP reg 0x03)
T868C 000:417.756   Value=0x00000002
T868C 000:417.761 - 0.312ms returns 0
T868C 000:417.766 JLINK_CORESIGHT_ReadAPDPReg(AP reg 0x03)
T868C 000:418.111   Value=0x00000002
T868C 000:418.117 - 0.351ms returns 0
T868C 000:418.122 JLINK_CORESIGHT_ReadAPDPReg(AP reg 0x03)
T868C 000:418.463   Value=0x00000002
T868C 000:418.468 - 0.346ms returns 0
T868C 000:418.473 JLINK_CORESIGHT_ReadAPDPReg(AP reg 0x03)
T868C 000:418.814   Value=0x00000002
T868C 000:418.819 - 0.346ms returns 0
T868C 000:418.824 JLINK_CORESIGHT_ReadAPDPReg(AP reg 0x03)
T868C 000:419.189   Value=0x00000002
T868C 000:419.195 - 0.371ms returns 0
T868C 000:419.200 JLINK_CORESIGHT_ReadAPDPReg(AP reg 0x03)
T868C 000:419.506   Value=0x00000002
T868C 000:419.511 - 0.311ms returns 0
T868C 000:419.516 JLINK_CORESIGHT_ReadAPDPReg(AP reg 0x03)
T868C 000:419.881   Value=0x00000002
T868C 000:419.886 - 0.370ms returns 0
T868C 000:419.891 JLINK_CORESIGHT_ReadAPDPReg(AP reg 0x03)
T868C 000:420.234   Value=0x00000000
T868C 000:420.239 - 0.348ms returns 0
T868C 000:420.244 JLINK_CORESIGHT_WriteAPDPReg(AP reg 0x00, 0x80000002)
T868C 000:420.568 - 0.324ms returns 0
T868C 000:420.574 JLINK_CORESIGHT_WriteAPDPReg(AP reg 0x01, 0x80011130)
T868C 000:420.883 - 0.309ms returns 0
T868C 000:420.888 JLINK_CORESIGHT_ReadAPDPReg(AP reg 0x03)
T868C 000:421.231   Value=0x2C020081
T868C 000:421.237 - 0.348ms returns 0
T868C 000:421.242 JLINK_CORESIGHT_WriteAPDPReg(AP reg 0x00, 0x80000002)
T868C 000:421.569 - 0.326ms returns 0
T868C 000:421.576 JLINK_CORESIGHT_WriteAPDPReg(AP reg 0x01, 0x80011140)
T868C 000:422.126 - 0.549ms returns 0
T868C 000:422.137 JLINK_CORESIGHT_ReadAPDPReg(AP reg 0x03)
T868C 000:422.518   Value=0x00000000
T868C 000:422.526 - 0.389ms returns 0
T868C 000:422.532 JLINK_CORESIGHT_WriteAPDPReg(AP reg 0x00, 0x80000002)
T868C 000:422.858 - 0.325ms returns 0
T868C 000:422.870 JLINK_CORESIGHT_WriteAPDPReg(AP reg 0x01, 0x80011130)
T868C 000:423.237 - 0.367ms returns 0
T868C 000:423.244 JLINK_CORESIGHT_ReadAPDPReg(AP reg 0x03)
T868C 000:423.604   Value=0x0003CE04
T868C 000:423.609 - 0.365ms returns 0
T868C 000:423.617 JLINK_CORESIGHT_WriteAPDPReg(AP reg 0x00, 0x80000002)
T868C 000:423.942 - 0.326ms returns 0
T868C 000:423.948 JLINK_CORESIGHT_WriteAPDPReg(AP reg 0x01, 0x80011140)
T868C 000:424.259 - 0.311ms returns 0
T868C 000:424.264 JLINK_CORESIGHT_ReadAPDPReg(AP reg 0x03)
T868C 000:424.652   Value=0x00000002
T868C 000:424.657 - 0.393ms returns 0
T868C 000:424.662 JLINK_CORESIGHT_WriteAPDPReg(AP reg 0x00, 0x80000002)
T868C 000:424.970 - 0.308ms returns 0
T868C 000:424.975 JLINK_CORESIGHT_WriteAPDPReg(AP reg 0x01, 0x80011120)
T868C 000:425.314 - 0.338ms returns 0
T868C 000:425.319 JLINK_CORESIGHT_WriteAPDPReg(AP reg 0x03, 0x73010001)
T868C 000:425.632 - 0.313ms returns 0
T868C 000:425.637 JLINK_CORESIGHT_WriteAPDPReg(AP reg 0x00, 0x80000002)
T868C 000:425.943 - 0.306ms returns 0
T868C 000:425.949 JLINK_CORESIGHT_WriteAPDPReg(AP reg 0x01, 0x80011140)
T868C 000:426.258 - 0.309ms returns 0
T868C 000:426.264 JLINK_CORESIGHT_ReadAPDPReg(AP reg 0x03)
T868C 000:426.609   Value=0x00000002
T868C 000:426.614 - 0.350ms returns 0
T868C 000:426.619 JLINK_CORESIGHT_WriteAPDPReg(AP reg 0x00, 0x80000002)
T868C 000:426.942 - 0.323ms returns 0
T868C 000:426.948 JLINK_CORESIGHT_WriteAPDPReg(AP reg 0x01, 0x80011120)
T868C 000:427.280 - 0.332ms returns 0
T868C 000:427.286 JLINK_CORESIGHT_WriteAPDPReg(AP reg 0x03, 0x0000038C)
T868C 000:427.612 - 0.326ms returns 0
T868C 000:427.617 JLINK_CORESIGHT_WriteAPDPReg(AP reg 0x00, 0x80000002)
T868C 000:427.943 - 0.325ms returns 0
T868C 000:427.948 JLINK_CORESIGHT_WriteAPDPReg(AP reg 0x01, 0x80011140)
T868C 000:428.236 - 0.287ms returns 0
T868C 000:428.241 JLINK_CORESIGHT_ReadAPDPReg(AP reg 0x03)
T868C 000:428.589   Value=0x00000002
T868C 000:428.594 - 0.353ms returns 0
T868C 000:428.599 JLINK_CORESIGHT_ReadAPDPReg(AP reg 0x03)
T868C 000:429.344   Value=0x00000002
T868C 000:429.355 - 0.756ms returns 0
T868C 000:429.361 JLINK_CORESIGHT_ReadAPDPReg(AP reg 0x03)
T868C 000:429.743   Value=0x00000002
T868C 000:429.749 - 0.387ms returns 0
T868C 000:429.754 JLINK_CORESIGHT_ReadAPDPReg(AP reg 0x03)
T868C 000:430.131   Value=0x00000002
T868C 000:430.140 - 0.386ms returns 0
T868C 000:430.145 JLINK_CORESIGHT_ReadAPDPReg(AP reg 0x03)
T868C 000:430.525   Value=0x00000002
T868C 000:430.531 - 0.386ms returns 0
T868C 000:430.536 JLINK_CORESIGHT_ReadAPDPReg(AP reg 0x03)
T868C 000:430.864   Value=0x00000002
T868C 000:430.869 - 0.333ms returns 0
T868C 000:430.874 JLINK_CORESIGHT_ReadAPDPReg(AP reg 0x03)
T868C 000:431.277   Value=0x00000002
T868C 000:431.282 - 0.408ms returns 0
T868C 000:431.287 JLINK_CORESIGHT_ReadAPDPReg(AP reg 0x03)
T868C 000:431.589   Value=0x00000002
T868C 000:431.594 - 0.307ms returns 0
T868C 000:431.599 JLINK_CORESIGHT_ReadAPDPReg(AP reg 0x03)
T868C 000:431.943   Value=0x00000002
T868C 000:431.948 - 0.349ms returns 0
T868C 000:431.953 JLINK_CORESIGHT_ReadAPDPReg(AP reg 0x03)
T868C 000:432.277   Value=0x00000000
T868C 000:432.282 - 0.329ms returns 0
T868C 000:432.287 JLINK_CORESIGHT_WriteAPDPReg(AP reg 0x00, 0x80000002)
T868C 000:432.593 - 0.305ms returns 0
T868C 000:432.599 JLINK_CORESIGHT_WriteAPDPReg(AP reg 0x01, 0x80011130)
T868C 000:432.939 - 0.340ms returns 0
T868C 000:432.944 JLINK_CORESIGHT_ReadAPDPReg(AP reg 0x03)
T868C 000:433.314   Value=0x73020081
T868C 000:433.319 - 0.375ms returns 0
T868C 000:433.324 JLINK_CORESIGHT_WriteAPDPReg(AP reg 0x00, 0x80000002)
T868C 000:433.637 - 0.313ms returns 0
T868C 000:433.643 JLINK_CORESIGHT_WriteAPDPReg(AP reg 0x01, 0x80011140)
T868C 000:433.985 - 0.342ms returns 0
T868C 000:433.991 JLINK_CORESIGHT_ReadAPDPReg(AP reg 0x03)
T868C 000:434.379   Value=0x00000000
T868C 000:434.390 - 0.399ms returns 0
T868C 000:434.396 JLINK_CORESIGHT_WriteAPDPReg(AP reg 0x00, 0x80000002)
T868C 000:434.695 - 0.298ms returns 0
T868C 000:434.701 JLINK_CORESIGHT_WriteAPDPReg(AP reg 0x01, 0x80011130)
T868C 000:435.009 - 0.308ms returns 0
T868C 000:435.014 JLINK_CORESIGHT_ReadAPDPReg(AP reg 0x03)
T868C 000:435.362   Value=0x00038902
T868C 000:435.367 - 0.353ms returns 0
T868C 000:435.373 JLINK_CORESIGHT_WriteAPDPReg(AP reg 0x00, 0x80000002)
T868C 000:436.105 - 0.731ms returns 0
T868C 000:436.117 JLINK_CORESIGHT_WriteAPDPReg(AP reg 0x01, 0x80011140)
T868C 000:436.442 - 0.325ms returns 0
T868C 000:436.454 JLINK_CORESIGHT_ReadAPDPReg(AP reg 0x03)
T868C 000:436.857   Value=0x00000002
T868C 000:436.865 - 0.410ms returns 0
T868C 000:436.871 JLINK_CORESIGHT_WriteAPDPReg(AP reg 0x00, 0x80000002)
T868C 000:437.213 - 0.342ms returns 0
T868C 000:437.228 JLINK_CORESIGHT_WriteAPDPReg(AP reg 0x01, 0x80011120)
T868C 000:437.568 - 0.340ms returns 0
T868C 000:437.576 JLINK_CORESIGHT_WriteAPDPReg(AP reg 0x03, 0x75010001)
T868C 000:437.943 - 0.366ms returns 0
T868C 000:437.956 JLINK_CORESIGHT_WriteAPDPReg(AP reg 0x00, 0x80000002)
T868C 000:438.260 - 0.303ms returns 0
T868C 000:438.268 JLINK_CORESIGHT_WriteAPDPReg(AP reg 0x01, 0x80011140)
T868C 000:438.568 - 0.299ms returns 0
T868C 000:438.576 JLINK_CORESIGHT_ReadAPDPReg(AP reg 0x03)
T868C 000:438.940   Value=0x00000002
T868C 000:438.945 - 0.369ms returns 0
T868C 000:438.953 JLINK_CORESIGHT_WriteAPDPReg(AP reg 0x00, 0x80000002)
T868C 000:439.236 - 0.282ms returns 0
T868C 000:439.243 JLINK_CORESIGHT_WriteAPDPReg(AP reg 0x01, 0x80011120)
T868C 000:439.568 - 0.324ms returns 0
T868C 000:439.576 JLINK_CORESIGHT_WriteAPDPReg(AP reg 0x03, 0x0000038A)
T868C 000:439.883 - 0.307ms returns 0
T868C 000:439.892 JLINK_CORESIGHT_WriteAPDPReg(AP reg 0x00, 0x80000002)
T868C 000:440.253 - 0.361ms returns 0
T868C 000:440.262 JLINK_CORESIGHT_WriteAPDPReg(AP reg 0x01, 0x80011140)
T868C 000:440.536 - 0.273ms returns 0
T868C 000:440.543 JLINK_CORESIGHT_ReadAPDPReg(AP reg 0x03)
T868C 000:440.887   Value=0x00000002
T868C 000:440.893 - 0.349ms returns 0
T868C 000:440.900 JLINK_CORESIGHT_ReadAPDPReg(AP reg 0x03)
T868C 000:441.235   Value=0x00000002
T868C 000:441.240 - 0.340ms returns 0
T868C 000:441.247 JLINK_CORESIGHT_ReadAPDPReg(AP reg 0x03)
T868C 000:441.589   Value=0x00000002
T868C 000:441.594 - 0.346ms returns 0
T868C 000:441.602 JLINK_CORESIGHT_ReadAPDPReg(AP reg 0x03)
T868C 000:441.940   Value=0x00000002
T868C 000:441.949 - 0.347ms returns 0
T868C 000:441.958 JLINK_CORESIGHT_ReadAPDPReg(AP reg 0x03)
T868C 000:442.277   Value=0x00000002
T868C 000:442.282 - 0.324ms returns 0
T868C 000:442.289 JLINK_CORESIGHT_ReadAPDPReg(AP reg 0x03)
T868C 000:442.905   Value=0x00000002
T868C 000:442.916 - 0.626ms returns 0
T868C 000:442.926 JLINK_CORESIGHT_ReadAPDPReg(AP reg 0x03)
T868C 000:443.336   Value=0x00000002
T868C 000:443.346 - 0.420ms returns 0
T868C 000:443.355 JLINK_CORESIGHT_ReadAPDPReg(AP reg 0x03)
T868C 000:443.691   Value=0x00000000
T868C 000:443.697 - 0.342ms returns 0
T868C 000:443.705 JLINK_CORESIGHT_WriteAPDPReg(AP reg 0x00, 0x80000002)
T868C 000:444.009 - 0.304ms returns 0
T868C 000:444.017 JLINK_CORESIGHT_WriteAPDPReg(AP reg 0x01, 0x80011130)
T868C 000:444.319 - 0.301ms returns 0
T868C 000:444.326 JLINK_CORESIGHT_ReadAPDPReg(AP reg 0x03)
T868C 000:444.692   Value=0x75020081
T868C 000:444.697 - 0.371ms returns 0
T868C 000:444.705 JLINK_CORESIGHT_WriteAPDPReg(AP reg 0x00, 0x80000002)
T868C 000:444.983 - 0.278ms returns 0
T868C 000:444.991 JLINK_CORESIGHT_WriteAPDPReg(AP reg 0x01, 0x80011140)
T868C 000:445.318 - 0.327ms returns 0
T868C 000:445.326 JLINK_CORESIGHT_ReadAPDPReg(AP reg 0x03)
T868C 000:445.654   Value=0x00000000
T868C 000:445.659 - 0.332ms returns 0
T868C 000:445.665 JLINK_CORESIGHT_WriteAPDPReg(AP reg 0x00, 0x80000002)
T868C 000:445.969 - 0.304ms returns 0
T868C 000:445.977 JLINK_CORESIGHT_WriteAPDPReg(AP reg 0x01, 0x80011130)
T868C 000:446.314 - 0.337ms returns 0
T868C 000:446.323 JLINK_CORESIGHT_ReadAPDPReg(AP reg 0x03)
T868C 000:446.691   Value=0x00038702
T868C 000:446.697 - 0.373ms returns 0
T868C 000:446.815 JLINK_CORESIGHT_WriteAPDPReg(AP reg 0x00, 0x80000002)
T868C 000:447.129 - 0.313ms returns 0
T868C 000:447.135 JLINK_CORESIGHT_WriteAPDPReg(AP reg 0x01, 0x80011140)
T868C 000:447.462 - 0.327ms returns 0
T868C 000:447.467 JLINK_CORESIGHT_ReadAPDPReg(AP reg 0x03)
T868C 000:447.814   Value=0x00000002
T868C 000:447.819 - 0.352ms returns 0
T868C 000:447.824 JLINK_CORESIGHT_WriteAPDPReg(AP reg 0x00, 0x80000002)
T868C 000:448.133 - 0.309ms returns 0
T868C 000:448.139 JLINK_CORESIGHT_WriteAPDPReg(AP reg 0x01, 0x80011120)
T868C 000:448.443 - 0.304ms returns 0
T868C 000:448.448 JLINK_CORESIGHT_WriteAPDPReg(AP reg 0x03, 0x4F010001)
T868C 000:448.758 - 0.309ms returns 0
T868C 000:448.763 JLINK_CORESIGHT_WriteAPDPReg(AP reg 0x00, 0x80000002)
T868C 000:449.067 - 0.304ms returns 0
T868C 000:449.073 JLINK_CORESIGHT_WriteAPDPReg(AP reg 0x01, 0x80011140)
T868C 000:449.384 - 0.311ms returns 0
T868C 000:449.389 JLINK_CORESIGHT_ReadAPDPReg(AP reg 0x03)
T868C 000:450.077   Value=0x00000002
T868C 000:450.087 - 0.697ms returns 0
T868C 000:450.093 JLINK_CORESIGHT_WriteAPDPReg(AP reg 0x00, 0x80000002)
T868C 000:450.447 - 0.354ms returns 0
T868C 000:450.454 JLINK_CORESIGHT_WriteAPDPReg(AP reg 0x01, 0x80011120)
T868C 000:450.823 - 0.369ms returns 0
T868C 000:450.835 JLINK_CORESIGHT_WriteAPDPReg(AP reg 0x03, 0x000003B0)
T868C 000:451.139 - 0.304ms returns 0
T868C 000:451.146 JLINK_CORESIGHT_WriteAPDPReg(AP reg 0x00, 0x80000002)
T868C 000:451.463 - 0.317ms returns 0
T868C 000:451.468 JLINK_CORESIGHT_WriteAPDPReg(AP reg 0x01, 0x80011140)
T868C 000:451.758 - 0.290ms returns 0
T868C 000:451.764 JLINK_CORESIGHT_ReadAPDPReg(AP reg 0x03)
T868C 000:452.132   Value=0x00000000
T868C 000:452.138 - 0.374ms returns 0
T868C 000:452.143 JLINK_CORESIGHT_WriteAPDPReg(AP reg 0x00, 0x80000002)
T868C 000:452.483 - 0.340ms returns 0
T868C 000:452.489 JLINK_CORESIGHT_WriteAPDPReg(AP reg 0x01, 0x80011130)
T868C 000:452.818 - 0.329ms returns 0
T868C 000:452.823 JLINK_CORESIGHT_ReadAPDPReg(AP reg 0x03)
T868C 000:453.153   Value=0x4F0B0081
T868C 000:453.158 - 0.335ms returns 0
T868C 000:453.163 JLINK_CORESIGHT_WriteAPDPReg(AP reg 0x00, 0x80000002)
T868C 000:453.468 - 0.305ms returns 0
T868C 000:453.474 JLINK_CORESIGHT_WriteAPDPReg(AP reg 0x01, 0x80011140)
T868C 000:453.786 - 0.312ms returns 0
T868C 000:453.792 JLINK_CORESIGHT_ReadAPDPReg(AP reg 0x03)
T868C 000:454.135   Value=0x00000000
T868C 000:454.144 - 0.352ms returns 0
T868C 000:454.149 JLINK_CORESIGHT_WriteAPDPReg(AP reg 0x00, 0x80000002)
T868C 000:454.483 - 0.334ms returns 0
T868C 000:454.489 JLINK_CORESIGHT_WriteAPDPReg(AP reg 0x01, 0x80011130)
T868C 000:454.818 - 0.329ms returns 0
T868C 000:454.824 JLINK_CORESIGHT_ReadAPDPReg(AP reg 0x03)
T868C 000:455.152   Value=0xE03F0000
T868C 000:455.158 - 0.334ms returns 0
T868C 000:455.162 JLINK_CORESIGHT_WriteAPDPReg(AP reg 0x00, 0x80000002)
T868C 000:455.467 - 0.304ms returns 0
T868C 000:455.472 JLINK_CORESIGHT_WriteAPDPReg(AP reg 0x01, 0x80011140)
T868C 000:455.817 - 0.345ms returns 0
T868C 000:455.823 JLINK_CORESIGHT_ReadAPDPReg(AP reg 0x03)
T868C 000:456.152   Value=0x00000000
T868C 000:456.157 - 0.334ms returns 0
T868C 000:456.162 JLINK_CORESIGHT_WriteAPDPReg(AP reg 0x00, 0x80000002)
T868C 000:456.900 - 0.737ms returns 0
T868C 000:456.912 JLINK_CORESIGHT_WriteAPDPReg(AP reg 0x01, 0x80011130)
T868C 000:457.262 - 0.350ms returns 0
T868C 000:457.270 JLINK_CORESIGHT_ReadAPDPReg(AP reg 0x03)
T868C 000:457.620   Value=0x00000000
T868C 000:457.625 - 0.355ms returns 0
T868C 000:457.631 JLINK_CORESIGHT_WriteAPDPReg(AP reg 0x00, 0x80000002)
T868C 000:457.951 - 0.320ms returns 0
T868C 000:457.956 JLINK_CORESIGHT_WriteAPDPReg(AP reg 0x01, 0x80011140)
T868C 000:458.361 - 0.404ms returns 0
T868C 000:458.367 JLINK_CORESIGHT_ReadAPDPReg(AP reg 0x03)
T868C 000:458.715   Value=0x00000000
T868C 000:458.720 - 0.353ms returns 0
T868C 000:458.725 JLINK_CORESIGHT_WriteAPDPReg(AP reg 0x00, 0x80000002)
T868C 000:459.035 - 0.310ms returns 0
T868C 000:459.041 JLINK_CORESIGHT_WriteAPDPReg(AP reg 0x01, 0x80011130)
T868C 000:459.343 - 0.302ms returns 0
T868C 000:459.349 JLINK_CORESIGHT_ReadAPDPReg(AP reg 0x03)
T868C 000:459.735   Value=0x03870000
T868C 000:459.740 - 0.391ms returns 0
T868C 000:459.749 JLINK_CORESIGHT_ReadAPDPReg(DP reg 0x01)
T868C 000:460.068   Value=0xF0000F40
T868C 000:460.073 - 0.324ms returns 0
T868C 000:460.077 JLINK_CORESIGHT_WriteAPDPReg(DP reg 0x01, 0xA0000F40)
T868C 000:460.444 - 0.366ms returns 0
T868C 000:460.449 JLINK_CORESIGHT_ReadAPDPReg(DP reg 0x01)
T868C 000:460.735   Value=0x00000F40
T868C 000:460.741 - 0.291ms returns 0
T868C 000:460.745 JLINK_ClrRESET()
T868C 000:461.309 - 0.564ms 
T868C 000:566.967 JLINK_Close()
T868C 000:570.725 - 3.757ms
T868C 000:570.738   
T868C 000:570.741   Closed
