T7868 000:001.051   SEGGER J-Link V9.14a Log File
T7868 000:001.144   DLL Compiled: Jan 28 2026 17:11:52
T7868 000:001.148   Logging started @ 2026-08-21 08:55
T7868 000:001.152   Process: C:\Users\qq292\.eclipse\com.renesas.platform_275973119\DebugComp\RA\e2-server-gdb.exe
T7868 000:001.160 - 1.156ms 
T7868 000:001.171 JLINK_GetDLLVersion()
T7868 000:001.175 - 0.004ms returns 91401
T7868 000:002.804 JLINK_OpenEx(...)
T7868 000:009.131   Firmware: J-Link Pro V4 V11 PLUS Feb compiled 20 2025 16:24:17 
T7868 000:010.293   Firmware: J-Link Pro V4 V11 PLUS Feb compiled 20 2025 16:24:17 
T7868 000:010.412   Decompressing FW timestamp took 89 us
T7868 000:012.663   Hardware: V11.00
T7868 000:012.675   S/N: 601023993
T7868 000:012.680   OEM: SEGGER
T7868 000:012.685   Feature(s): FlashBP, GDB, JFlash, FlashDL, RDI
T7868 000:013.573   Bootloader: (FW returned invalid version)
T7868 000:014.169   USB speed mode: High speed (480 MBit/s)
T7868 000:014.640   TELNET listener socket opened on port 19021
T7868 000:014.741   WEBSRV WEBSRV_Init(): Starting webserver thread(s)
T7868 000:014.906   WEBSRV Webserver running on local port 19080
T7868 000:014.988   Looking for J-Link GUI Server exe at: C:\Users\qq292\.eclipse\com.renesas.platform_275973119\DebugComp\RA\ARM\Segger_v9.14.1\JLinkGUIServer.exe
T7868 000:015.044   Looking for J-Link GUI Server exe at: D:\Single-chip\STLINK\JLink\JLink_V796\JLinkGUIServer.exe
T7868 000:015.054   Forking J-Link GUI Server: D:\Single-chip\STLINK\JLink\JLink_V796\JLinkGUIServer.exe
T7868 000:031.014   J-Link GUI Server info: "J-Link GUI server V7.96 "
T7868 000:033.971 - 31.163ms returns "O.K."
T7868 000:034.044 JLINK_TIF_Select(JLINKARM_TIF_SWD)
T7868 000:035.270 - 1.225ms returns 0x00
T7868 000:035.295 JLINK_ClrRESET()
T7868 000:035.868 - 0.573ms 
T7868 000:086.382 JLINK_SetSpeed(1500)
T7868 000:086.683 - 0.303ms 
T7868 000:086.697 JLINK_CORESIGHT_Configure(PerformTIFInit=0)
T7868 000:087.123 - 0.426ms returns 0
T7868 000:087.183 JLINK_CORESIGHT_ReadAPDPReg(DP reg 0x00)
T7868 000:087.723   Value=0x6BA02477
T7868 000:087.734 - 0.553ms returns 0
T7868 000:087.742 JLINK_CORESIGHT_WriteAPDPReg(DP reg 0x00, 0x0000001F)
T7868 000:088.134 - 0.392ms returns 0
T7868 000:088.146 JLINK_CORESIGHT_ReadAPDPReg(DP reg 0x00)
T7868 000:088.505   Value=0x6BA02477
T7868 000:088.511 - 0.365ms returns 0
T7868 000:088.517 JLINK_CORESIGHT_WriteAPDPReg(DP reg 0x02, 0x00000000)
T7868 000:088.877 - 0.360ms returns 0
T7868 000:088.885 JLINK_CORESIGHT_WriteAPDPReg(DP reg 0x01, 0x50000000)
T7868 000:089.248 - 0.362ms returns 0
T7868 000:089.261 JLINK_CORESIGHT_ReadAPDPReg(DP reg 0x01)
T7868 000:089.649   Value=0xF0000040
T7868 000:089.658 - 0.397ms returns 0
T7868 000:089.663 JLINK_CORESIGHT_WriteAPDPReg(DP reg 0x00, 0x0000001F)
T7868 000:090.004 - 0.339ms returns 0
T7868 000:090.026 JLINK_CORESIGHT_ReadAPDPReg(DP reg 0x00)
T7868 000:090.353   Value=0x6BA02477
T7868 000:090.358 - 0.331ms returns 0
T7868 000:090.363 JLINK_CORESIGHT_WriteAPDPReg(DP reg 0x01, 0x54000000)
T7868 000:090.671 - 0.308ms returns 0
T7868 000:090.677 JLINK_CORESIGHT_WriteAPDPReg(DP reg 0x01, 0x50000F00)
T7868 000:091.031 - 0.353ms returns 0
T7868 000:091.068 JLINK_CORESIGHT_WriteAPDPReg(DP reg 0x02, 0x01000000)
T7868 000:091.351 - 0.285ms returns 0
T7868 000:091.357 JLINK_CORESIGHT_WriteAPDPReg(AP reg 0x00, 0x80000002)
T7868 000:091.679 - 0.321ms returns 0
T7868 000:091.716 JLINK_CORESIGHT_WriteAPDPReg(AP reg 0x01, 0x80011100)
T7868 000:092.026 - 0.311ms returns 0
T7868 000:092.032 JLINK_CORESIGHT_WriteAPDPReg(AP reg 0x03, 0x000000A5)
T7868 000:092.395 - 0.361ms returns 0
T7868 000:092.408 JLINK_CORESIGHT_WriteAPDPReg(AP reg 0x00, 0x80000002)
T7868 000:092.697 - 0.289ms returns 0
T7868 000:092.703 JLINK_CORESIGHT_WriteAPDPReg(AP reg 0x01, 0x80011100)
T7868 000:092.999 - 0.295ms returns 0
T7868 000:093.004 JLINK_CORESIGHT_ReadAPDPReg(AP reg 0x03)
T7868 000:093.391   Value=0x000000A5
T7868 000:093.397 - 0.392ms returns 0
T7868 000:093.402 JLINK_ClrTMS()
T7868 000:093.657 - 0.255ms 
T7868 000:099.404 JLINK_SetTCK()
T7868 000:099.715 - 0.310ms returns 0
T7868 000:105.383 JLINK_SetRESET()
T7868 000:105.647 - 0.263ms 
T7868 000:306.376 JLINK_CORESIGHT_WriteAPDPReg(AP reg 0x00, 0x80000002)
T7868 000:306.883 - 0.506ms returns 0
T7868 000:306.901 JLINK_CORESIGHT_WriteAPDPReg(AP reg 0x01, 0x80011100)
T7868 000:307.463 - 0.562ms returns 0
T7868 000:307.477 JLINK_CORESIGHT_ReadAPDPReg(AP reg 0x03)
T7868 000:307.948   Value=0x00000000
T7868 000:307.954 - 0.477ms returns 0
T7868 000:307.961 JLINK_CORESIGHT_WriteAPDPReg(AP reg 0x00, 0x80000002)
T7868 000:308.394 - 0.433ms returns 0
T7868 000:308.401 JLINK_CORESIGHT_WriteAPDPReg(AP reg 0x01, 0x80011140)
T7868 000:308.759 - 0.358ms returns 0
T7868 000:308.766 JLINK_CORESIGHT_ReadAPDPReg(AP reg 0x03)
T7868 000:309.101   Value=0x00000002
T7868 000:309.106 - 0.340ms returns 0
T7868 000:309.111 JLINK_CORESIGHT_WriteAPDPReg(AP reg 0x00, 0x80000002)
T7868 000:309.421 - 0.309ms returns 0
T7868 000:309.427 JLINK_CORESIGHT_WriteAPDPReg(AP reg 0x01, 0x80011120)
T7868 000:309.730 - 0.303ms returns 0
T7868 000:309.735 JLINK_CORESIGHT_WriteAPDPReg(AP reg 0x03, 0x00000055)
T7868 000:310.462 - 0.726ms returns 0
T7868 000:310.475 JLINK_CORESIGHT_WriteAPDPReg(AP reg 0x00, 0x80000002)
T7868 000:310.772 - 0.298ms returns 0
T7868 000:310.779 JLINK_CORESIGHT_WriteAPDPReg(AP reg 0x01, 0x80011140)
T7868 000:311.105 - 0.326ms returns 0
T7868 000:311.111 JLINK_CORESIGHT_ReadAPDPReg(AP reg 0x03)
T7868 000:311.440   Value=0x00000002
T7868 000:311.446 - 0.335ms returns 0
T7868 000:311.452 JLINK_CORESIGHT_ReadAPDPReg(AP reg 0x03)
T7868 000:311.819   Value=0x00000002
T7868 000:311.824 - 0.372ms returns 0
T7868 000:311.829 JLINK_CORESIGHT_ReadAPDPReg(AP reg 0x03)
T7868 000:312.125   Value=0x00000002
T7868 000:312.131 - 0.301ms returns 0
T7868 000:312.135 JLINK_CORESIGHT_ReadAPDPReg(AP reg 0x03)
T7868 000:312.476   Value=0x00000002
T7868 000:312.481 - 0.345ms returns 0
T7868 000:312.486 JLINK_CORESIGHT_ReadAPDPReg(AP reg 0x03)
T7868 000:312.852   Value=0x00000002
T7868 000:312.858 - 0.371ms returns 0
T7868 000:312.863 JLINK_CORESIGHT_ReadAPDPReg(AP reg 0x03)
T7868 000:313.168   Value=0x00000002
T7868 000:313.173 - 0.310ms returns 0
T7868 000:313.178 JLINK_CORESIGHT_ReadAPDPReg(AP reg 0x03)
T7868 000:313.523   Value=0x00000002
T7868 000:313.529 - 0.350ms returns 0
T7868 000:313.533 JLINK_CORESIGHT_ReadAPDPReg(AP reg 0x03)
T7868 000:313.892   Value=0x00000002
T7868 000:313.897 - 0.363ms returns 0
T7868 000:313.902 JLINK_CORESIGHT_ReadAPDPReg(AP reg 0x03)
T7868 000:314.245   Value=0x00000002
T7868 000:314.251 - 0.349ms returns 0
T7868 000:314.256 JLINK_CORESIGHT_ReadAPDPReg(AP reg 0x03)
T7868 000:314.620   Value=0x00000002
T7868 000:314.625 - 0.370ms returns 0
T7868 000:314.630 JLINK_CORESIGHT_ReadAPDPReg(AP reg 0x03)
T7868 000:314.996   Value=0x00000002
T7868 000:315.001 - 0.371ms returns 0
T7868 000:315.006 JLINK_CORESIGHT_ReadAPDPReg(AP reg 0x03)
T7868 000:315.397   Value=0x00000002
T7868 000:315.417 - 0.411ms returns 0
T7868 000:315.422 JLINK_CORESIGHT_ReadAPDPReg(AP reg 0x03)
T7868 000:315.730   Value=0x00000002
T7868 000:315.735 - 0.313ms returns 0
T7868 000:315.740 JLINK_CORESIGHT_ReadAPDPReg(AP reg 0x03)
T7868 000:316.101   Value=0x00000002
T7868 000:316.106 - 0.366ms returns 0
T7868 000:316.111 JLINK_CORESIGHT_ReadAPDPReg(AP reg 0x03)
T7868 000:316.481   Value=0x00000002
T7868 000:316.489 - 0.378ms returns 0
T7868 000:316.496 JLINK_CORESIGHT_ReadAPDPReg(AP reg 0x03)
T7868 000:317.303   Value=0x00000002
T7868 000:317.315 - 0.818ms returns 0
T7868 000:317.321 JLINK_CORESIGHT_ReadAPDPReg(AP reg 0x03)
T7868 000:317.728   Value=0x00000002
T7868 000:317.885 - 0.564ms returns 0
T7868 000:317.896 JLINK_CORESIGHT_ReadAPDPReg(AP reg 0x03)
T7868 000:318.267   Value=0x00000002
T7868 000:318.273 - 0.378ms returns 0
T7868 000:318.282 JLINK_CORESIGHT_ReadAPDPReg(AP reg 0x03)
T7868 000:318.626   Value=0x00000002
T7868 000:318.632 - 0.350ms returns 0
T7868 000:318.640 JLINK_CORESIGHT_ReadAPDPReg(AP reg 0x03)
T7868 000:319.001   Value=0x00000002
T7868 000:319.011 - 0.371ms returns 0
T7868 000:319.019 JLINK_CORESIGHT_ReadAPDPReg(AP reg 0x03)
T7868 000:319.371   Value=0x00000002
T7868 000:319.376 - 0.357ms returns 0
T7868 000:319.384 JLINK_CORESIGHT_ReadAPDPReg(AP reg 0x03)
T7868 000:319.772   Value=0x00000002
T7868 000:319.778 - 0.393ms returns 0
T7868 000:319.785 JLINK_CORESIGHT_ReadAPDPReg(AP reg 0x03)
T7868 000:320.123   Value=0x00000002
T7868 000:320.128 - 0.343ms returns 0
T7868 000:320.136 JLINK_CORESIGHT_ReadAPDPReg(AP reg 0x03)
T7868 000:320.544   Value=0x00000002
T7868 000:320.549 - 0.413ms returns 0
T7868 000:320.557 JLINK_CORESIGHT_ReadAPDPReg(AP reg 0x03)
T7868 000:320.910   Value=0x00000002
T7868 000:320.937 - 0.380ms returns 0
T7868 000:320.945 JLINK_CORESIGHT_ReadAPDPReg(AP reg 0x03)
T7868 000:321.273   Value=0x00000002
T7868 000:321.278 - 0.333ms returns 0
T7868 000:321.286 JLINK_CORESIGHT_ReadAPDPReg(AP reg 0x03)
T7868 000:321.668   Value=0x00000002
T7868 000:321.673 - 0.387ms returns 0
T7868 000:321.681 JLINK_CORESIGHT_ReadAPDPReg(AP reg 0x03)
T7868 000:322.035   Value=0x00000000
T7868 000:322.064 - 0.382ms returns 0
T7868 000:322.072 JLINK_CORESIGHT_WriteAPDPReg(AP reg 0x00, 0x80000002)
T7868 000:322.379 - 0.307ms returns 0
T7868 000:322.388 JLINK_CORESIGHT_WriteAPDPReg(AP reg 0x01, 0x80011130)
T7868 000:322.697 - 0.309ms returns 0
T7868 000:322.705 JLINK_CORESIGHT_ReadAPDPReg(AP reg 0x03)
T7868 000:323.052   Value=0x000000C6
T7868 000:323.057 - 0.352ms returns 0
T7868 000:323.074 JLINK_CORESIGHT_WriteAPDPReg(AP reg 0x00, 0x80000002)
T7868 000:323.370 - 0.296ms returns 0
T7868 000:323.378 JLINK_CORESIGHT_WriteAPDPReg(AP reg 0x01, 0x80011140)
T7868 000:324.313 - 0.935ms returns 0
T7868 000:324.331 JLINK_CORESIGHT_ReadAPDPReg(AP reg 0x03)
T7868 000:324.746   Value=0x00000002
T7868 000:324.758 - 0.427ms returns 0
T7868 000:324.769 JLINK_CORESIGHT_WriteAPDPReg(AP reg 0x00, 0x80000002)
T7868 000:325.105 - 0.335ms returns 0
T7868 000:325.116 JLINK_CORESIGHT_WriteAPDPReg(AP reg 0x01, 0x80011120)
T7868 000:325.395 - 0.279ms returns 0
T7868 000:325.404 JLINK_CORESIGHT_WriteAPDPReg(AP reg 0x03, 0x3A010001)
T7868 000:325.729 - 0.325ms returns 0
T7868 000:325.741 JLINK_CORESIGHT_WriteAPDPReg(AP reg 0x00, 0x80000002)
T7868 000:326.022 - 0.280ms returns 0
T7868 000:326.030 JLINK_CORESIGHT_WriteAPDPReg(AP reg 0x01, 0x80011140)
T7868 000:326.354 - 0.324ms returns 0
T7868 000:326.366 JLINK_CORESIGHT_ReadAPDPReg(AP reg 0x03)
T7868 000:326.684   Value=0x00000002
T7868 000:326.689 - 0.323ms returns 0
T7868 000:326.697 JLINK_CORESIGHT_WriteAPDPReg(AP reg 0x00, 0x80000002)
T7868 000:327.034 - 0.337ms returns 0
T7868 000:327.043 JLINK_CORESIGHT_WriteAPDPReg(AP reg 0x01, 0x80011120)
T7868 000:327.355 - 0.312ms returns 0
T7868 000:327.363 JLINK_CORESIGHT_WriteAPDPReg(AP reg 0x03, 0x000003C5)
T7868 000:327.647 - 0.283ms returns 0
T7868 000:327.655 JLINK_CORESIGHT_WriteAPDPReg(AP reg 0x00, 0x80000002)
T7868 000:327.976 - 0.321ms returns 0
T7868 000:327.984 JLINK_CORESIGHT_WriteAPDPReg(AP reg 0x01, 0x80011140)
T7868 000:328.270 - 0.286ms returns 0
T7868 000:328.278 JLINK_CORESIGHT_ReadAPDPReg(AP reg 0x03)
T7868 000:328.642   Value=0x00000000
T7868 000:328.647 - 0.369ms returns 0
T7868 000:328.655 JLINK_CORESIGHT_WriteAPDPReg(AP reg 0x00, 0x80000002)
T7868 000:328.975 - 0.320ms returns 0
T7868 000:328.984 JLINK_CORESIGHT_WriteAPDPReg(AP reg 0x01, 0x80011130)
T7868 000:329.295 - 0.311ms returns 0
T7868 000:329.303 JLINK_CORESIGHT_ReadAPDPReg(AP reg 0x03)
T7868 000:329.726   Value=0x3A2A0081
T7868 000:329.732 - 0.428ms returns 0
T7868 000:329.740 JLINK_CORESIGHT_WriteAPDPReg(AP reg 0x00, 0x80000002)
T7868 000:330.044 - 0.303ms returns 0
T7868 000:330.052 JLINK_CORESIGHT_WriteAPDPReg(AP reg 0x01, 0x80011140)
T7868 000:330.369 - 0.317ms returns 0
T7868 000:330.378 JLINK_CORESIGHT_ReadAPDPReg(AP reg 0x03)
T7868 000:331.230   Value=0x00000000
T7868 000:331.242 - 0.864ms returns 0
T7868 000:331.254 JLINK_CORESIGHT_WriteAPDPReg(AP reg 0x00, 0x80000002)
T7868 000:331.662 - 0.407ms returns 0
T7868 000:331.677 JLINK_CORESIGHT_WriteAPDPReg(AP reg 0x01, 0x80011130)
T7868 000:332.249 - 0.571ms returns 0
T7868 000:332.263 JLINK_CORESIGHT_ReadAPDPReg(AP reg 0x03)
T7868 000:332.664   Value=0x808D5B00
T7868 000:332.676 - 0.412ms returns 0
T7868 000:332.687 JLINK_CORESIGHT_WriteAPDPReg(AP reg 0x00, 0x80000002)
T7868 000:333.126 - 0.439ms returns 0
T7868 000:333.141 JLINK_CORESIGHT_WriteAPDPReg(AP reg 0x01, 0x80011140)
T7868 000:333.524 - 0.383ms returns 0
T7868 000:333.543 JLINK_CORESIGHT_ReadAPDPReg(AP reg 0x03)
T7868 000:333.897   Value=0x00000000
T7868 000:333.903 - 0.360ms returns 0
T7868 000:333.911 JLINK_CORESIGHT_WriteAPDPReg(AP reg 0x00, 0x80000002)
T7868 000:334.229 - 0.318ms returns 0
T7868 000:334.237 JLINK_CORESIGHT_WriteAPDPReg(AP reg 0x01, 0x80011130)
T7868 000:334.521 - 0.285ms returns 0
T7868 000:334.529 JLINK_CORESIGHT_ReadAPDPReg(AP reg 0x03)
T7868 000:334.892   Value=0x0406070A
T7868 000:334.897 - 0.368ms returns 0
T7868 000:334.904 JLINK_CORESIGHT_WriteAPDPReg(AP reg 0x00, 0x80000002)
T7868 000:335.232 - 0.328ms returns 0
T7868 000:335.247 JLINK_CORESIGHT_WriteAPDPReg(AP reg 0x01, 0x80011140)
T7868 000:335.602 - 0.354ms returns 0
T7868 000:335.613 JLINK_CORESIGHT_ReadAPDPReg(AP reg 0x03)
T7868 000:335.977   Value=0x00000000
T7868 000:335.985 - 0.371ms returns 0
T7868 000:335.995 JLINK_CORESIGHT_WriteAPDPReg(AP reg 0x00, 0x80000002)
T7868 000:336.274 - 0.279ms returns 0
T7868 000:336.283 JLINK_CORESIGHT_WriteAPDPReg(AP reg 0x01, 0x80011130)
T7868 000:336.612 - 0.327ms returns 0
T7868 000:336.654 JLINK_CORESIGHT_ReadAPDPReg(AP reg 0x03)
T7868 000:337.048   Value=0x3254540B
T7868 000:337.067 - 0.412ms returns 0
T7868 000:337.075 JLINK_CORESIGHT_WriteAPDPReg(AP reg 0x00, 0x80000002)
T7868 000:337.355 - 0.280ms returns 0
T7868 000:337.363 JLINK_CORESIGHT_WriteAPDPReg(AP reg 0x01, 0x80011140)
T7868 000:338.261 - 0.897ms returns 0
T7868 000:338.277 JLINK_CORESIGHT_ReadAPDPReg(AP reg 0x03)
T7868 000:338.726   Value=0x00000000
T7868 000:338.734 - 0.457ms returns 0
T7868 000:338.745 JLINK_CORESIGHT_WriteAPDPReg(AP reg 0x00, 0x80000002)
T7868 000:339.071 - 0.326ms returns 0
T7868 000:339.089 JLINK_CORESIGHT_WriteAPDPReg(AP reg 0x01, 0x80011130)
T7868 000:339.420 - 0.332ms returns 0
T7868 000:339.435 JLINK_CORESIGHT_ReadAPDPReg(AP reg 0x03)
T7868 000:339.815   Value=0x54508A59
T7868 000:339.823 - 0.387ms returns 0
T7868 000:339.832 JLINK_CORESIGHT_WriteAPDPReg(AP reg 0x00, 0x80000002)
T7868 000:340.124 - 0.293ms returns 0
T7868 000:340.133 JLINK_CORESIGHT_WriteAPDPReg(AP reg 0x01, 0x80011140)
T7868 000:340.476 - 0.342ms returns 0
T7868 000:340.485 JLINK_CORESIGHT_ReadAPDPReg(AP reg 0x03)
T7868 000:340.853   Value=0x00000000
T7868 000:340.859 - 0.374ms returns 0
T7868 000:340.867 JLINK_CORESIGHT_WriteAPDPReg(AP reg 0x00, 0x80000002)
T7868 000:341.147 - 0.280ms returns 0
T7868 000:341.156 JLINK_CORESIGHT_WriteAPDPReg(AP reg 0x01, 0x80011130)
T7868 000:341.480 - 0.323ms returns 0
T7868 000:341.488 JLINK_CORESIGHT_ReadAPDPReg(AP reg 0x03)
T7868 000:341.818   Value=0x34325736
T7868 000:341.824 - 0.335ms returns 0
T7868 000:341.832 JLINK_CORESIGHT_WriteAPDPReg(AP reg 0x00, 0x80000002)
T7868 000:342.125 - 0.292ms returns 0
T7868 000:342.133 JLINK_CORESIGHT_WriteAPDPReg(AP reg 0x01, 0x80011140)
T7868 000:342.476 - 0.343ms returns 0
T7868 000:342.485 JLINK_CORESIGHT_ReadAPDPReg(AP reg 0x03)
T7868 000:342.918   Value=0x00000000
T7868 000:342.941 - 0.456ms returns 0
T7868 000:342.951 JLINK_CORESIGHT_WriteAPDPReg(AP reg 0x00, 0x80000002)
T7868 000:343.256 - 0.305ms returns 0
T7868 000:343.266 JLINK_CORESIGHT_WriteAPDPReg(AP reg 0x01, 0x80011130)
T7868 000:343.605 - 0.339ms returns 0
T7868 000:343.618 JLINK_CORESIGHT_ReadAPDPReg(AP reg 0x03)
T7868 000:343.976   Value=0x76082D30
T7868 000:343.982 - 0.363ms returns 0
T7868 000:343.990 JLINK_CORESIGHT_WriteAPDPReg(AP reg 0x00, 0x80000002)
T7868 000:344.296 - 0.306ms returns 0
T7868 000:344.305 JLINK_CORESIGHT_WriteAPDPReg(AP reg 0x01, 0x80011140)
T7868 000:344.605 - 0.300ms returns 0
T7868 000:345.100 JLINK_CORESIGHT_ReadAPDPReg(AP reg 0x03)
T7868 000:345.648   Value=0x00000000
T7868 000:345.657 - 0.557ms returns 0
T7868 000:345.772 JLINK_CORESIGHT_WriteAPDPReg(AP reg 0x00, 0x80000002)
T7868 000:346.103 - 0.330ms returns 0
T7868 000:346.120 JLINK_CORESIGHT_WriteAPDPReg(AP reg 0x01, 0x80011130)
T7868 000:346.420 - 0.300ms returns 0
T7868 000:346.430 JLINK_CORESIGHT_ReadAPDPReg(AP reg 0x03)
T7868 000:346.810   Value=0x4B375266
T7868 000:346.820 - 0.390ms returns 0
T7868 000:346.829 JLINK_CORESIGHT_WriteAPDPReg(AP reg 0x00, 0x80000002)
T7868 000:347.145 - 0.316ms returns 0
T7868 000:347.153 JLINK_CORESIGHT_WriteAPDPReg(AP reg 0x01, 0x80011140)
T7868 000:347.476 - 0.323ms returns 0
T7868 000:347.484 JLINK_CORESIGHT_ReadAPDPReg(AP reg 0x03)
T7868 000:348.009   Value=0x00000000
T7868 000:348.028 - 0.544ms returns 0
T7868 000:348.045 JLINK_CORESIGHT_WriteAPDPReg(AP reg 0x00, 0x80000002)
T7868 000:348.440 - 0.395ms returns 0
T7868 000:348.456 JLINK_CORESIGHT_WriteAPDPReg(AP reg 0x01, 0x80011130)
T7868 000:348.777 - 0.320ms returns 0
T7868 000:348.787 JLINK_CORESIGHT_ReadAPDPReg(AP reg 0x03)
T7868 000:349.120   Value=0x31503841
T7868 000:349.125 - 0.339ms returns 0
T7868 000:349.134 JLINK_CORESIGHT_WriteAPDPReg(AP reg 0x00, 0x80000002)
T7868 000:349.476 - 0.342ms returns 0
T7868 000:349.485 JLINK_CORESIGHT_WriteAPDPReg(AP reg 0x01, 0x80011140)
T7868 000:349.795 - 0.310ms returns 0
T7868 000:349.803 JLINK_CORESIGHT_ReadAPDPReg(AP reg 0x03)
T7868 000:350.191   Value=0x00000000
T7868 000:350.196 - 0.392ms returns 0
T7868 000:350.204 JLINK_CORESIGHT_WriteAPDPReg(AP reg 0x00, 0x80000002)
T7868 000:350.520 - 0.316ms returns 0
T7868 000:350.594 JLINK_CORESIGHT_WriteAPDPReg(AP reg 0x01, 0x80011130)
T7868 000:350.919 - 0.325ms returns 0
T7868 000:350.925 JLINK_CORESIGHT_ReadAPDPReg(AP reg 0x03)
T7868 000:351.291   Value=0x434C464B
T7868 000:351.326 - 0.400ms returns 0
T7868 000:351.336 JLINK_CORESIGHT_WriteAPDPReg(AP reg 0x00, 0x80000002)
T7868 000:351.984 - 0.647ms returns 0
T7868 000:351.997 JLINK_CORESIGHT_WriteAPDPReg(AP reg 0x01, 0x80011140)
T7868 000:352.372 - 0.374ms returns 0
T7868 000:352.385 JLINK_CORESIGHT_ReadAPDPReg(AP reg 0x03)
T7868 000:352.752   Value=0x00000000
T7868 000:352.757 - 0.372ms returns 0
T7868 000:352.763 JLINK_CORESIGHT_WriteAPDPReg(AP reg 0x00, 0x80000002)
T7868 000:353.101 - 0.338ms returns 0
T7868 000:353.107 JLINK_CORESIGHT_WriteAPDPReg(AP reg 0x01, 0x80011130)
T7868 000:353.395 - 0.287ms returns 0
T7868 000:353.402 JLINK_CORESIGHT_ReadAPDPReg(AP reg 0x03)
T7868 000:353.786   Value=0x20204341
T7868 000:353.792 - 0.390ms returns 0
T7868 000:353.797 JLINK_CORESIGHT_WriteAPDPReg(AP reg 0x00, 0x80000002)
T7868 000:354.103 - 0.305ms returns 0
T7868 000:354.109 JLINK_CORESIGHT_WriteAPDPReg(AP reg 0x01, 0x80011140)
T7868 000:354.421 - 0.311ms returns 0
T7868 000:354.427 JLINK_CORESIGHT_ReadAPDPReg(AP reg 0x03)
T7868 000:354.793   Value=0x00000000
T7868 000:354.799 - 0.372ms returns 0
T7868 000:354.804 JLINK_CORESIGHT_WriteAPDPReg(AP reg 0x00, 0x80000002)
T7868 000:355.104 - 0.300ms returns 0
T7868 000:355.110 JLINK_CORESIGHT_WriteAPDPReg(AP reg 0x01, 0x80011130)
T7868 000:355.443 - 0.332ms returns 0
T7868 000:355.448 JLINK_CORESIGHT_ReadAPDPReg(AP reg 0x03)
T7868 000:355.815   Value=0x0003A720
T7868 000:355.820 - 0.372ms returns 0
T7868 000:355.859 JLINK_CORESIGHT_WriteAPDPReg(AP reg 0x00, 0x80000002)
T7868 000:356.226 - 0.367ms returns 0
T7868 000:356.231 JLINK_CORESIGHT_WriteAPDPReg(AP reg 0x01, 0x80011140)
T7868 000:356.545 - 0.313ms returns 0
T7868 000:356.551 JLINK_CORESIGHT_ReadAPDPReg(AP reg 0x03)
T7868 000:356.938   Value=0x00000002
T7868 000:356.944 - 0.393ms returns 0
T7868 000:356.949 JLINK_CORESIGHT_WriteAPDPReg(AP reg 0x00, 0x80000002)
T7868 000:357.245 - 0.296ms returns 0
T7868 000:357.251 JLINK_CORESIGHT_WriteAPDPReg(AP reg 0x01, 0x80011120)
T7868 000:357.572 - 0.321ms returns 0
T7868 000:357.578 JLINK_CORESIGHT_WriteAPDPReg(AP reg 0x03, 0x39020001)
T7868 000:357.910 - 0.332ms returns 0
T7868 000:357.915 JLINK_CORESIGHT_WriteAPDPReg(AP reg 0x00, 0x80000002)
T7868 000:358.228 - 0.312ms returns 0
T7868 000:358.241 JLINK_CORESIGHT_WriteAPDPReg(AP reg 0x01, 0x80011140)
T7868 000:358.805 - 0.564ms returns 0
T7868 000:358.818 JLINK_CORESIGHT_ReadAPDPReg(AP reg 0x03)
T7868 000:359.247   Value=0x00000002
T7868 000:359.259 - 0.440ms returns 0
T7868 000:359.265 JLINK_CORESIGHT_WriteAPDPReg(AP reg 0x00, 0x80000002)
T7868 000:359.552 - 0.287ms returns 0
T7868 000:359.560 JLINK_CORESIGHT_WriteAPDPReg(AP reg 0x01, 0x80011120)
T7868 000:359.921 - 0.361ms returns 0
T7868 000:359.928 JLINK_CORESIGHT_WriteAPDPReg(AP reg 0x03, 0x0003B312)
T7868 000:360.270 - 0.342ms returns 0
T7868 000:360.276 JLINK_CORESIGHT_WriteAPDPReg(AP reg 0x00, 0x80000002)
T7868 000:360.630 - 0.353ms returns 0
T7868 000:360.658 JLINK_CORESIGHT_WriteAPDPReg(AP reg 0x01, 0x80011140)
T7868 000:360.976 - 0.317ms returns 0
T7868 000:360.988 JLINK_CORESIGHT_ReadAPDPReg(AP reg 0x03)
T7868 000:361.416   Value=0x00000000
T7868 000:361.448 - 0.462ms returns 0
T7868 000:361.453 JLINK_CORESIGHT_WriteAPDPReg(AP reg 0x00, 0x80000002)
T7868 000:361.759 - 0.305ms returns 0
T7868 000:361.765 JLINK_CORESIGHT_WriteAPDPReg(AP reg 0x01, 0x80011130)
T7868 000:362.102 - 0.336ms returns 0
T7868 000:362.115 JLINK_CORESIGHT_ReadAPDPReg(AP reg 0x03)
T7868 000:362.479   Value=0xB90A0081
T7868 000:362.488 - 0.373ms returns 0
T7868 000:362.495 JLINK_CORESIGHT_WriteAPDPReg(AP reg 0x00, 0x80000002)
T7868 000:362.883 - 0.388ms returns 0
T7868 000:362.905 JLINK_CORESIGHT_WriteAPDPReg(AP reg 0x01, 0x80011140)
T7868 000:363.251 - 0.346ms returns 0
T7868 000:363.259 JLINK_CORESIGHT_ReadAPDPReg(AP reg 0x03)
T7868 000:363.623   Value=0x00000000
T7868 000:363.629 - 0.369ms returns 0
T7868 000:363.634 JLINK_CORESIGHT_WriteAPDPReg(AP reg 0x00, 0x80000002)
T7868 000:363.979 - 0.345ms returns 0
T7868 000:363.986 JLINK_CORESIGHT_WriteAPDPReg(AP reg 0x01, 0x80011130)
T7868 000:364.323 - 0.336ms returns 0
T7868 000:364.329 JLINK_CORESIGHT_ReadAPDPReg(AP reg 0x03)
T7868 000:364.674   Value=0xFFFFFFC0
T7868 000:364.683 - 0.354ms returns 0
T7868 000:364.689 JLINK_CORESIGHT_WriteAPDPReg(AP reg 0x00, 0x80000002)
T7868 000:365.025 - 0.335ms returns 0
T7868 000:365.037 JLINK_CORESIGHT_WriteAPDPReg(AP reg 0x01, 0x80011140)
T7868 000:366.049 - 1.011ms returns 0
T7868 000:366.062 JLINK_CORESIGHT_ReadAPDPReg(AP reg 0x03)
T7868 000:366.501   Value=0x00000000
T7868 000:366.507 - 0.445ms returns 0
T7868 000:366.513 JLINK_CORESIGHT_WriteAPDPReg(AP reg 0x00, 0x80000002)
T7868 000:366.816 - 0.302ms returns 0
T7868 000:366.827 JLINK_CORESIGHT_WriteAPDPReg(AP reg 0x01, 0x80011130)
T7868 000:367.102 - 0.275ms returns 0
T7868 000:367.109 JLINK_CORESIGHT_ReadAPDPReg(AP reg 0x03)
T7868 000:367.524   Value=0xFFFFFFFF
T7868 000:367.544 - 0.435ms returns 0
T7868 000:367.551 JLINK_CORESIGHT_WriteAPDPReg(AP reg 0x00, 0x80000002)
T7868 000:367.869 - 0.317ms returns 0
T7868 000:367.875 JLINK_CORESIGHT_WriteAPDPReg(AP reg 0x01, 0x80011140)
T7868 000:368.251 - 0.375ms returns 0
T7868 000:368.276 JLINK_CORESIGHT_ReadAPDPReg(AP reg 0x03)
T7868 000:368.641   Value=0x00000000
T7868 000:368.648 - 0.372ms returns 0
T7868 000:368.654 JLINK_CORESIGHT_WriteAPDPReg(AP reg 0x00, 0x80000002)
T7868 000:368.979 - 0.325ms returns 0
T7868 000:368.985 JLINK_CORESIGHT_WriteAPDPReg(AP reg 0x01, 0x80011130)
T7868 000:369.271 - 0.285ms returns 0
T7868 000:369.276 JLINK_CORESIGHT_ReadAPDPReg(AP reg 0x03)
T7868 000:369.676   Value=0x000385FF
T7868 000:369.682 - 0.405ms returns 0
T7868 000:369.732 JLINK_CORESIGHT_WriteAPDPReg(AP reg 0x00, 0x80000002)
T7868 000:370.048 - 0.315ms returns 0
T7868 000:370.060 JLINK_CORESIGHT_WriteAPDPReg(AP reg 0x01, 0x80011140)
T7868 000:370.430 - 0.370ms returns 0
T7868 000:370.440 JLINK_CORESIGHT_ReadAPDPReg(AP reg 0x03)
T7868 000:370.809   Value=0x00000002
T7868 000:370.818 - 0.378ms returns 0
T7868 000:370.825 JLINK_CORESIGHT_WriteAPDPReg(AP reg 0x00, 0x80000002)
T7868 000:371.105 - 0.280ms returns 0
T7868 000:371.111 JLINK_CORESIGHT_WriteAPDPReg(AP reg 0x01, 0x80011120)
T7868 000:371.449 - 0.338ms returns 0
T7868 000:371.462 JLINK_CORESIGHT_WriteAPDPReg(AP reg 0x03, 0x2C010001)
T7868 000:371.774 - 0.312ms returns 0
T7868 000:371.782 JLINK_CORESIGHT_WriteAPDPReg(AP reg 0x00, 0x80000002)
T7868 000:372.106 - 0.323ms returns 0
T7868 000:372.115 JLINK_CORESIGHT_WriteAPDPReg(AP reg 0x01, 0x80011140)
T7868 000:372.604 - 0.488ms returns 0
T7868 000:372.624 JLINK_CORESIGHT_ReadAPDPReg(AP reg 0x03)
T7868 000:373.066   Value=0x00000002
T7868 000:373.078 - 0.454ms returns 0
T7868 000:373.084 JLINK_CORESIGHT_WriteAPDPReg(AP reg 0x00, 0x80000002)
T7868 000:373.395 - 0.310ms returns 0
T7868 000:373.401 JLINK_CORESIGHT_WriteAPDPReg(AP reg 0x01, 0x80011120)
T7868 000:373.806 - 0.405ms returns 0
T7868 000:373.819 JLINK_CORESIGHT_WriteAPDPReg(AP reg 0x03, 0x000003D3)
T7868 000:374.120 - 0.301ms returns 0
T7868 000:374.129 JLINK_CORESIGHT_WriteAPDPReg(AP reg 0x00, 0x80000002)
T7868 000:374.480 - 0.350ms returns 0
T7868 000:374.488 JLINK_CORESIGHT_WriteAPDPReg(AP reg 0x01, 0x80011140)
T7868 000:374.794 - 0.306ms returns 0
T7868 000:374.800 JLINK_CORESIGHT_ReadAPDPReg(AP reg 0x03)
T7868 000:375.144   Value=0x00000002
T7868 000:375.151 - 0.350ms returns 0
T7868 000:375.157 JLINK_CORESIGHT_ReadAPDPReg(AP reg 0x03)
T7868 000:375.523   Value=0x00000002
T7868 000:375.529 - 0.371ms returns 0
T7868 000:375.534 JLINK_CORESIGHT_ReadAPDPReg(AP reg 0x03)
T7868 000:375.894   Value=0x00000002
T7868 000:375.905 - 0.370ms returns 0
T7868 000:375.911 JLINK_CORESIGHT_ReadAPDPReg(AP reg 0x03)
T7868 000:376.275   Value=0x00000002
T7868 000:376.311 - 0.400ms returns 0
T7868 000:376.316 JLINK_CORESIGHT_ReadAPDPReg(AP reg 0x03)
T7868 000:376.700   Value=0x00000002
T7868 000:376.738 - 0.422ms returns 0
T7868 000:376.749 JLINK_CORESIGHT_ReadAPDPReg(AP reg 0x03)
T7868 000:377.244   Value=0x00000002
T7868 000:377.256 - 0.506ms returns 0
T7868 000:377.267 JLINK_CORESIGHT_ReadAPDPReg(AP reg 0x03)
T7868 000:377.696   Value=0x00000000
T7868 000:377.719 - 0.452ms returns 0
T7868 000:377.727 JLINK_CORESIGHT_WriteAPDPReg(AP reg 0x00, 0x80000002)
T7868 000:378.045 - 0.318ms returns 0
T7868 000:378.057 JLINK_CORESIGHT_WriteAPDPReg(AP reg 0x01, 0x80011130)
T7868 000:378.417 - 0.358ms returns 0
T7868 000:378.459 JLINK_CORESIGHT_ReadAPDPReg(AP reg 0x03)
T7868 000:378.859   Value=0x2C020081
T7868 000:378.872 - 0.413ms returns 0
T7868 000:378.884 JLINK_CORESIGHT_WriteAPDPReg(AP reg 0x00, 0x80000002)
T7868 000:379.227 - 0.342ms returns 0
T7868 000:379.238 JLINK_CORESIGHT_WriteAPDPReg(AP reg 0x01, 0x80011140)
T7868 000:379.524 - 0.286ms returns 0
T7868 000:379.534 JLINK_CORESIGHT_ReadAPDPReg(AP reg 0x03)
T7868 000:379.955   Value=0x00000000
T7868 000:379.962 - 0.428ms returns 0
T7868 000:379.971 JLINK_CORESIGHT_WriteAPDPReg(AP reg 0x00, 0x80000002)
T7868 000:380.297 - 0.326ms returns 0
T7868 000:380.306 JLINK_CORESIGHT_WriteAPDPReg(AP reg 0x01, 0x80011130)
T7868 000:380.601 - 0.295ms returns 0
T7868 000:380.609 JLINK_CORESIGHT_ReadAPDPReg(AP reg 0x03)
T7868 000:381.031   Value=0x0003CE04
T7868 000:381.037 - 0.427ms returns 0
T7868 000:381.049 JLINK_CORESIGHT_WriteAPDPReg(AP reg 0x00, 0x80000002)
T7868 000:381.355 - 0.306ms returns 0
T7868 000:381.363 JLINK_CORESIGHT_WriteAPDPReg(AP reg 0x01, 0x80011140)
T7868 000:381.670 - 0.306ms returns 0
T7868 000:381.678 JLINK_CORESIGHT_ReadAPDPReg(AP reg 0x03)
T7868 000:382.002   Value=0x00000002
T7868 000:382.007 - 0.329ms returns 0
T7868 000:382.015 JLINK_CORESIGHT_WriteAPDPReg(AP reg 0x00, 0x80000002)
T7868 000:382.354 - 0.339ms returns 0
T7868 000:382.363 JLINK_CORESIGHT_WriteAPDPReg(AP reg 0x01, 0x80011120)
T7868 000:382.730 - 0.367ms returns 0
T7868 000:382.738 JLINK_CORESIGHT_WriteAPDPReg(AP reg 0x03, 0x73010001)
T7868 000:383.081 - 0.342ms returns 0
T7868 000:383.089 JLINK_CORESIGHT_WriteAPDPReg(AP reg 0x00, 0x80000002)
T7868 000:383.379 - 0.290ms returns 0
T7868 000:383.388 JLINK_CORESIGHT_WriteAPDPReg(AP reg 0x01, 0x80011140)
T7868 000:383.726 - 0.338ms returns 0
T7868 000:383.734 JLINK_CORESIGHT_ReadAPDPReg(AP reg 0x03)
T7868 000:384.101   Value=0x00000002
T7868 000:384.107 - 0.373ms returns 0
T7868 000:384.115 JLINK_CORESIGHT_WriteAPDPReg(AP reg 0x00, 0x80000002)
T7868 000:384.397 - 0.282ms returns 0
T7868 000:384.406 JLINK_CORESIGHT_WriteAPDPReg(AP reg 0x01, 0x80011120)
T7868 000:384.725 - 0.320ms returns 0
T7868 000:384.734 JLINK_CORESIGHT_WriteAPDPReg(AP reg 0x03, 0x0000038C)
T7868 000:385.020 - 0.286ms returns 0
T7868 000:385.029 JLINK_CORESIGHT_WriteAPDPReg(AP reg 0x00, 0x80000002)
T7868 000:385.350 - 0.322ms returns 0
T7868 000:385.365 JLINK_CORESIGHT_WriteAPDPReg(AP reg 0x01, 0x80011140)
T7868 000:385.783 - 0.419ms returns 0
T7868 000:385.791 JLINK_CORESIGHT_ReadAPDPReg(AP reg 0x03)
T7868 000:386.150   Value=0x00000002
T7868 000:386.180 - 0.388ms returns 0
T7868 000:386.188 JLINK_CORESIGHT_ReadAPDPReg(AP reg 0x03)
T7868 000:386.614   Value=0x00000002
T7868 000:386.627 - 0.439ms returns 0
T7868 000:386.639 JLINK_CORESIGHT_ReadAPDPReg(AP reg 0x03)
T7868 000:387.028   Value=0x00000002
T7868 000:387.040 - 0.401ms returns 0
T7868 000:387.050 JLINK_CORESIGHT_ReadAPDPReg(AP reg 0x03)
T7868 000:387.418   Value=0x00000002
T7868 000:387.424 - 0.373ms returns 0
T7868 000:387.432 JLINK_CORESIGHT_ReadAPDPReg(AP reg 0x03)
T7868 000:387.751   Value=0x00000002
T7868 000:387.757 - 0.324ms returns 0
T7868 000:387.764 JLINK_CORESIGHT_ReadAPDPReg(AP reg 0x03)
T7868 000:388.154   Value=0x00000000
T7868 000:388.160 - 0.395ms returns 0
T7868 000:388.168 JLINK_CORESIGHT_WriteAPDPReg(AP reg 0x00, 0x80000002)
T7868 000:388.487 - 0.319ms returns 0
T7868 000:388.496 JLINK_CORESIGHT_WriteAPDPReg(AP reg 0x01, 0x80011130)
T7868 000:388.818 - 0.322ms returns 0
T7868 000:388.826 JLINK_CORESIGHT_ReadAPDPReg(AP reg 0x03)
T7868 000:389.141   Value=0x73020081
T7868 000:389.146 - 0.319ms returns 0
T7868 000:389.181 JLINK_CORESIGHT_WriteAPDPReg(AP reg 0x00, 0x80000002)
T7868 000:389.479 - 0.299ms returns 0
T7868 000:389.487 JLINK_CORESIGHT_WriteAPDPReg(AP reg 0x01, 0x80011140)
T7868 000:389.795 - 0.308ms returns 0
T7868 000:389.804 JLINK_CORESIGHT_ReadAPDPReg(AP reg 0x03)
T7868 000:390.188   Value=0x00000000
T7868 000:390.193 - 0.389ms returns 0
T7868 000:390.201 JLINK_CORESIGHT_WriteAPDPReg(AP reg 0x00, 0x80000002)
T7868 000:390.505 - 0.303ms returns 0
T7868 000:390.513 JLINK_CORESIGHT_WriteAPDPReg(AP reg 0x01, 0x80011130)
T7868 000:390.897 - 0.383ms returns 0
T7868 000:390.905 JLINK_CORESIGHT_ReadAPDPReg(AP reg 0x03)
T7868 000:391.251   Value=0x00038902
T7868 000:391.256 - 0.351ms returns 0
T7868 000:391.313 JLINK_CORESIGHT_WriteAPDPReg(AP reg 0x00, 0x80000002)
T7868 000:391.627 - 0.314ms returns 0
T7868 000:391.633 JLINK_CORESIGHT_WriteAPDPReg(AP reg 0x01, 0x80011140)
T7868 000:391.975 - 0.342ms returns 0
T7868 000:391.981 JLINK_CORESIGHT_ReadAPDPReg(AP reg 0x03)
T7868 000:392.391   Value=0x00000002
T7868 000:392.397 - 0.416ms returns 0
T7868 000:392.402 JLINK_CORESIGHT_WriteAPDPReg(AP reg 0x00, 0x80000002)
T7868 000:392.729 - 0.327ms returns 0
T7868 000:392.735 JLINK_CORESIGHT_WriteAPDPReg(AP reg 0x01, 0x80011120)
T7868 000:393.019 - 0.284ms returns 0
T7868 000:393.025 JLINK_CORESIGHT_WriteAPDPReg(AP reg 0x03, 0x75010001)
T7868 000:393.399 - 0.374ms returns 0
T7868 000:393.408 JLINK_CORESIGHT_WriteAPDPReg(AP reg 0x00, 0x80000002)
T7868 000:393.794 - 0.385ms returns 0
T7868 000:393.806 JLINK_CORESIGHT_WriteAPDPReg(AP reg 0x01, 0x80011140)
T7868 000:394.175 - 0.369ms returns 0
T7868 000:394.190 JLINK_CORESIGHT_ReadAPDPReg(AP reg 0x03)
T7868 000:394.572   Value=0x00000002
T7868 000:394.584 - 0.393ms returns 0
T7868 000:394.591 JLINK_CORESIGHT_WriteAPDPReg(AP reg 0x00, 0x80000002)
T7868 000:394.909 - 0.318ms returns 0
T7868 000:394.916 JLINK_CORESIGHT_WriteAPDPReg(AP reg 0x01, 0x80011120)
T7868 000:395.231 - 0.315ms returns 0
T7868 000:395.239 JLINK_CORESIGHT_WriteAPDPReg(AP reg 0x03, 0x0000038A)
T7868 000:395.522 - 0.282ms returns 0
T7868 000:395.528 JLINK_CORESIGHT_WriteAPDPReg(AP reg 0x00, 0x80000002)
T7868 000:395.853 - 0.325ms returns 0
T7868 000:395.859 JLINK_CORESIGHT_WriteAPDPReg(AP reg 0x01, 0x80011140)
T7868 000:396.197 - 0.338ms returns 0
T7868 000:396.205 JLINK_CORESIGHT_ReadAPDPReg(AP reg 0x03)
T7868 000:396.564   Value=0x00000002
T7868 000:396.570 - 0.365ms returns 0
T7868 000:396.575 JLINK_CORESIGHT_ReadAPDPReg(AP reg 0x03)
T7868 000:396.935   Value=0x00000002
T7868 000:396.962 - 0.386ms returns 0
T7868 000:396.967 JLINK_CORESIGHT_ReadAPDPReg(AP reg 0x03)
T7868 000:397.298   Value=0x00000002
T7868 000:397.303 - 0.336ms returns 0
T7868 000:397.310 JLINK_CORESIGHT_ReadAPDPReg(AP reg 0x03)
T7868 000:397.658   Value=0x00000002
T7868 000:397.663 - 0.353ms returns 0
T7868 000:397.668 JLINK_CORESIGHT_ReadAPDPReg(AP reg 0x03)
T7868 000:398.046   Value=0x00000002
T7868 000:398.067 - 0.398ms returns 0
T7868 000:398.072 JLINK_CORESIGHT_ReadAPDPReg(AP reg 0x03)
T7868 000:398.375   Value=0x00000002
T7868 000:398.381 - 0.308ms returns 0
T7868 000:398.385 JLINK_CORESIGHT_ReadAPDPReg(AP reg 0x03)
T7868 000:398.815   Value=0x00000000
T7868 000:398.820 - 0.435ms returns 0
T7868 000:398.826 JLINK_CORESIGHT_WriteAPDPReg(AP reg 0x00, 0x80000002)
T7868 000:399.119 - 0.293ms returns 0
T7868 000:399.125 JLINK_CORESIGHT_WriteAPDPReg(AP reg 0x01, 0x80011130)
T7868 000:399.601 - 0.476ms returns 0
T7868 000:399.607 JLINK_CORESIGHT_ReadAPDPReg(AP reg 0x03)
T7868 000:399.939   Value=0x75020081
T7868 000:399.944 - 0.337ms returns 0
T7868 000:399.949 JLINK_CORESIGHT_WriteAPDPReg(AP reg 0x00, 0x80000002)
T7868 000:400.278 - 0.329ms returns 0
T7868 000:400.286 JLINK_CORESIGHT_WriteAPDPReg(AP reg 0x01, 0x80011140)
T7868 000:400.678 - 0.391ms returns 0
T7868 000:400.689 JLINK_CORESIGHT_ReadAPDPReg(AP reg 0x03)
T7868 000:401.101   Value=0x00000000
T7868 000:401.107 - 0.418ms returns 0
T7868 000:401.113 JLINK_CORESIGHT_WriteAPDPReg(AP reg 0x00, 0x80000002)
T7868 000:401.420 - 0.307ms returns 0
T7868 000:401.427 JLINK_CORESIGHT_WriteAPDPReg(AP reg 0x01, 0x80011130)
T7868 000:401.739 - 0.312ms returns 0
T7868 000:401.745 JLINK_CORESIGHT_ReadAPDPReg(AP reg 0x03)
T7868 000:402.120   Value=0x00038702
T7868 000:402.126 - 0.380ms returns 0
T7868 000:402.138 JLINK_CORESIGHT_WriteAPDPReg(AP reg 0x00, 0x80000002)
T7868 000:402.447 - 0.309ms returns 0
T7868 000:402.455 JLINK_CORESIGHT_WriteAPDPReg(AP reg 0x01, 0x80011140)
T7868 000:402.795 - 0.342ms returns 0
T7868 000:402.801 JLINK_CORESIGHT_ReadAPDPReg(AP reg 0x03)
T7868 000:403.174   Value=0x00000002
T7868 000:403.179 - 0.378ms returns 0
T7868 000:403.184 JLINK_CORESIGHT_WriteAPDPReg(AP reg 0x00, 0x80000002)
T7868 000:403.479 - 0.295ms returns 0
T7868 000:403.485 JLINK_CORESIGHT_WriteAPDPReg(AP reg 0x01, 0x80011120)
T7868 000:403.795 - 0.310ms returns 0
T7868 000:403.801 JLINK_CORESIGHT_WriteAPDPReg(AP reg 0x03, 0x4F010001)
T7868 000:404.101 - 0.300ms returns 0
T7868 000:404.107 JLINK_CORESIGHT_WriteAPDPReg(AP reg 0x00, 0x80000002)
T7868 000:404.425 - 0.317ms returns 0
T7868 000:404.462 JLINK_CORESIGHT_WriteAPDPReg(AP reg 0x01, 0x80011140)
T7868 000:404.772 - 0.311ms returns 0
T7868 000:404.778 JLINK_CORESIGHT_ReadAPDPReg(AP reg 0x03)
T7868 000:405.141   Value=0x00000002
T7868 000:405.146 - 0.368ms returns 0
T7868 000:405.151 JLINK_CORESIGHT_WriteAPDPReg(AP reg 0x00, 0x80000002)
T7868 000:405.497 - 0.344ms returns 0
T7868 000:405.534 JLINK_CORESIGHT_WriteAPDPReg(AP reg 0x01, 0x80011120)
T7868 000:405.856 - 0.322ms returns 0
T7868 000:405.862 JLINK_CORESIGHT_WriteAPDPReg(AP reg 0x03, 0x000003B0)
T7868 000:406.145 - 0.283ms returns 0
T7868 000:406.151 JLINK_CORESIGHT_WriteAPDPReg(AP reg 0x00, 0x80000002)
T7868 000:406.507 - 0.355ms returns 0
T7868 000:406.512 JLINK_CORESIGHT_WriteAPDPReg(AP reg 0x01, 0x80011140)
T7868 000:406.822 - 0.310ms returns 0
T7868 000:406.828 JLINK_CORESIGHT_ReadAPDPReg(AP reg 0x03)
T7868 000:407.304   Value=0x00000002
T7868 000:407.312 - 0.483ms returns 0
T7868 000:407.318 JLINK_CORESIGHT_ReadAPDPReg(AP reg 0x03)
T7868 000:407.730   Value=0x00000002
T7868 000:407.739 - 0.421ms returns 0
T7868 000:407.745 JLINK_CORESIGHT_ReadAPDPReg(AP reg 0x03)
T7868 000:408.101   Value=0x00000002
T7868 000:408.111 - 0.365ms returns 0
T7868 000:408.116 JLINK_CORESIGHT_ReadAPDPReg(AP reg 0x03)
T7868 000:408.476   Value=0x00000002
T7868 000:408.482 - 0.365ms returns 0
T7868 000:408.487 JLINK_CORESIGHT_ReadAPDPReg(AP reg 0x03)
T7868 000:408.941   Value=0x00000002
T7868 000:408.947 - 0.460ms returns 0
T7868 000:408.952 JLINK_CORESIGHT_ReadAPDPReg(AP reg 0x03)
T7868 000:409.295   Value=0x00000002
T7868 000:409.300 - 0.347ms returns 0
T7868 000:409.305 JLINK_CORESIGHT_ReadAPDPReg(AP reg 0x03)
T7868 000:409.670   Value=0x00000002
T7868 000:409.677 - 0.371ms returns 0
T7868 000:409.682 JLINK_CORESIGHT_ReadAPDPReg(AP reg 0x03)
T7868 000:410.001   Value=0x00000002
T7868 000:410.007 - 0.324ms returns 0
T7868 000:410.012 JLINK_CORESIGHT_ReadAPDPReg(AP reg 0x03)
T7868 000:410.352   Value=0x00000000
T7868 000:410.357 - 0.345ms returns 0
T7868 000:410.363 JLINK_CORESIGHT_WriteAPDPReg(AP reg 0x00, 0x80000002)
T7868 000:410.693 - 0.330ms returns 0
T7868 000:410.698 JLINK_CORESIGHT_WriteAPDPReg(AP reg 0x01, 0x80011130)
T7868 000:411.006 - 0.307ms returns 0
T7868 000:411.012 JLINK_CORESIGHT_ReadAPDPReg(AP reg 0x03)
T7868 000:411.402   Value=0x4F0B0081
T7868 000:411.433 - 0.421ms returns 0
T7868 000:411.438 JLINK_CORESIGHT_WriteAPDPReg(AP reg 0x00, 0x80000002)
T7868 000:411.729 - 0.291ms returns 0
T7868 000:411.735 JLINK_CORESIGHT_WriteAPDPReg(AP reg 0x01, 0x80011140)
T7868 000:412.068 - 0.333ms returns 0
T7868 000:412.074 JLINK_CORESIGHT_ReadAPDPReg(AP reg 0x03)
T7868 000:412.396   Value=0x00000000
T7868 000:412.401 - 0.327ms returns 0
T7868 000:412.406 JLINK_CORESIGHT_WriteAPDPReg(AP reg 0x00, 0x80000002)
T7868 000:412.729 - 0.323ms returns 0
T7868 000:412.736 JLINK_CORESIGHT_WriteAPDPReg(AP reg 0x01, 0x80011130)
T7868 000:413.020 - 0.284ms returns 0
T7868 000:413.026 JLINK_CORESIGHT_ReadAPDPReg(AP reg 0x03)
T7868 000:413.391   Value=0xE03F0000
T7868 000:413.396 - 0.370ms returns 0
T7868 000:413.401 JLINK_CORESIGHT_WriteAPDPReg(AP reg 0x00, 0x80000002)
T7868 000:413.741 - 0.339ms returns 0
T7868 000:413.778 JLINK_CORESIGHT_WriteAPDPReg(AP reg 0x01, 0x80011140)
T7868 000:414.143 - 0.367ms returns 0
T7868 000:414.153 JLINK_CORESIGHT_ReadAPDPReg(AP reg 0x03)
T7868 000:414.546   Value=0x00000000
T7868 000:414.584 - 0.431ms returns 0
T7868 000:414.591 JLINK_CORESIGHT_WriteAPDPReg(AP reg 0x00, 0x80000002)
T7868 000:414.927 - 0.335ms returns 0
T7868 000:414.939 JLINK_CORESIGHT_WriteAPDPReg(AP reg 0x01, 0x80011130)
T7868 000:415.227 - 0.287ms returns 0
T7868 000:415.232 JLINK_CORESIGHT_ReadAPDPReg(AP reg 0x03)
T7868 000:415.602   Value=0x00000000
T7868 000:415.607 - 0.374ms returns 0
T7868 000:415.612 JLINK_CORESIGHT_WriteAPDPReg(AP reg 0x00, 0x80000002)
T7868 000:415.896 - 0.283ms returns 0
T7868 000:415.909 JLINK_CORESIGHT_WriteAPDPReg(AP reg 0x01, 0x80011140)
T7868 000:416.372 - 0.463ms returns 0
T7868 000:416.387 JLINK_CORESIGHT_ReadAPDPReg(AP reg 0x03)
T7868 000:416.810   Value=0x00000000
T7868 000:416.823 - 0.436ms returns 0
T7868 000:416.852 JLINK_CORESIGHT_WriteAPDPReg(AP reg 0x00, 0x80000002)
T7868 000:417.241 - 0.389ms returns 0
T7868 000:417.261 JLINK_CORESIGHT_WriteAPDPReg(AP reg 0x01, 0x80011130)
T7868 000:417.619 - 0.358ms returns 0
T7868 000:417.635 JLINK_CORESIGHT_ReadAPDPReg(AP reg 0x03)
T7868 000:417.978   Value=0x03870000
T7868 000:417.989 - 0.354ms returns 0
T7868 000:418.091 JLINK_CORESIGHT_WriteAPDPReg(AP reg 0x00, 0x80000002)
T7868 000:418.381 - 0.290ms returns 0
T7868 000:418.388 JLINK_CORESIGHT_WriteAPDPReg(AP reg 0x01, 0x80011140)
T7868 000:418.728 - 0.340ms returns 0
T7868 000:418.736 JLINK_CORESIGHT_ReadAPDPReg(AP reg 0x03)
T7868 000:419.195   Value=0x00000002
T7868 000:419.203 - 0.465ms returns 0
T7868 000:419.208 JLINK_CORESIGHT_WriteAPDPReg(AP reg 0x00, 0x80000002)
T7868 000:419.530 - 0.321ms returns 0
T7868 000:419.543 JLINK_CORESIGHT_WriteAPDPReg(AP reg 0x01, 0x80011120)
T7868 000:419.935 - 0.391ms returns 0
T7868 000:419.941 JLINK_CORESIGHT_WriteAPDPReg(AP reg 0x03, 0x2C010001)
T7868 000:420.342 - 0.400ms returns 0
T7868 000:420.360 JLINK_CORESIGHT_WriteAPDPReg(AP reg 0x00, 0x80000002)
T7868 000:420.718 - 0.358ms returns 0
T7868 000:420.730 JLINK_CORESIGHT_WriteAPDPReg(AP reg 0x01, 0x80011140)
T7868 000:421.072 - 0.342ms returns 0
T7868 000:421.083 JLINK_CORESIGHT_ReadAPDPReg(AP reg 0x03)
T7868 000:421.483   Value=0x00000002
T7868 000:421.493 - 0.410ms returns 0
T7868 000:421.500 JLINK_CORESIGHT_WriteAPDPReg(AP reg 0x00, 0x80000002)
T7868 000:421.822 - 0.321ms returns 0
T7868 000:421.834 JLINK_CORESIGHT_WriteAPDPReg(AP reg 0x01, 0x80011120)
T7868 000:422.171 - 0.336ms returns 0
T7868 000:422.180 JLINK_CORESIGHT_WriteAPDPReg(AP reg 0x03, 0x000003D3)
T7868 000:422.549 - 0.368ms returns 0
T7868 000:422.592 JLINK_CORESIGHT_WriteAPDPReg(AP reg 0x00, 0x80000002)
T7868 000:422.925 - 0.333ms returns 0
T7868 000:422.931 JLINK_CORESIGHT_WriteAPDPReg(AP reg 0x01, 0x80011140)
T7868 000:423.274 - 0.342ms returns 0
T7868 000:423.287 JLINK_CORESIGHT_ReadAPDPReg(AP reg 0x03)
T7868 000:423.669   Value=0x00000002
T7868 000:423.675 - 0.388ms returns 0
T7868 000:423.681 JLINK_CORESIGHT_ReadAPDPReg(AP reg 0x03)
T7868 000:424.016   Value=0x00000002
T7868 000:424.022 - 0.341ms returns 0
T7868 000:424.031 JLINK_CORESIGHT_ReadAPDPReg(AP reg 0x03)
T7868 000:424.381   Value=0x00000002
T7868 000:424.387 - 0.356ms returns 0
T7868 000:424.392 JLINK_CORESIGHT_ReadAPDPReg(AP reg 0x03)
T7868 000:424.796   Value=0x00000002
T7868 000:424.808 - 0.415ms returns 0
T7868 000:424.815 JLINK_CORESIGHT_ReadAPDPReg(AP reg 0x03)
T7868 000:425.234   Value=0x00000000
T7868 000:425.243 - 0.428ms returns 0
T7868 000:425.249 JLINK_CORESIGHT_WriteAPDPReg(AP reg 0x00, 0x80000002)
T7868 000:425.605 - 0.356ms returns 0
T7868 000:425.611 JLINK_CORESIGHT_WriteAPDPReg(AP reg 0x01, 0x80011130)
T7868 000:425.998 - 0.386ms returns 0
T7868 000:426.004 JLINK_CORESIGHT_ReadAPDPReg(AP reg 0x03)
T7868 000:426.377   Value=0x2C020081
T7868 000:426.383 - 0.379ms returns 0
T7868 000:426.388 JLINK_CORESIGHT_WriteAPDPReg(AP reg 0x00, 0x80000002)
T7868 000:426.773 - 0.384ms returns 0
T7868 000:426.778 JLINK_CORESIGHT_WriteAPDPReg(AP reg 0x01, 0x80011140)
T7868 000:427.105 - 0.327ms returns 0
T7868 000:427.111 JLINK_CORESIGHT_ReadAPDPReg(AP reg 0x03)
T7868 000:427.478   Value=0x00000000
T7868 000:427.488 - 0.376ms returns 0
T7868 000:427.495 JLINK_CORESIGHT_WriteAPDPReg(AP reg 0x00, 0x80000002)
T7868 000:427.853 - 0.358ms returns 0
T7868 000:427.860 JLINK_CORESIGHT_WriteAPDPReg(AP reg 0x01, 0x80011130)
T7868 000:428.325 - 0.464ms returns 0
T7868 000:428.336 JLINK_CORESIGHT_ReadAPDPReg(AP reg 0x03)
T7868 000:428.669   Value=0x0003CE04
T7868 000:428.681 - 0.345ms returns 0
T7868 000:428.693 JLINK_CORESIGHT_WriteAPDPReg(AP reg 0x00, 0x80000002)
T7868 000:429.057 - 0.364ms returns 0
T7868 000:429.068 JLINK_CORESIGHT_WriteAPDPReg(AP reg 0x01, 0x80011140)
T7868 000:429.403 - 0.334ms returns 0
T7868 000:429.415 JLINK_CORESIGHT_ReadAPDPReg(AP reg 0x03)
T7868 000:429.810   Value=0x00000002
T7868 000:429.817 - 0.402ms returns 0
T7868 000:429.824 JLINK_CORESIGHT_WriteAPDPReg(AP reg 0x00, 0x80000002)
T7868 000:430.108 - 0.284ms returns 0
T7868 000:430.114 JLINK_CORESIGHT_WriteAPDPReg(AP reg 0x01, 0x80011120)
T7868 000:430.425 - 0.310ms returns 0
T7868 000:430.431 JLINK_CORESIGHT_WriteAPDPReg(AP reg 0x03, 0x73010001)
T7868 000:430.805 - 0.374ms returns 0
T7868 000:430.819 JLINK_CORESIGHT_WriteAPDPReg(AP reg 0x00, 0x80000002)
T7868 000:431.150 - 0.332ms returns 0
T7868 000:431.156 JLINK_CORESIGHT_WriteAPDPReg(AP reg 0x01, 0x80011140)
T7868 000:431.476 - 0.320ms returns 0
T7868 000:431.483 JLINK_CORESIGHT_ReadAPDPReg(AP reg 0x03)
T7868 000:431.818   Value=0x00000002
T7868 000:431.824 - 0.341ms returns 0
T7868 000:431.830 JLINK_CORESIGHT_WriteAPDPReg(AP reg 0x00, 0x80000002)
T7868 000:432.175 - 0.344ms returns 0
T7868 000:432.181 JLINK_CORESIGHT_WriteAPDPReg(AP reg 0x01, 0x80011120)
T7868 000:432.477 - 0.296ms returns 0
T7868 000:432.483 JLINK_CORESIGHT_WriteAPDPReg(AP reg 0x03, 0x0000038C)
T7868 000:432.915 - 0.431ms returns 0
T7868 000:432.926 JLINK_CORESIGHT_WriteAPDPReg(AP reg 0x00, 0x80000002)
T7868 000:433.498 - 0.571ms returns 0
T7868 000:433.507 JLINK_CORESIGHT_WriteAPDPReg(AP reg 0x01, 0x80011140)
T7868 000:433.869 - 0.362ms returns 0
T7868 000:433.883 JLINK_CORESIGHT_ReadAPDPReg(AP reg 0x03)
T7868 000:434.317   Value=0x00000002
T7868 000:434.354 - 0.471ms returns 0
T7868 000:434.360 JLINK_CORESIGHT_ReadAPDPReg(AP reg 0x03)
T7868 000:434.727   Value=0x00000002
T7868 000:434.732 - 0.372ms returns 0
T7868 000:434.737 JLINK_CORESIGHT_ReadAPDPReg(AP reg 0x03)
T7868 000:435.135   Value=0x00000002
T7868 000:435.173 - 0.435ms returns 0
T7868 000:435.180 JLINK_CORESIGHT_ReadAPDPReg(AP reg 0x03)
T7868 000:435.609   Value=0x00000002
T7868 000:435.623 - 0.442ms returns 0
T7868 000:435.629 JLINK_CORESIGHT_ReadAPDPReg(AP reg 0x03)
T7868 000:436.031   Value=0x00000002
T7868 000:436.042 - 0.412ms returns 0
T7868 000:436.049 JLINK_CORESIGHT_ReadAPDPReg(AP reg 0x03)
T7868 000:436.418   Value=0x00000002
T7868 000:436.424 - 0.375ms returns 0
T7868 000:436.429 JLINK_CORESIGHT_ReadAPDPReg(AP reg 0x03)
T7868 000:436.817   Value=0x00000000
T7868 000:436.824 - 0.394ms returns 0
T7868 000:436.829 JLINK_CORESIGHT_WriteAPDPReg(AP reg 0x00, 0x80000002)
T7868 000:437.161 - 0.331ms returns 0
T7868 000:437.172 JLINK_CORESIGHT_WriteAPDPReg(AP reg 0x01, 0x80011130)
T7868 000:437.580 - 0.406ms returns 0
T7868 000:437.599 JLINK_CORESIGHT_ReadAPDPReg(AP reg 0x03)
T7868 000:437.949   Value=0x73020081
T7868 000:437.962 - 0.362ms returns 0
T7868 000:437.969 JLINK_CORESIGHT_WriteAPDPReg(AP reg 0x00, 0x80000002)
T7868 000:438.246 - 0.277ms returns 0
T7868 000:438.253 JLINK_CORESIGHT_WriteAPDPReg(AP reg 0x01, 0x80011140)
T7868 000:438.602 - 0.349ms returns 0
T7868 000:438.608 JLINK_CORESIGHT_ReadAPDPReg(AP reg 0x03)
T7868 000:439.016   Value=0x00000000
T7868 000:439.022 - 0.414ms returns 0
T7868 000:439.028 JLINK_CORESIGHT_WriteAPDPReg(AP reg 0x00, 0x80000002)
T7868 000:439.351 - 0.323ms returns 0
T7868 000:439.357 JLINK_CORESIGHT_WriteAPDPReg(AP reg 0x01, 0x80011130)
T7868 000:439.720 - 0.361ms returns 0
T7868 000:439.755 JLINK_CORESIGHT_ReadAPDPReg(AP reg 0x03)
T7868 000:440.142   Value=0x00038902
T7868 000:440.147 - 0.392ms returns 0
T7868 000:440.154 JLINK_CORESIGHT_WriteAPDPReg(AP reg 0x00, 0x80000002)
T7868 000:440.480 - 0.326ms returns 0
T7868 000:440.508 JLINK_CORESIGHT_WriteAPDPReg(AP reg 0x01, 0x80011140)
T7868 000:440.856 - 0.349ms returns 0
T7868 000:440.870 JLINK_CORESIGHT_ReadAPDPReg(AP reg 0x03)
T7868 000:441.277   Value=0x00000002
T7868 000:441.288 - 0.417ms returns 0
T7868 000:441.295 JLINK_CORESIGHT_WriteAPDPReg(AP reg 0x00, 0x80000002)
T7868 000:441.613 - 0.318ms returns 0
T7868 000:441.619 JLINK_CORESIGHT_WriteAPDPReg(AP reg 0x01, 0x80011120)
T7868 000:441.950 - 0.330ms returns 0
T7868 000:441.958 JLINK_CORESIGHT_WriteAPDPReg(AP reg 0x03, 0x75010001)
T7868 000:442.281 - 0.323ms returns 0
T7868 000:442.296 JLINK_CORESIGHT_WriteAPDPReg(AP reg 0x00, 0x80000002)
T7868 000:442.629 - 0.333ms returns 0
T7868 000:442.639 JLINK_CORESIGHT_WriteAPDPReg(AP reg 0x01, 0x80011140)
T7868 000:443.005 - 0.366ms returns 0
T7868 000:443.012 JLINK_CORESIGHT_ReadAPDPReg(AP reg 0x03)
T7868 000:443.377   Value=0x00000002
T7868 000:443.383 - 0.370ms returns 0
T7868 000:443.388 JLINK_CORESIGHT_WriteAPDPReg(AP reg 0x00, 0x80000002)
T7868 000:443.698 - 0.309ms returns 0
T7868 000:443.709 JLINK_CORESIGHT_WriteAPDPReg(AP reg 0x01, 0x80011120)
T7868 000:443.999 - 0.289ms returns 0
T7868 000:444.007 JLINK_CORESIGHT_WriteAPDPReg(AP reg 0x03, 0x0000038A)
T7868 000:444.377 - 0.368ms returns 0
T7868 000:444.410 JLINK_CORESIGHT_WriteAPDPReg(AP reg 0x00, 0x80000002)
T7868 000:444.761 - 0.350ms returns 0
T7868 000:444.773 JLINK_CORESIGHT_WriteAPDPReg(AP reg 0x01, 0x80011140)
T7868 000:445.113 - 0.339ms returns 0
T7868 000:445.130 JLINK_CORESIGHT_ReadAPDPReg(AP reg 0x03)
T7868 000:445.521   Value=0x00000002
T7868 000:445.527 - 0.396ms returns 0
T7868 000:445.535 JLINK_CORESIGHT_ReadAPDPReg(AP reg 0x03)
T7868 000:445.881   Value=0x00000000
T7868 000:445.891 - 0.355ms returns 0
T7868 000:445.898 JLINK_CORESIGHT_WriteAPDPReg(AP reg 0x00, 0x80000002)
T7868 000:446.227 - 0.328ms returns 0
T7868 000:446.235 JLINK_CORESIGHT_WriteAPDPReg(AP reg 0x01, 0x80011130)
T7868 000:446.622 - 0.386ms returns 0
T7868 000:446.630 JLINK_CORESIGHT_ReadAPDPReg(AP reg 0x03)
T7868 000:447.003   Value=0x75020081
T7868 000:447.025 - 0.394ms returns 0
T7868 000:447.033 JLINK_CORESIGHT_WriteAPDPReg(AP reg 0x00, 0x80000002)
T7868 000:447.323 - 0.290ms returns 0
T7868 000:447.332 JLINK_CORESIGHT_WriteAPDPReg(AP reg 0x01, 0x80011140)
T7868 000:447.644 - 0.311ms returns 0
T7868 000:447.652 JLINK_CORESIGHT_ReadAPDPReg(AP reg 0x03)
T7868 000:448.048   Value=0x00000000
T7868 000:448.054 - 0.401ms returns 0
T7868 000:448.061 JLINK_CORESIGHT_WriteAPDPReg(AP reg 0x00, 0x80000002)
T7868 000:448.355 - 0.293ms returns 0
T7868 000:448.363 JLINK_CORESIGHT_WriteAPDPReg(AP reg 0x01, 0x80011130)
T7868 000:448.671 - 0.307ms returns 0
T7868 000:448.679 JLINK_CORESIGHT_ReadAPDPReg(AP reg 0x03)
T7868 000:449.118   Value=0x00038702
T7868 000:449.134 - 0.455ms returns 0
T7868 000:449.303 JLINK_CORESIGHT_WriteAPDPReg(AP reg 0x00, 0x80000002)
T7868 000:449.659 - 0.356ms returns 0
T7868 000:449.670 JLINK_CORESIGHT_WriteAPDPReg(AP reg 0x01, 0x80011140)
T7868 000:450.031 - 0.360ms returns 0
T7868 000:450.040 JLINK_CORESIGHT_ReadAPDPReg(AP reg 0x03)
T7868 000:450.425   Value=0x00000002
T7868 000:450.431 - 0.391ms returns 0
T7868 000:450.437 JLINK_CORESIGHT_WriteAPDPReg(AP reg 0x00, 0x80000002)
T7868 000:450.731 - 0.294ms returns 0
T7868 000:450.737 JLINK_CORESIGHT_WriteAPDPReg(AP reg 0x01, 0x80011120)
T7868 000:451.071 - 0.334ms returns 0
T7868 000:451.077 JLINK_CORESIGHT_WriteAPDPReg(AP reg 0x03, 0x4F010001)
T7868 000:451.403 - 0.326ms returns 0
T7868 000:451.409 JLINK_CORESIGHT_WriteAPDPReg(AP reg 0x00, 0x80000002)
T7868 000:451.753 - 0.343ms returns 0
T7868 000:451.762 JLINK_CORESIGHT_WriteAPDPReg(AP reg 0x01, 0x80011140)
T7868 000:452.132 - 0.369ms returns 0
T7868 000:452.155 JLINK_CORESIGHT_ReadAPDPReg(AP reg 0x03)
T7868 000:452.523   Value=0x00000002
T7868 000:452.529 - 0.374ms returns 0
T7868 000:452.534 JLINK_CORESIGHT_WriteAPDPReg(AP reg 0x00, 0x80000002)
T7868 000:452.853 - 0.318ms returns 0
T7868 000:452.859 JLINK_CORESIGHT_WriteAPDPReg(AP reg 0x01, 0x80011120)
T7868 000:453.170 - 0.311ms returns 0
T7868 000:453.176 JLINK_CORESIGHT_WriteAPDPReg(AP reg 0x03, 0x000003B0)
T7868 000:453.476 - 0.300ms returns 0
T7868 000:453.483 JLINK_CORESIGHT_WriteAPDPReg(AP reg 0x00, 0x80000002)
T7868 000:453.795 - 0.312ms returns 0
T7868 000:453.801 JLINK_CORESIGHT_WriteAPDPReg(AP reg 0x01, 0x80011140)
T7868 000:454.152 - 0.351ms returns 0
T7868 000:454.159 JLINK_CORESIGHT_ReadAPDPReg(AP reg 0x03)
T7868 000:454.524   Value=0x00000002
T7868 000:454.544 - 0.385ms returns 0
T7868 000:454.549 JLINK_CORESIGHT_ReadAPDPReg(AP reg 0x03)
T7868 000:454.880   Value=0x00000002
T7868 000:454.886 - 0.337ms returns 0
T7868 000:454.891 JLINK_CORESIGHT_ReadAPDPReg(AP reg 0x03)
T7868 000:455.253   Value=0x00000002
T7868 000:455.269 - 0.378ms returns 0
T7868 000:455.274 JLINK_CORESIGHT_ReadAPDPReg(AP reg 0x03)
T7868 000:455.623   Value=0x00000002
T7868 000:455.641 - 0.367ms returns 0
T7868 000:455.646 JLINK_CORESIGHT_ReadAPDPReg(AP reg 0x03)
T7868 000:456.000   Value=0x00000002
T7868 000:456.009 - 0.362ms returns 0
T7868 000:456.015 JLINK_CORESIGHT_ReadAPDPReg(AP reg 0x03)
T7868 000:456.393   Value=0x00000000
T7868 000:456.401 - 0.385ms returns 0
T7868 000:456.407 JLINK_CORESIGHT_WriteAPDPReg(AP reg 0x00, 0x80000002)
T7868 000:456.727 - 0.319ms returns 0
T7868 000:456.733 JLINK_CORESIGHT_WriteAPDPReg(AP reg 0x01, 0x80011130)
T7868 000:457.022 - 0.289ms returns 0
T7868 000:457.032 JLINK_CORESIGHT_ReadAPDPReg(AP reg 0x03)
T7868 000:457.392   Value=0x4F0B0081
T7868 000:457.398 - 0.366ms returns 0
T7868 000:457.403 JLINK_CORESIGHT_WriteAPDPReg(AP reg 0x00, 0x80000002)
T7868 000:457.728 - 0.324ms returns 0
T7868 000:457.734 JLINK_CORESIGHT_WriteAPDPReg(AP reg 0x01, 0x80011140)
T7868 000:458.046 - 0.311ms returns 0
T7868 000:458.079 JLINK_CORESIGHT_ReadAPDPReg(AP reg 0x03)
T7868 000:458.504   Value=0x00000000
T7868 000:458.526 - 0.447ms returns 0
T7868 000:458.531 JLINK_CORESIGHT_WriteAPDPReg(AP reg 0x00, 0x80000002)
T7868 000:458.859 - 0.327ms returns 0
T7868 000:458.865 JLINK_CORESIGHT_WriteAPDPReg(AP reg 0x01, 0x80011130)
T7868 000:459.192 - 0.327ms returns 0
T7868 000:459.198 JLINK_CORESIGHT_ReadAPDPReg(AP reg 0x03)
T7868 000:459.525   Value=0xE03F0000
T7868 000:459.532 - 0.334ms returns 0
T7868 000:459.541 JLINK_CORESIGHT_WriteAPDPReg(AP reg 0x00, 0x80000002)
T7868 000:459.906 - 0.364ms returns 0
T7868 000:459.915 JLINK_CORESIGHT_WriteAPDPReg(AP reg 0x01, 0x80011140)
T7868 000:460.230 - 0.314ms returns 0
T7868 000:460.238 JLINK_CORESIGHT_ReadAPDPReg(AP reg 0x03)
T7868 000:460.675   Value=0x00000000
T7868 000:460.692 - 0.453ms returns 0
T7868 000:460.700 JLINK_CORESIGHT_WriteAPDPReg(AP reg 0x00, 0x80000002)
T7868 000:461.108 - 0.407ms returns 0
T7868 000:461.121 JLINK_CORESIGHT_WriteAPDPReg(AP reg 0x01, 0x80011130)
T7868 000:461.472 - 0.350ms returns 0
T7868 000:461.485 JLINK_CORESIGHT_ReadAPDPReg(AP reg 0x03)
T7868 000:461.862   Value=0x00000000
T7868 000:461.874 - 0.388ms returns 0
T7868 000:461.880 JLINK_CORESIGHT_WriteAPDPReg(AP reg 0x00, 0x80000002)
T7868 000:462.218 - 0.337ms returns 0
T7868 000:462.231 JLINK_CORESIGHT_WriteAPDPReg(AP reg 0x01, 0x80011140)
T7868 000:462.545 - 0.314ms returns 0
T7868 000:462.553 JLINK_CORESIGHT_ReadAPDPReg(AP reg 0x03)
T7868 000:462.991   Value=0x00000000
T7868 000:463.005 - 0.451ms returns 0
T7868 000:463.012 JLINK_CORESIGHT_WriteAPDPReg(AP reg 0x00, 0x80000002)
T7868 000:463.362 - 0.350ms returns 0
T7868 000:463.375 JLINK_CORESIGHT_WriteAPDPReg(AP reg 0x01, 0x80011130)
T7868 000:463.828 - 0.453ms returns 0
T7868 000:463.841 JLINK_CORESIGHT_ReadAPDPReg(AP reg 0x03)
T7868 000:464.248   Value=0x03870000
T7868 000:464.256 - 0.415ms returns 0
T7868 000:464.267 JLINK_CORESIGHT_ReadAPDPReg(DP reg 0x01)
T7868 000:464.573   Value=0xF0000F40
T7868 000:464.579 - 0.312ms returns 0
T7868 000:464.584 JLINK_CORESIGHT_WriteAPDPReg(DP reg 0x01, 0xA0000F40)
T7868 000:464.895 - 0.311ms returns 0
T7868 000:464.902 JLINK_CORESIGHT_ReadAPDPReg(DP reg 0x01)
T7868 000:465.226   Value=0x00000F40
T7868 000:465.232 - 0.329ms returns 0
T7868 000:465.237 JLINK_ClrRESET()
T7868 000:465.772 - 0.535ms 
T7868 000:571.898 JLINK_Close()
T7868 000:584.507 - 12.608ms
T7868 000:584.529   
T7868 000:584.533   Closed
