T7FD0 000:001.078   SEGGER J-Link V9.14a Log File
T7FD0 000:001.166   DLL Compiled: Jan 28 2026 17:11:52
T7FD0 000:001.170   Logging started @ 2026-08-28 07:31
T7FD0 000:001.174   Process: C:\Users\qq292\.eclipse\com.renesas.platform_275973119\DebugComp\RA\e2-server-gdb.exe
T7FD0 000:001.182 - 1.178ms 
T7FD0 000:001.193 JLINK_GetDLLVersion()
T7FD0 000:001.196 - 0.004ms returns 91401
T7FD0 000:002.770 JLINK_OpenEx(...)
T7FD0 000:008.926   Firmware: J-Link Pro V4 V11 PLUS Feb compiled 20 2025 16:24:17 
T7FD0 000:009.836   Firmware: J-Link Pro V4 V11 PLUS Feb compiled 20 2025 16:24:17 
T7FD0 000:009.956   Decompressing FW timestamp took 82 us
T7FD0 000:012.085   Hardware: V11.00
T7FD0 000:012.098   S/N: 601023993
T7FD0 000:012.103   OEM: SEGGER
T7FD0 000:012.108   Feature(s): FlashBP, GDB, JFlash, FlashDL, RDI
T7FD0 000:013.133   Bootloader: (FW returned invalid version)
T7FD0 000:013.825   USB speed mode: High speed (480 MBit/s)
T7FD0 000:014.235   TELNET listener socket opened on port 19021
T7FD0 000:014.344   WEBSRV WEBSRV_Init(): Starting webserver thread(s)
T7FD0 000:014.563   WEBSRV Webserver running on local port 19080
T7FD0 000:014.679   Looking for J-Link GUI Server exe at: C:\Users\qq292\.eclipse\com.renesas.platform_275973119\DebugComp\RA\ARM\Segger_v9.14.1\JLinkGUIServer.exe
T7FD0 000:014.744   Looking for J-Link GUI Server exe at: D:\Single-chip\STLINK\JLink\JLink_V796\JLinkGUIServer.exe
T7FD0 000:014.753   Forking J-Link GUI Server: D:\Single-chip\STLINK\JLink\JLink_V796\JLinkGUIServer.exe
T7FD0 000:030.977   J-Link GUI Server info: "J-Link GUI server V7.96 "
T7FD0 000:033.515 - 30.742ms returns "O.K."
T7FD0 000:033.595 JLINK_TIF_Select(JLINKARM_TIF_SWD)
T7FD0 000:034.854 - 1.259ms returns 0x00
T7FD0 000:034.871 JLINK_ClrRESET()
T7FD0 000:035.405 - 0.533ms 
T7FD0 000:085.589 JLINK_SetSpeed(1500)
T7FD0 000:086.078 - 0.509ms 
T7FD0 000:086.086 JLINK_CORESIGHT_Configure(PerformTIFInit=0)
T7FD0 000:086.597 - 0.512ms returns 0
T7FD0 000:086.607 JLINK_CORESIGHT_ReadAPDPReg(DP reg 0x00)
T7FD0 000:087.238   Value=0x6BA02477
T7FD0 000:087.243 - 0.638ms returns 0
T7FD0 000:087.250 JLINK_CORESIGHT_WriteAPDPReg(DP reg 0x00, 0x0000001F)
T7FD0 000:087.627 - 0.377ms returns 0
T7FD0 000:087.632 JLINK_CORESIGHT_ReadAPDPReg(DP reg 0x00)
T7FD0 000:088.004   Value=0x6BA02477
T7FD0 000:088.010 - 0.377ms returns 0
T7FD0 000:088.015 JLINK_CORESIGHT_WriteAPDPReg(DP reg 0x02, 0x00000000)
T7FD0 000:088.330 - 0.315ms returns 0
T7FD0 000:088.335 JLINK_CORESIGHT_WriteAPDPReg(DP reg 0x01, 0x50000000)
T7FD0 000:088.676 - 0.340ms returns 0
T7FD0 000:088.683 JLINK_CORESIGHT_ReadAPDPReg(DP reg 0x01)
T7FD0 000:089.000   Value=0xF0000040
T7FD0 000:089.005 - 0.322ms returns 0
T7FD0 000:089.010 JLINK_CORESIGHT_WriteAPDPReg(DP reg 0x00, 0x0000001F)
T7FD0 000:089.314 - 0.304ms returns 0
T7FD0 000:089.321 JLINK_CORESIGHT_ReadAPDPReg(DP reg 0x00)
T7FD0 000:089.728   Value=0x6BA02477
T7FD0 000:089.771 - 0.450ms returns 0
T7FD0 000:089.813 JLINK_CORESIGHT_WriteAPDPReg(DP reg 0x01, 0x54000000)
T7FD0 000:090.180 - 0.366ms returns 0
T7FD0 000:090.192 JLINK_CORESIGHT_WriteAPDPReg(DP reg 0x01, 0x50000F00)
T7FD0 000:090.505 - 0.313ms returns 0
T7FD0 000:090.511 JLINK_CORESIGHT_WriteAPDPReg(DP reg 0x02, 0x01000000)
T7FD0 000:090.858 - 0.346ms returns 0
T7FD0 000:090.867 JLINK_CORESIGHT_WriteAPDPReg(AP reg 0x00, 0x80000002)
T7FD0 000:091.171 - 0.304ms returns 0
T7FD0 000:091.177 JLINK_CORESIGHT_WriteAPDPReg(AP reg 0x01, 0x80011100)
T7FD0 000:091.527 - 0.350ms returns 0
T7FD0 000:091.532 JLINK_CORESIGHT_WriteAPDPReg(AP reg 0x03, 0x000000A5)
T7FD0 000:091.854 - 0.322ms returns 0
T7FD0 000:091.860 JLINK_CORESIGHT_WriteAPDPReg(AP reg 0x00, 0x80000002)
T7FD0 000:092.156 - 0.296ms returns 0
T7FD0 000:092.161 JLINK_CORESIGHT_WriteAPDPReg(AP reg 0x01, 0x80011100)
T7FD0 000:092.483 - 0.321ms returns 0
T7FD0 000:092.489 JLINK_CORESIGHT_ReadAPDPReg(AP reg 0x03)
T7FD0 000:092.819   Value=0x000000A5
T7FD0 000:092.825 - 0.336ms returns 0
T7FD0 000:092.830 JLINK_ClrTMS()
T7FD0 000:093.078 - 0.248ms 
T7FD0 000:098.514 JLINK_SetTCK()
T7FD0 000:098.823 - 0.309ms returns 0
T7FD0 000:104.515 JLINK_SetRESET()
T7FD0 000:104.767 - 0.251ms 
T7FD0 000:305.528 JLINK_CORESIGHT_WriteAPDPReg(AP reg 0x00, 0x80000002)
T7FD0 000:305.922 - 0.394ms returns 0
T7FD0 000:305.935 JLINK_CORESIGHT_WriteAPDPReg(AP reg 0x01, 0x80011100)
T7FD0 000:306.279 - 0.344ms returns 0
T7FD0 000:306.284 JLINK_CORESIGHT_ReadAPDPReg(AP reg 0x03)
T7FD0 000:306.751   Value=0x00000000
T7FD0 000:306.760 - 0.475ms returns 0
T7FD0 000:306.767 JLINK_CORESIGHT_WriteAPDPReg(AP reg 0x00, 0x80000002)
T7FD0 000:307.140 - 0.372ms returns 0
T7FD0 000:307.150 JLINK_CORESIGHT_WriteAPDPReg(AP reg 0x01, 0x80011140)
T7FD0 000:307.444 - 0.294ms returns 0
T7FD0 000:307.452 JLINK_CORESIGHT_ReadAPDPReg(AP reg 0x03)
T7FD0 000:307.821   Value=0x00000002
T7FD0 000:307.827 - 0.375ms returns 0
T7FD0 000:307.832 JLINK_CORESIGHT_WriteAPDPReg(AP reg 0x00, 0x80000002)
T7FD0 000:308.150 - 0.318ms returns 0
T7FD0 000:308.155 JLINK_CORESIGHT_WriteAPDPReg(AP reg 0x01, 0x80011120)
T7FD0 000:308.443 - 0.288ms returns 0
T7FD0 000:308.449 JLINK_CORESIGHT_WriteAPDPReg(AP reg 0x03, 0x00000055)
T7FD0 000:308.805 - 0.356ms returns 0
T7FD0 000:308.811 JLINK_CORESIGHT_WriteAPDPReg(AP reg 0x00, 0x80000002)
T7FD0 000:309.110 - 0.299ms returns 0
T7FD0 000:309.115 JLINK_CORESIGHT_WriteAPDPReg(AP reg 0x01, 0x80011140)
T7FD0 000:309.449 - 0.333ms returns 0
T7FD0 000:309.455 JLINK_CORESIGHT_ReadAPDPReg(AP reg 0x03)
T7FD0 000:309.773   Value=0x00000002
T7FD0 000:309.778 - 0.323ms returns 0
T7FD0 000:309.784 JLINK_CORESIGHT_ReadAPDPReg(AP reg 0x03)
T7FD0 000:310.149   Value=0x00000002
T7FD0 000:310.154 - 0.370ms returns 0
T7FD0 000:310.159 JLINK_CORESIGHT_ReadAPDPReg(AP reg 0x03)
T7FD0 000:310.467   Value=0x00000002
T7FD0 000:310.473 - 0.314ms returns 0
T7FD0 000:310.478 JLINK_CORESIGHT_ReadAPDPReg(AP reg 0x03)
T7FD0 000:310.800   Value=0x00000002
T7FD0 000:310.805 - 0.327ms returns 0
T7FD0 000:310.810 JLINK_CORESIGHT_ReadAPDPReg(AP reg 0x03)
T7FD0 000:311.167   Value=0x00000002
T7FD0 000:311.172 - 0.361ms returns 0
T7FD0 000:311.177 JLINK_CORESIGHT_ReadAPDPReg(AP reg 0x03)
T7FD0 000:311.549   Value=0x00000002
T7FD0 000:311.555 - 0.378ms returns 0
T7FD0 000:311.560 JLINK_CORESIGHT_ReadAPDPReg(AP reg 0x03)
T7FD0 000:312.027   Value=0x00000002
T7FD0 000:312.037 - 0.477ms returns 0
T7FD0 000:312.044 JLINK_CORESIGHT_ReadAPDPReg(AP reg 0x03)
T7FD0 000:312.398   Value=0x00000002
T7FD0 000:312.403 - 0.359ms returns 0
T7FD0 000:312.408 JLINK_CORESIGHT_ReadAPDPReg(AP reg 0x03)
T7FD0 000:312.754   Value=0x00000002
T7FD0 000:312.759 - 0.350ms returns 0
T7FD0 000:312.764 JLINK_CORESIGHT_ReadAPDPReg(AP reg 0x03)
T7FD0 000:313.077   Value=0x00000002
T7FD0 000:313.082 - 0.317ms returns 0
T7FD0 000:313.086 JLINK_CORESIGHT_ReadAPDPReg(AP reg 0x03)
T7FD0 000:313.468   Value=0x00000002
T7FD0 000:313.473 - 0.387ms returns 0
T7FD0 000:313.478 JLINK_CORESIGHT_ReadAPDPReg(AP reg 0x03)
T7FD0 000:313.799   Value=0x00000002
T7FD0 000:313.804 - 0.326ms returns 0
T7FD0 000:313.809 JLINK_CORESIGHT_ReadAPDPReg(AP reg 0x03)
T7FD0 000:314.111   Value=0x00000002
T7FD0 000:314.117 - 0.307ms returns 0
T7FD0 000:314.121 JLINK_CORESIGHT_ReadAPDPReg(AP reg 0x03)
T7FD0 000:314.467   Value=0x00000002
T7FD0 000:314.472 - 0.350ms returns 0
T7FD0 000:314.477 JLINK_CORESIGHT_ReadAPDPReg(AP reg 0x03)
T7FD0 000:314.828   Value=0x00000002
T7FD0 000:314.833 - 0.356ms returns 0
T7FD0 000:314.842 JLINK_CORESIGHT_ReadAPDPReg(AP reg 0x03)
T7FD0 000:315.184   Value=0x00000002
T7FD0 000:315.189 - 0.347ms returns 0
T7FD0 000:315.197 JLINK_CORESIGHT_ReadAPDPReg(AP reg 0x03)
T7FD0 000:315.568   Value=0x00000002
T7FD0 000:315.579 - 0.381ms returns 0
T7FD0 000:315.635 JLINK_CORESIGHT_ReadAPDPReg(AP reg 0x03)
T7FD0 000:315.985   Value=0x00000002
T7FD0 000:315.991 - 0.355ms returns 0
T7FD0 000:315.995 JLINK_CORESIGHT_ReadAPDPReg(AP reg 0x03)
T7FD0 000:316.315   Value=0x00000002
T7FD0 000:316.320 - 0.324ms returns 0
T7FD0 000:316.324 JLINK_CORESIGHT_ReadAPDPReg(AP reg 0x03)
T7FD0 000:316.674   Value=0x00000002
T7FD0 000:316.684 - 0.359ms returns 0
T7FD0 000:316.689 JLINK_CORESIGHT_ReadAPDPReg(AP reg 0x03)
T7FD0 000:317.050   Value=0x00000002
T7FD0 000:317.056 - 0.367ms returns 0
T7FD0 000:317.060 JLINK_CORESIGHT_ReadAPDPReg(AP reg 0x03)
T7FD0 000:317.424   Value=0x00000002
T7FD0 000:317.429 - 0.369ms returns 0
T7FD0 000:317.434 JLINK_CORESIGHT_ReadAPDPReg(AP reg 0x03)
T7FD0 000:317.747   Value=0x00000002
T7FD0 000:317.752 - 0.318ms returns 0
T7FD0 000:317.757 JLINK_CORESIGHT_ReadAPDPReg(AP reg 0x03)
T7FD0 000:318.093   Value=0x00000002
T7FD0 000:318.099 - 0.341ms returns 0
T7FD0 000:318.103 JLINK_CORESIGHT_ReadAPDPReg(AP reg 0x03)
T7FD0 000:318.470   Value=0x00000002
T7FD0 000:318.475 - 0.372ms returns 0
T7FD0 000:318.480 JLINK_CORESIGHT_ReadAPDPReg(AP reg 0x03)
T7FD0 000:318.975   Value=0x00000002
T7FD0 000:318.986 - 0.505ms returns 0
T7FD0 000:318.992 JLINK_CORESIGHT_ReadAPDPReg(AP reg 0x03)
T7FD0 000:319.375   Value=0x00000002
T7FD0 000:319.384 - 0.392ms returns 0
T7FD0 000:319.391 JLINK_CORESIGHT_ReadAPDPReg(AP reg 0x03)
T7FD0 000:319.735   Value=0x00000002
T7FD0 000:319.741 - 0.350ms returns 0
T7FD0 000:319.746 JLINK_CORESIGHT_ReadAPDPReg(AP reg 0x03)
T7FD0 000:320.129   Value=0x00000002
T7FD0 000:320.134 - 0.387ms returns 0
T7FD0 000:320.139 JLINK_CORESIGHT_ReadAPDPReg(AP reg 0x03)
T7FD0 000:320.474   Value=0x00000000
T7FD0 000:320.480 - 0.341ms returns 0
T7FD0 000:320.485 JLINK_CORESIGHT_WriteAPDPReg(AP reg 0x00, 0x80000002)
T7FD0 000:320.803 - 0.317ms returns 0
T7FD0 000:320.808 JLINK_CORESIGHT_WriteAPDPReg(AP reg 0x01, 0x80011130)
T7FD0 000:321.149 - 0.340ms returns 0
T7FD0 000:321.154 JLINK_CORESIGHT_ReadAPDPReg(AP reg 0x03)
T7FD0 000:321.485   Value=0x000000C6
T7FD0 000:321.490 - 0.335ms returns 0
T7FD0 000:321.503 JLINK_CORESIGHT_WriteAPDPReg(AP reg 0x00, 0x80000002)
T7FD0 000:321.809 - 0.305ms returns 0
T7FD0 000:321.814 JLINK_CORESIGHT_WriteAPDPReg(AP reg 0x01, 0x80011140)
T7FD0 000:322.149 - 0.335ms returns 0
T7FD0 000:322.155 JLINK_CORESIGHT_ReadAPDPReg(AP reg 0x03)
T7FD0 000:322.470   Value=0x00000002
T7FD0 000:322.475 - 0.320ms returns 0
T7FD0 000:322.480 JLINK_CORESIGHT_WriteAPDPReg(AP reg 0x00, 0x80000002)
T7FD0 000:322.892 - 0.411ms returns 0
T7FD0 000:322.904 JLINK_CORESIGHT_WriteAPDPReg(AP reg 0x01, 0x80011120)
T7FD0 000:323.331 - 0.426ms returns 0
T7FD0 000:323.341 JLINK_CORESIGHT_WriteAPDPReg(AP reg 0x03, 0x3A010001)
T7FD0 000:323.662 - 0.321ms returns 0
T7FD0 000:323.673 JLINK_CORESIGHT_WriteAPDPReg(AP reg 0x00, 0x80000002)
T7FD0 000:324.143 - 0.469ms returns 0
T7FD0 000:324.152 JLINK_CORESIGHT_WriteAPDPReg(AP reg 0x01, 0x80011140)
T7FD0 000:324.476 - 0.324ms returns 0
T7FD0 000:324.482 JLINK_CORESIGHT_ReadAPDPReg(AP reg 0x03)
T7FD0 000:324.821   Value=0x00000002
T7FD0 000:324.827 - 0.344ms returns 0
T7FD0 000:324.832 JLINK_CORESIGHT_WriteAPDPReg(AP reg 0x00, 0x80000002)
T7FD0 000:325.150 - 0.317ms returns 0
T7FD0 000:325.155 JLINK_CORESIGHT_WriteAPDPReg(AP reg 0x01, 0x80011120)
T7FD0 000:326.245 - 1.090ms returns 0
T7FD0 000:326.258 JLINK_CORESIGHT_WriteAPDPReg(AP reg 0x03, 0x000003C5)
T7FD0 000:326.576 - 0.317ms returns 0
T7FD0 000:326.590 JLINK_CORESIGHT_WriteAPDPReg(AP reg 0x00, 0x80000002)
T7FD0 000:326.923 - 0.333ms returns 0
T7FD0 000:326.930 JLINK_CORESIGHT_WriteAPDPReg(AP reg 0x01, 0x80011140)
T7FD0 000:327.273 - 0.343ms returns 0
T7FD0 000:327.279 JLINK_CORESIGHT_ReadAPDPReg(AP reg 0x03)
T7FD0 000:327.648   Value=0x00000002
T7FD0 000:327.654 - 0.375ms returns 0
T7FD0 000:327.659 JLINK_CORESIGHT_ReadAPDPReg(AP reg 0x03)
T7FD0 000:327.978   Value=0x00000000
T7FD0 000:327.983 - 0.324ms returns 0
T7FD0 000:327.988 JLINK_CORESIGHT_WriteAPDPReg(AP reg 0x00, 0x80000002)
T7FD0 000:328.293 - 0.305ms returns 0
T7FD0 000:328.298 JLINK_CORESIGHT_WriteAPDPReg(AP reg 0x01, 0x80011130)
T7FD0 000:328.621 - 0.322ms returns 0
T7FD0 000:328.627 JLINK_CORESIGHT_ReadAPDPReg(AP reg 0x03)
T7FD0 000:328.968   Value=0x3A2A0081
T7FD0 000:328.973 - 0.347ms returns 0
T7FD0 000:328.978 JLINK_CORESIGHT_WriteAPDPReg(AP reg 0x00, 0x80000002)
T7FD0 000:329.295 - 0.317ms returns 0
T7FD0 000:329.302 JLINK_CORESIGHT_WriteAPDPReg(AP reg 0x01, 0x80011140)
T7FD0 000:329.619 - 0.317ms returns 0
T7FD0 000:329.625 JLINK_CORESIGHT_ReadAPDPReg(AP reg 0x03)
T7FD0 000:329.968   Value=0x00000000
T7FD0 000:329.973 - 0.348ms returns 0
T7FD0 000:329.978 JLINK_CORESIGHT_WriteAPDPReg(AP reg 0x00, 0x80000002)
T7FD0 000:330.307 - 0.329ms returns 0
T7FD0 000:330.313 JLINK_CORESIGHT_WriteAPDPReg(AP reg 0x01, 0x80011130)
T7FD0 000:330.648 - 0.335ms returns 0
T7FD0 000:330.654 JLINK_CORESIGHT_ReadAPDPReg(AP reg 0x03)
T7FD0 000:330.984   Value=0x808D5B00
T7FD0 000:330.990 - 0.336ms returns 0
T7FD0 000:330.995 JLINK_CORESIGHT_WriteAPDPReg(AP reg 0x00, 0x80000002)
T7FD0 000:331.319 - 0.324ms returns 0
T7FD0 000:331.324 JLINK_CORESIGHT_WriteAPDPReg(AP reg 0x01, 0x80011140)
T7FD0 000:331.649 - 0.324ms returns 0
T7FD0 000:331.655 JLINK_CORESIGHT_ReadAPDPReg(AP reg 0x03)
T7FD0 000:332.023   Value=0x00000000
T7FD0 000:332.029 - 0.373ms returns 0
T7FD0 000:332.034 JLINK_CORESIGHT_WriteAPDPReg(AP reg 0x00, 0x80000002)
T7FD0 000:332.320 - 0.286ms returns 0
T7FD0 000:332.325 JLINK_CORESIGHT_WriteAPDPReg(AP reg 0x01, 0x80011130)
T7FD0 000:332.940 - 0.614ms returns 0
T7FD0 000:332.963 JLINK_CORESIGHT_ReadAPDPReg(AP reg 0x03)
T7FD0 000:333.353   Value=0x0406070A
T7FD0 000:333.359 - 0.396ms returns 0
T7FD0 000:333.365 JLINK_CORESIGHT_WriteAPDPReg(AP reg 0x00, 0x80000002)
T7FD0 000:333.710 - 0.345ms returns 0
T7FD0 000:333.715 JLINK_CORESIGHT_WriteAPDPReg(AP reg 0x01, 0x80011140)
T7FD0 000:334.056 - 0.340ms returns 0
T7FD0 000:334.062 JLINK_CORESIGHT_ReadAPDPReg(AP reg 0x03)
T7FD0 000:334.431   Value=0x00000000
T7FD0 000:334.436 - 0.374ms returns 0
T7FD0 000:334.442 JLINK_CORESIGHT_WriteAPDPReg(AP reg 0x00, 0x80000002)
T7FD0 000:334.777 - 0.335ms returns 0
T7FD0 000:334.782 JLINK_CORESIGHT_WriteAPDPReg(AP reg 0x01, 0x80011130)
T7FD0 000:335.100 - 0.318ms returns 0
T7FD0 000:335.106 JLINK_CORESIGHT_ReadAPDPReg(AP reg 0x03)
T7FD0 000:335.473   Value=0x3254540B
T7FD0 000:335.478 - 0.372ms returns 0
T7FD0 000:335.483 JLINK_CORESIGHT_WriteAPDPReg(AP reg 0x00, 0x80000002)
T7FD0 000:335.803 - 0.320ms returns 0
T7FD0 000:335.808 JLINK_CORESIGHT_WriteAPDPReg(AP reg 0x01, 0x80011140)
T7FD0 000:336.116 - 0.307ms returns 0
T7FD0 000:336.121 JLINK_CORESIGHT_ReadAPDPReg(AP reg 0x03)
T7FD0 000:336.474   Value=0x00000000
T7FD0 000:336.479 - 0.358ms returns 0
T7FD0 000:336.484 JLINK_CORESIGHT_WriteAPDPReg(AP reg 0x00, 0x80000002)
T7FD0 000:336.777 - 0.292ms returns 0
T7FD0 000:336.782 JLINK_CORESIGHT_WriteAPDPReg(AP reg 0x01, 0x80011130)
T7FD0 000:337.094 - 0.312ms returns 0
T7FD0 000:337.100 JLINK_CORESIGHT_ReadAPDPReg(AP reg 0x03)
T7FD0 000:337.490   Value=0x54508A59
T7FD0 000:337.495 - 0.395ms returns 0
T7FD0 000:337.499 JLINK_CORESIGHT_WriteAPDPReg(AP reg 0x00, 0x80000002)
T7FD0 000:337.805 - 0.305ms returns 0
T7FD0 000:337.811 JLINK_CORESIGHT_WriteAPDPReg(AP reg 0x01, 0x80011140)
T7FD0 000:338.153 - 0.342ms returns 0
T7FD0 000:338.158 JLINK_CORESIGHT_ReadAPDPReg(AP reg 0x03)
T7FD0 000:338.628   Value=0x00000000
T7FD0 000:338.638 - 0.479ms returns 0
T7FD0 000:338.644 JLINK_CORESIGHT_WriteAPDPReg(AP reg 0x00, 0x80000002)
T7FD0 000:338.947 - 0.303ms returns 0
T7FD0 000:338.958 JLINK_CORESIGHT_WriteAPDPReg(AP reg 0x01, 0x80011130)
T7FD0 000:339.273 - 0.316ms returns 0
T7FD0 000:339.279 JLINK_CORESIGHT_ReadAPDPReg(AP reg 0x03)
T7FD0 000:340.031   Value=0x34325736
T7FD0 000:340.041 - 0.762ms returns 0
T7FD0 000:340.047 JLINK_CORESIGHT_WriteAPDPReg(AP reg 0x00, 0x80000002)
T7FD0 000:340.366 - 0.319ms returns 0
T7FD0 000:340.373 JLINK_CORESIGHT_WriteAPDPReg(AP reg 0x01, 0x80011140)
T7FD0 000:340.718 - 0.345ms returns 0
T7FD0 000:340.740 JLINK_CORESIGHT_ReadAPDPReg(AP reg 0x03)
T7FD0 000:341.094   Value=0x00000000
T7FD0 000:341.100 - 0.359ms returns 0
T7FD0 000:341.108 JLINK_CORESIGHT_WriteAPDPReg(AP reg 0x00, 0x80000002)
T7FD0 000:341.432 - 0.324ms returns 0
T7FD0 000:341.440 JLINK_CORESIGHT_WriteAPDPReg(AP reg 0x01, 0x80011130)
T7FD0 000:341.801 - 0.360ms returns 0
T7FD0 000:341.811 JLINK_CORESIGHT_ReadAPDPReg(AP reg 0x03)
T7FD0 000:342.168   Value=0x76082D30
T7FD0 000:342.173 - 0.362ms returns 0
T7FD0 000:342.181 JLINK_CORESIGHT_WriteAPDPReg(AP reg 0x00, 0x80000002)
T7FD0 000:342.530 - 0.349ms returns 0
T7FD0 000:342.542 JLINK_CORESIGHT_WriteAPDPReg(AP reg 0x01, 0x80011140)
T7FD0 000:342.851 - 0.309ms returns 0
T7FD0 000:342.862 JLINK_CORESIGHT_ReadAPDPReg(AP reg 0x03)
T7FD0 000:343.199   Value=0x00000000
T7FD0 000:343.204 - 0.342ms returns 0
T7FD0 000:343.213 JLINK_CORESIGHT_WriteAPDPReg(AP reg 0x00, 0x80000002)
T7FD0 000:343.535 - 0.322ms returns 0
T7FD0 000:343.543 JLINK_CORESIGHT_WriteAPDPReg(AP reg 0x01, 0x80011130)
T7FD0 000:343.843 - 0.300ms returns 0
T7FD0 000:343.851 JLINK_CORESIGHT_ReadAPDPReg(AP reg 0x03)
T7FD0 000:344.185   Value=0x4B375266
T7FD0 000:344.190 - 0.338ms returns 0
T7FD0 000:344.198 JLINK_CORESIGHT_WriteAPDPReg(AP reg 0x00, 0x80000002)
T7FD0 000:344.528 - 0.330ms returns 0
T7FD0 000:344.537 JLINK_CORESIGHT_WriteAPDPReg(AP reg 0x01, 0x80011140)
T7FD0 000:344.904 - 0.366ms returns 0
T7FD0 000:344.914 JLINK_CORESIGHT_ReadAPDPReg(AP reg 0x03)
T7FD0 000:345.277   Value=0x00000000
T7FD0 000:345.282 - 0.368ms returns 0
T7FD0 000:345.290 JLINK_CORESIGHT_WriteAPDPReg(AP reg 0x00, 0x80000002)
T7FD0 000:345.560 - 0.270ms returns 0
T7FD0 000:345.568 JLINK_CORESIGHT_WriteAPDPReg(AP reg 0x01, 0x80011130)
T7FD0 000:345.845 - 0.277ms returns 0
T7FD0 000:345.853 JLINK_CORESIGHT_ReadAPDPReg(AP reg 0x03)
T7FD0 000:346.182   Value=0x31503841
T7FD0 000:346.187 - 0.334ms returns 0
T7FD0 000:346.194 JLINK_CORESIGHT_WriteAPDPReg(AP reg 0x00, 0x80000002)
T7FD0 000:346.752 - 0.557ms returns 0
T7FD0 000:346.829 JLINK_CORESIGHT_WriteAPDPReg(AP reg 0x01, 0x80011140)
T7FD0 000:347.123 - 0.294ms returns 0
T7FD0 000:347.129 JLINK_CORESIGHT_ReadAPDPReg(AP reg 0x03)
T7FD0 000:347.468   Value=0x00000000
T7FD0 000:347.474 - 0.344ms returns 0
T7FD0 000:347.479 JLINK_CORESIGHT_WriteAPDPReg(AP reg 0x00, 0x80000002)
T7FD0 000:347.786 - 0.307ms returns 0
T7FD0 000:347.793 JLINK_CORESIGHT_WriteAPDPReg(AP reg 0x01, 0x80011130)
T7FD0 000:348.110 - 0.317ms returns 0
T7FD0 000:348.115 JLINK_CORESIGHT_ReadAPDPReg(AP reg 0x03)
T7FD0 000:348.441   Value=0x434C464B
T7FD0 000:348.446 - 0.330ms returns 0
T7FD0 000:348.451 JLINK_CORESIGHT_WriteAPDPReg(AP reg 0x00, 0x80000002)
T7FD0 000:348.774 - 0.322ms returns 0
T7FD0 000:348.779 JLINK_CORESIGHT_WriteAPDPReg(AP reg 0x01, 0x80011140)
T7FD0 000:349.115 - 0.335ms returns 0
T7FD0 000:349.120 JLINK_CORESIGHT_ReadAPDPReg(AP reg 0x03)
T7FD0 000:349.475   Value=0x00000000
T7FD0 000:349.480 - 0.360ms returns 0
T7FD0 000:349.485 JLINK_CORESIGHT_WriteAPDPReg(AP reg 0x00, 0x80000002)
T7FD0 000:349.802 - 0.317ms returns 0
T7FD0 000:349.808 JLINK_CORESIGHT_WriteAPDPReg(AP reg 0x01, 0x80011130)
T7FD0 000:350.124 - 0.316ms returns 0
T7FD0 000:350.130 JLINK_CORESIGHT_ReadAPDPReg(AP reg 0x03)
T7FD0 000:350.468   Value=0x20204341
T7FD0 000:350.473 - 0.343ms returns 0
T7FD0 000:350.478 JLINK_CORESIGHT_WriteAPDPReg(AP reg 0x00, 0x80000002)
T7FD0 000:350.783 - 0.304ms returns 0
T7FD0 000:350.788 JLINK_CORESIGHT_WriteAPDPReg(AP reg 0x01, 0x80011140)
T7FD0 000:351.099 - 0.310ms returns 0
T7FD0 000:351.111 JLINK_CORESIGHT_ReadAPDPReg(AP reg 0x03)
T7FD0 000:351.446   Value=0x00000000
T7FD0 000:351.452 - 0.340ms returns 0
T7FD0 000:351.457 JLINK_CORESIGHT_WriteAPDPReg(AP reg 0x00, 0x80000002)
T7FD0 000:351.773 - 0.316ms returns 0
T7FD0 000:351.779 JLINK_CORESIGHT_WriteAPDPReg(AP reg 0x01, 0x80011130)
T7FD0 000:352.069 - 0.289ms returns 0
T7FD0 000:352.074 JLINK_CORESIGHT_ReadAPDPReg(AP reg 0x03)
T7FD0 000:352.420   Value=0x0003A720
T7FD0 000:352.425 - 0.351ms returns 0
T7FD0 000:352.463 JLINK_CORESIGHT_WriteAPDPReg(AP reg 0x00, 0x80000002)
T7FD0 000:352.747 - 0.283ms returns 0
T7FD0 000:352.752 JLINK_CORESIGHT_WriteAPDPReg(AP reg 0x01, 0x80011140)
T7FD0 000:353.059 - 0.306ms returns 0
T7FD0 000:353.064 JLINK_CORESIGHT_ReadAPDPReg(AP reg 0x03)
T7FD0 000:353.727   Value=0x00000002
T7FD0 000:353.741 - 0.677ms returns 0
T7FD0 000:353.748 JLINK_CORESIGHT_WriteAPDPReg(AP reg 0x00, 0x80000002)
T7FD0 000:354.069 - 0.321ms returns 0
T7FD0 000:354.079 JLINK_CORESIGHT_WriteAPDPReg(AP reg 0x01, 0x80011120)
T7FD0 000:354.400 - 0.320ms returns 0
T7FD0 000:354.405 JLINK_CORESIGHT_WriteAPDPReg(AP reg 0x03, 0x39020001)
T7FD0 000:355.040 - 0.634ms returns 0
T7FD0 000:355.055 JLINK_CORESIGHT_WriteAPDPReg(AP reg 0x00, 0x80000002)
T7FD0 000:355.402 - 0.347ms returns 0
T7FD0 000:355.413 JLINK_CORESIGHT_WriteAPDPReg(AP reg 0x01, 0x80011140)
T7FD0 000:355.736 - 0.323ms returns 0
T7FD0 000:355.743 JLINK_CORESIGHT_ReadAPDPReg(AP reg 0x03)
T7FD0 000:356.071   Value=0x00000002
T7FD0 000:356.076 - 0.333ms returns 0
T7FD0 000:356.081 JLINK_CORESIGHT_WriteAPDPReg(AP reg 0x00, 0x80000002)
T7FD0 000:356.408 - 0.327ms returns 0
T7FD0 000:356.413 JLINK_CORESIGHT_WriteAPDPReg(AP reg 0x01, 0x80011120)
T7FD0 000:356.719 - 0.305ms returns 0
T7FD0 000:356.725 JLINK_CORESIGHT_WriteAPDPReg(AP reg 0x03, 0x0003B312)
T7FD0 000:357.051 - 0.326ms returns 0
T7FD0 000:357.056 JLINK_CORESIGHT_WriteAPDPReg(AP reg 0x00, 0x80000002)
T7FD0 000:357.402 - 0.345ms returns 0
T7FD0 000:357.408 JLINK_CORESIGHT_WriteAPDPReg(AP reg 0x01, 0x80011140)
T7FD0 000:357.684 - 0.276ms returns 0
T7FD0 000:357.689 JLINK_CORESIGHT_ReadAPDPReg(AP reg 0x03)
T7FD0 000:358.066   Value=0x00000000
T7FD0 000:358.072 - 0.382ms returns 0
T7FD0 000:358.077 JLINK_CORESIGHT_WriteAPDPReg(AP reg 0x00, 0x80000002)
T7FD0 000:358.398 - 0.321ms returns 0
T7FD0 000:358.403 JLINK_CORESIGHT_WriteAPDPReg(AP reg 0x01, 0x80011130)
T7FD0 000:358.735 - 0.331ms returns 0
T7FD0 000:358.740 JLINK_CORESIGHT_ReadAPDPReg(AP reg 0x03)
T7FD0 000:359.072   Value=0xB90A0081
T7FD0 000:359.078 - 0.337ms returns 0
T7FD0 000:359.082 JLINK_CORESIGHT_WriteAPDPReg(AP reg 0x00, 0x80000002)
T7FD0 000:359.411 - 0.329ms returns 0
T7FD0 000:359.417 JLINK_CORESIGHT_WriteAPDPReg(AP reg 0x01, 0x80011140)
T7FD0 000:359.690 - 0.273ms returns 0
T7FD0 000:359.696 JLINK_CORESIGHT_ReadAPDPReg(AP reg 0x03)
T7FD0 000:360.071   Value=0x00000000
T7FD0 000:360.076 - 0.380ms returns 0
T7FD0 000:360.081 JLINK_CORESIGHT_WriteAPDPReg(AP reg 0x00, 0x80000002)
T7FD0 000:360.695 - 0.613ms returns 0
T7FD0 000:360.706 JLINK_CORESIGHT_WriteAPDPReg(AP reg 0x01, 0x80011130)
T7FD0 000:361.061 - 0.354ms returns 0
T7FD0 000:361.072 JLINK_CORESIGHT_ReadAPDPReg(AP reg 0x03)
T7FD0 000:361.485   Value=0xFFFFFFC0
T7FD0 000:361.491 - 0.418ms returns 0
T7FD0 000:361.496 JLINK_CORESIGHT_WriteAPDPReg(AP reg 0x00, 0x80000002)
T7FD0 000:361.789 - 0.293ms returns 0
T7FD0 000:361.797 JLINK_CORESIGHT_WriteAPDPReg(AP reg 0x01, 0x80011140)
T7FD0 000:362.122 - 0.324ms returns 0
T7FD0 000:362.130 JLINK_CORESIGHT_ReadAPDPReg(AP reg 0x03)
T7FD0 000:362.671   Value=0x00000000
T7FD0 000:362.680 - 0.550ms returns 0
T7FD0 000:362.687 JLINK_CORESIGHT_WriteAPDPReg(AP reg 0x00, 0x80000002)
T7FD0 000:363.030 - 0.343ms returns 0
T7FD0 000:363.037 JLINK_CORESIGHT_WriteAPDPReg(AP reg 0x01, 0x80011130)
T7FD0 000:363.368 - 0.331ms returns 0
T7FD0 000:363.374 JLINK_CORESIGHT_ReadAPDPReg(AP reg 0x03)
T7FD0 000:363.742   Value=0xFFFFFFFF
T7FD0 000:363.752 - 0.377ms returns 0
T7FD0 000:363.758 JLINK_CORESIGHT_WriteAPDPReg(AP reg 0x00, 0x80000002)
T7FD0 000:364.061 - 0.302ms returns 0
T7FD0 000:364.066 JLINK_CORESIGHT_WriteAPDPReg(AP reg 0x01, 0x80011140)
T7FD0 000:364.403 - 0.336ms returns 0
T7FD0 000:364.408 JLINK_CORESIGHT_ReadAPDPReg(AP reg 0x03)
T7FD0 000:364.725   Value=0x00000000
T7FD0 000:364.732 - 0.323ms returns 0
T7FD0 000:364.738 JLINK_CORESIGHT_WriteAPDPReg(AP reg 0x00, 0x80000002)
T7FD0 000:365.084 - 0.346ms returns 0
T7FD0 000:365.090 JLINK_CORESIGHT_WriteAPDPReg(AP reg 0x01, 0x80011130)
T7FD0 000:365.398 - 0.308ms returns 0
T7FD0 000:365.403 JLINK_CORESIGHT_ReadAPDPReg(AP reg 0x03)
T7FD0 000:365.725   Value=0x000385FF
T7FD0 000:365.730 - 0.327ms returns 0
T7FD0 000:365.773 JLINK_CORESIGHT_WriteAPDPReg(AP reg 0x00, 0x80000002)
T7FD0 000:366.068 - 0.295ms returns 0
T7FD0 000:366.074 JLINK_CORESIGHT_WriteAPDPReg(AP reg 0x01, 0x80011140)
T7FD0 000:366.403 - 0.329ms returns 0
T7FD0 000:366.408 JLINK_CORESIGHT_ReadAPDPReg(AP reg 0x03)
T7FD0 000:366.750   Value=0x00000002
T7FD0 000:366.756 - 0.347ms returns 0
T7FD0 000:366.761 JLINK_CORESIGHT_WriteAPDPReg(AP reg 0x00, 0x80000002)
T7FD0 000:367.069 - 0.308ms returns 0
T7FD0 000:367.074 JLINK_CORESIGHT_WriteAPDPReg(AP reg 0x01, 0x80011120)
T7FD0 000:367.702 - 0.627ms returns 0
T7FD0 000:367.712 JLINK_CORESIGHT_WriteAPDPReg(AP reg 0x03, 0x2C010001)
T7FD0 000:368.060 - 0.348ms returns 0
T7FD0 000:368.066 JLINK_CORESIGHT_WriteAPDPReg(AP reg 0x00, 0x80000002)
T7FD0 000:368.403 - 0.336ms returns 0
T7FD0 000:368.408 JLINK_CORESIGHT_WriteAPDPReg(AP reg 0x01, 0x80011140)
T7FD0 000:368.684 - 0.275ms returns 0
T7FD0 000:368.690 JLINK_CORESIGHT_ReadAPDPReg(AP reg 0x03)
T7FD0 000:369.092   Value=0x00000002
T7FD0 000:369.098 - 0.408ms returns 0
T7FD0 000:369.103 JLINK_CORESIGHT_WriteAPDPReg(AP reg 0x00, 0x80000002)
T7FD0 000:369.407 - 0.304ms returns 0
T7FD0 000:369.412 JLINK_CORESIGHT_WriteAPDPReg(AP reg 0x01, 0x80011120)
T7FD0 000:370.265 - 0.852ms returns 0
T7FD0 000:370.275 JLINK_CORESIGHT_WriteAPDPReg(AP reg 0x03, 0x000003D3)
T7FD0 000:370.654 - 0.379ms returns 0
T7FD0 000:370.667 JLINK_CORESIGHT_WriteAPDPReg(AP reg 0x00, 0x80000002)
T7FD0 000:370.968 - 0.300ms returns 0
T7FD0 000:370.974 JLINK_CORESIGHT_WriteAPDPReg(AP reg 0x01, 0x80011140)
T7FD0 000:371.308 - 0.333ms returns 0
T7FD0 000:371.313 JLINK_CORESIGHT_ReadAPDPReg(AP reg 0x03)
T7FD0 000:371.669   Value=0x00000002
T7FD0 000:371.675 - 0.361ms returns 0
T7FD0 000:371.680 JLINK_CORESIGHT_ReadAPDPReg(AP reg 0x03)
T7FD0 000:372.068   Value=0x00000002
T7FD0 000:372.074 - 0.393ms returns 0
T7FD0 000:372.078 JLINK_CORESIGHT_ReadAPDPReg(AP reg 0x03)
T7FD0 000:372.425   Value=0x00000002
T7FD0 000:372.430 - 0.352ms returns 0
T7FD0 000:372.435 JLINK_CORESIGHT_ReadAPDPReg(AP reg 0x03)
T7FD0 000:372.802   Value=0x00000002
T7FD0 000:372.811 - 0.375ms returns 0
T7FD0 000:372.822 JLINK_CORESIGHT_ReadAPDPReg(AP reg 0x03)
T7FD0 000:373.151   Value=0x00000002
T7FD0 000:373.157 - 0.335ms returns 0
T7FD0 000:373.202 JLINK_CORESIGHT_ReadAPDPReg(AP reg 0x03)
T7FD0 000:373.596   Value=0x00000002
T7FD0 000:373.603 - 0.401ms returns 0
T7FD0 000:373.609 JLINK_CORESIGHT_ReadAPDPReg(AP reg 0x03)
T7FD0 000:373.983   Value=0x00000002
T7FD0 000:373.990 - 0.381ms returns 0
T7FD0 000:373.996 JLINK_CORESIGHT_ReadAPDPReg(AP reg 0x03)
T7FD0 000:374.776   Value=0x00000002
T7FD0 000:374.794 - 0.798ms returns 0
T7FD0 000:374.805 JLINK_CORESIGHT_ReadAPDPReg(AP reg 0x03)
T7FD0 000:375.236   Value=0x00000000
T7FD0 000:375.248 - 0.443ms returns 0
T7FD0 000:375.254 JLINK_CORESIGHT_WriteAPDPReg(AP reg 0x00, 0x80000002)
T7FD0 000:375.560 - 0.305ms returns 0
T7FD0 000:375.566 JLINK_CORESIGHT_WriteAPDPReg(AP reg 0x01, 0x80011130)
T7FD0 000:375.898 - 0.332ms returns 0
T7FD0 000:375.903 JLINK_CORESIGHT_ReadAPDPReg(AP reg 0x03)
T7FD0 000:376.212   Value=0x2C020081
T7FD0 000:376.217 - 0.313ms returns 0
T7FD0 000:376.222 JLINK_CORESIGHT_WriteAPDPReg(AP reg 0x00, 0x80000002)
T7FD0 000:376.539 - 0.317ms returns 0
T7FD0 000:376.545 JLINK_CORESIGHT_WriteAPDPReg(AP reg 0x01, 0x80011140)
T7FD0 000:376.855 - 0.310ms returns 0
T7FD0 000:376.861 JLINK_CORESIGHT_ReadAPDPReg(AP reg 0x03)
T7FD0 000:377.206   Value=0x00000000
T7FD0 000:377.211 - 0.350ms returns 0
T7FD0 000:377.216 JLINK_CORESIGHT_WriteAPDPReg(AP reg 0x00, 0x80000002)
T7FD0 000:377.527 - 0.310ms returns 0
T7FD0 000:377.538 JLINK_CORESIGHT_WriteAPDPReg(AP reg 0x01, 0x80011130)
T7FD0 000:377.843 - 0.305ms returns 0
T7FD0 000:377.849 JLINK_CORESIGHT_ReadAPDPReg(AP reg 0x03)
T7FD0 000:378.234   Value=0x0003CE04
T7FD0 000:378.239 - 0.390ms returns 0
T7FD0 000:378.249 JLINK_CORESIGHT_WriteAPDPReg(AP reg 0x00, 0x80000002)
T7FD0 000:378.559 - 0.310ms returns 0
T7FD0 000:378.566 JLINK_CORESIGHT_WriteAPDPReg(AP reg 0x01, 0x80011140)
T7FD0 000:378.902 - 0.336ms returns 0
T7FD0 000:378.912 JLINK_CORESIGHT_ReadAPDPReg(AP reg 0x03)
T7FD0 000:379.273   Value=0x00000002
T7FD0 000:379.283 - 0.371ms returns 0
T7FD0 000:379.292 JLINK_CORESIGHT_WriteAPDPReg(AP reg 0x00, 0x80000002)
T7FD0 000:379.599 - 0.307ms returns 0
T7FD0 000:379.605 JLINK_CORESIGHT_WriteAPDPReg(AP reg 0x01, 0x80011120)
T7FD0 000:379.934 - 0.329ms returns 0
T7FD0 000:379.940 JLINK_CORESIGHT_WriteAPDPReg(AP reg 0x03, 0x73010001)
T7FD0 000:380.274 - 0.334ms returns 0
T7FD0 000:380.279 JLINK_CORESIGHT_WriteAPDPReg(AP reg 0x00, 0x80000002)
T7FD0 000:380.569 - 0.289ms returns 0
T7FD0 000:380.574 JLINK_CORESIGHT_WriteAPDPReg(AP reg 0x01, 0x80011140)
T7FD0 000:380.877 - 0.302ms returns 0
T7FD0 000:380.882 JLINK_CORESIGHT_ReadAPDPReg(AP reg 0x03)
T7FD0 000:381.611   Value=0x00000002
T7FD0 000:381.622 - 0.740ms returns 0
T7FD0 000:381.629 JLINK_CORESIGHT_WriteAPDPReg(AP reg 0x00, 0x80000002)
T7FD0 000:382.034 - 0.404ms returns 0
T7FD0 000:382.046 JLINK_CORESIGHT_WriteAPDPReg(AP reg 0x01, 0x80011120)
T7FD0 000:382.399 - 0.353ms returns 0
T7FD0 000:382.404 JLINK_CORESIGHT_WriteAPDPReg(AP reg 0x03, 0x0000038C)
T7FD0 000:382.777 - 0.372ms returns 0
T7FD0 000:382.783 JLINK_CORESIGHT_WriteAPDPReg(AP reg 0x00, 0x80000002)
T7FD0 000:383.094 - 0.311ms returns 0
T7FD0 000:383.100 JLINK_CORESIGHT_WriteAPDPReg(AP reg 0x01, 0x80011140)
T7FD0 000:383.408 - 0.308ms returns 0
T7FD0 000:383.413 JLINK_CORESIGHT_ReadAPDPReg(AP reg 0x03)
T7FD0 000:383.773   Value=0x00000002
T7FD0 000:383.778 - 0.365ms returns 0
T7FD0 000:383.783 JLINK_CORESIGHT_ReadAPDPReg(AP reg 0x03)
T7FD0 000:384.093   Value=0x00000002
T7FD0 000:384.098 - 0.314ms returns 0
T7FD0 000:384.102 JLINK_CORESIGHT_ReadAPDPReg(AP reg 0x03)
T7FD0 000:384.452   Value=0x00000002
T7FD0 000:384.457 - 0.354ms returns 0
T7FD0 000:384.462 JLINK_CORESIGHT_ReadAPDPReg(AP reg 0x03)
T7FD0 000:384.782   Value=0x00000002
T7FD0 000:384.792 - 0.330ms returns 0
T7FD0 000:384.798 JLINK_CORESIGHT_ReadAPDPReg(AP reg 0x03)
T7FD0 000:385.202   Value=0x00000002
T7FD0 000:385.207 - 0.409ms returns 0
T7FD0 000:385.217 JLINK_CORESIGHT_ReadAPDPReg(AP reg 0x03)
T7FD0 000:385.563   Value=0x00000002
T7FD0 000:385.576 - 0.358ms returns 0
T7FD0 000:385.582 JLINK_CORESIGHT_ReadAPDPReg(AP reg 0x03)
T7FD0 000:385.899   Value=0x00000002
T7FD0 000:385.907 - 0.325ms returns 0
T7FD0 000:385.913 JLINK_CORESIGHT_ReadAPDPReg(AP reg 0x03)
T7FD0 000:386.277   Value=0x00000002
T7FD0 000:386.282 - 0.369ms returns 0
T7FD0 000:386.287 JLINK_CORESIGHT_ReadAPDPReg(AP reg 0x03)
T7FD0 000:386.628   Value=0x00000002
T7FD0 000:386.634 - 0.347ms returns 0
T7FD0 000:386.638 JLINK_CORESIGHT_ReadAPDPReg(AP reg 0x03)
T7FD0 000:386.984   Value=0x00000002
T7FD0 000:386.990 - 0.351ms returns 0
T7FD0 000:386.995 JLINK_CORESIGHT_ReadAPDPReg(AP reg 0x03)
T7FD0 000:387.360   Value=0x00000000
T7FD0 000:387.366 - 0.371ms returns 0
T7FD0 000:387.371 JLINK_CORESIGHT_WriteAPDPReg(AP reg 0x00, 0x80000002)
T7FD0 000:387.678 - 0.307ms returns 0
T7FD0 000:387.684 JLINK_CORESIGHT_WriteAPDPReg(AP reg 0x01, 0x80011130)
T7FD0 000:388.017 - 0.333ms returns 0
T7FD0 000:388.023 JLINK_CORESIGHT_ReadAPDPReg(AP reg 0x03)
T7FD0 000:388.433   Value=0x73020081
T7FD0 000:388.445 - 0.421ms returns 0
T7FD0 000:388.451 JLINK_CORESIGHT_WriteAPDPReg(AP reg 0x00, 0x80000002)
T7FD0 000:388.776 - 0.324ms returns 0
T7FD0 000:388.788 JLINK_CORESIGHT_WriteAPDPReg(AP reg 0x01, 0x80011140)
T7FD0 000:389.122 - 0.334ms returns 0
T7FD0 000:389.129 JLINK_CORESIGHT_ReadAPDPReg(AP reg 0x03)
T7FD0 000:389.479   Value=0x00000000
T7FD0 000:389.491 - 0.362ms returns 0
T7FD0 000:389.498 JLINK_CORESIGHT_WriteAPDPReg(AP reg 0x00, 0x80000002)
T7FD0 000:389.811 - 0.313ms returns 0
T7FD0 000:389.817 JLINK_CORESIGHT_WriteAPDPReg(AP reg 0x01, 0x80011130)
T7FD0 000:390.152 - 0.334ms returns 0
T7FD0 000:390.157 JLINK_CORESIGHT_ReadAPDPReg(AP reg 0x03)
T7FD0 000:390.475   Value=0x00038902
T7FD0 000:390.480 - 0.323ms returns 0
T7FD0 000:390.486 JLINK_CORESIGHT_WriteAPDPReg(AP reg 0x00, 0x80000002)
T7FD0 000:390.809 - 0.322ms returns 0
T7FD0 000:390.814 JLINK_CORESIGHT_WriteAPDPReg(AP reg 0x01, 0x80011140)
T7FD0 000:391.227 - 0.412ms returns 0
T7FD0 000:391.234 JLINK_CORESIGHT_ReadAPDPReg(AP reg 0x03)
T7FD0 000:391.567   Value=0x00000002
T7FD0 000:391.572 - 0.337ms returns 0
T7FD0 000:391.577 JLINK_CORESIGHT_WriteAPDPReg(AP reg 0x00, 0x80000002)
T7FD0 000:391.871 - 0.294ms returns 0
T7FD0 000:391.876 JLINK_CORESIGHT_WriteAPDPReg(AP reg 0x01, 0x80011120)
T7FD0 000:392.222 - 0.345ms returns 0
T7FD0 000:392.227 JLINK_CORESIGHT_WriteAPDPReg(AP reg 0x03, 0x75010001)
T7FD0 000:392.553 - 0.325ms returns 0
T7FD0 000:392.558 JLINK_CORESIGHT_WriteAPDPReg(AP reg 0x00, 0x80000002)
T7FD0 000:392.898 - 0.339ms returns 0
T7FD0 000:392.903 JLINK_CORESIGHT_WriteAPDPReg(AP reg 0x01, 0x80011140)
T7FD0 000:393.225 - 0.321ms returns 0
T7FD0 000:393.230 JLINK_CORESIGHT_ReadAPDPReg(AP reg 0x03)
T7FD0 000:393.593   Value=0x00000002
T7FD0 000:393.599 - 0.368ms returns 0
T7FD0 000:393.604 JLINK_CORESIGHT_WriteAPDPReg(AP reg 0x00, 0x80000002)
T7FD0 000:393.907 - 0.303ms returns 0
T7FD0 000:393.912 JLINK_CORESIGHT_WriteAPDPReg(AP reg 0x01, 0x80011120)
T7FD0 000:394.192 - 0.280ms returns 0
T7FD0 000:394.198 JLINK_CORESIGHT_WriteAPDPReg(AP reg 0x03, 0x0000038A)
T7FD0 000:394.554 - 0.355ms returns 0
T7FD0 000:394.563 JLINK_CORESIGHT_WriteAPDPReg(AP reg 0x00, 0x80000002)
T7FD0 000:394.901 - 0.337ms returns 0
T7FD0 000:394.908 JLINK_CORESIGHT_WriteAPDPReg(AP reg 0x01, 0x80011140)
T7FD0 000:395.192 - 0.284ms returns 0
T7FD0 000:395.204 JLINK_CORESIGHT_ReadAPDPReg(AP reg 0x03)
T7FD0 000:395.572   Value=0x00000002
T7FD0 000:395.580 - 0.376ms returns 0
T7FD0 000:395.586 JLINK_CORESIGHT_ReadAPDPReg(AP reg 0x03)
T7FD0 000:395.928   Value=0x00000002
T7FD0 000:395.940 - 0.354ms returns 0
T7FD0 000:395.946 JLINK_CORESIGHT_ReadAPDPReg(AP reg 0x03)
T7FD0 000:396.344   Value=0x00000002
T7FD0 000:396.349 - 0.402ms returns 0
T7FD0 000:396.354 JLINK_CORESIGHT_ReadAPDPReg(AP reg 0x03)
T7FD0 000:396.697   Value=0x00000002
T7FD0 000:396.703 - 0.349ms returns 0
T7FD0 000:396.708 JLINK_CORESIGHT_ReadAPDPReg(AP reg 0x03)
T7FD0 000:397.066   Value=0x00000002
T7FD0 000:397.071 - 0.362ms returns 0
T7FD0 000:397.076 JLINK_CORESIGHT_ReadAPDPReg(AP reg 0x03)
T7FD0 000:397.442   Value=0x00000002
T7FD0 000:397.447 - 0.371ms returns 0
T7FD0 000:397.452 JLINK_CORESIGHT_ReadAPDPReg(AP reg 0x03)
T7FD0 000:397.801   Value=0x00000000
T7FD0 000:397.806 - 0.354ms returns 0
T7FD0 000:397.816 JLINK_CORESIGHT_WriteAPDPReg(AP reg 0x00, 0x80000002)
T7FD0 000:398.111 - 0.295ms returns 0
T7FD0 000:398.119 JLINK_CORESIGHT_WriteAPDPReg(AP reg 0x01, 0x80011130)
T7FD0 000:398.434 - 0.314ms returns 0
T7FD0 000:398.442 JLINK_CORESIGHT_ReadAPDPReg(AP reg 0x03)
T7FD0 000:398.815   Value=0x75020081
T7FD0 000:398.820 - 0.378ms returns 0
T7FD0 000:398.827 JLINK_CORESIGHT_WriteAPDPReg(AP reg 0x00, 0x80000002)
T7FD0 000:399.161 - 0.333ms returns 0
T7FD0 000:399.170 JLINK_CORESIGHT_WriteAPDPReg(AP reg 0x01, 0x80011140)
T7FD0 000:399.468 - 0.299ms returns 0
T7FD0 000:399.477 JLINK_CORESIGHT_ReadAPDPReg(AP reg 0x03)
T7FD0 000:399.864   Value=0x00000000
T7FD0 000:399.870 - 0.393ms returns 0
T7FD0 000:399.877 JLINK_CORESIGHT_WriteAPDPReg(AP reg 0x00, 0x80000002)
T7FD0 000:400.161 - 0.283ms returns 0
T7FD0 000:400.169 JLINK_CORESIGHT_WriteAPDPReg(AP reg 0x01, 0x80011130)
T7FD0 000:400.527 - 0.358ms returns 0
T7FD0 000:400.536 JLINK_CORESIGHT_ReadAPDPReg(AP reg 0x03)
T7FD0 000:400.928   Value=0x00038702
T7FD0 000:400.937 - 0.401ms returns 0
T7FD0 000:400.974 JLINK_CORESIGHT_WriteAPDPReg(AP reg 0x00, 0x80000002)
T7FD0 000:401.297 - 0.323ms returns 0
T7FD0 000:401.308 JLINK_CORESIGHT_WriteAPDPReg(AP reg 0x01, 0x80011140)
T7FD0 000:401.622 - 0.314ms returns 0
T7FD0 000:401.629 JLINK_CORESIGHT_ReadAPDPReg(AP reg 0x03)
T7FD0 000:402.166   Value=0x00000002
T7FD0 000:402.177 - 0.547ms returns 0
T7FD0 000:402.184 JLINK_CORESIGHT_WriteAPDPReg(AP reg 0x00, 0x80000002)
T7FD0 000:402.533 - 0.349ms returns 0
T7FD0 000:402.545 JLINK_CORESIGHT_WriteAPDPReg(AP reg 0x01, 0x80011120)
T7FD0 000:402.903 - 0.358ms returns 0
T7FD0 000:402.916 JLINK_CORESIGHT_WriteAPDPReg(AP reg 0x03, 0x4F010001)
T7FD0 000:403.238 - 0.321ms returns 0
T7FD0 000:403.252 JLINK_CORESIGHT_WriteAPDPReg(AP reg 0x00, 0x80000002)
T7FD0 000:403.553 - 0.300ms returns 0
T7FD0 000:403.559 JLINK_CORESIGHT_WriteAPDPReg(AP reg 0x01, 0x80011140)
T7FD0 000:403.864 - 0.305ms returns 0
T7FD0 000:403.870 JLINK_CORESIGHT_ReadAPDPReg(AP reg 0x03)
T7FD0 000:404.212   Value=0x00000002
T7FD0 000:404.220 - 0.350ms returns 0
T7FD0 000:404.225 JLINK_CORESIGHT_WriteAPDPReg(AP reg 0x00, 0x80000002)
T7FD0 000:404.537 - 0.312ms returns 0
T7FD0 000:404.543 JLINK_CORESIGHT_WriteAPDPReg(AP reg 0x01, 0x80011120)
T7FD0 000:404.861 - 0.318ms returns 0
T7FD0 000:404.867 JLINK_CORESIGHT_WriteAPDPReg(AP reg 0x03, 0x000003B0)
T7FD0 000:405.190 - 0.323ms returns 0
T7FD0 000:405.196 JLINK_CORESIGHT_WriteAPDPReg(AP reg 0x00, 0x80000002)
T7FD0 000:405.496 - 0.300ms returns 0
T7FD0 000:405.506 JLINK_CORESIGHT_WriteAPDPReg(AP reg 0x01, 0x80011140)
T7FD0 000:405.810 - 0.303ms returns 0
T7FD0 000:405.815 JLINK_CORESIGHT_ReadAPDPReg(AP reg 0x03)
T7FD0 000:406.177   Value=0x00000002
T7FD0 000:406.182 - 0.367ms returns 0
T7FD0 000:406.187 JLINK_CORESIGHT_ReadAPDPReg(AP reg 0x03)
T7FD0 000:406.536   Value=0x00000002
T7FD0 000:406.543 - 0.356ms returns 0
T7FD0 000:406.549 JLINK_CORESIGHT_ReadAPDPReg(AP reg 0x03)
T7FD0 000:406.881   Value=0x00000002
T7FD0 000:406.887 - 0.338ms returns 0
T7FD0 000:406.892 JLINK_CORESIGHT_ReadAPDPReg(AP reg 0x03)
T7FD0 000:407.273   Value=0x00000002
T7FD0 000:407.278 - 0.386ms returns 0
T7FD0 000:407.283 JLINK_CORESIGHT_ReadAPDPReg(AP reg 0x03)
T7FD0 000:407.648   Value=0x00000002
T7FD0 000:407.653 - 0.369ms returns 0
T7FD0 000:407.658 JLINK_CORESIGHT_ReadAPDPReg(AP reg 0x03)
T7FD0 000:408.023   Value=0x00000002
T7FD0 000:408.028 - 0.370ms returns 0
T7FD0 000:408.033 JLINK_CORESIGHT_ReadAPDPReg(AP reg 0x03)
T7FD0 000:408.360   Value=0x00000002
T7FD0 000:408.366 - 0.332ms returns 0
T7FD0 000:408.371 JLINK_CORESIGHT_ReadAPDPReg(AP reg 0x03)
T7FD0 000:408.724   Value=0x00000002
T7FD0 000:408.729 - 0.358ms returns 0
T7FD0 000:408.734 JLINK_CORESIGHT_ReadAPDPReg(AP reg 0x03)
T7FD0 000:409.249   Value=0x00000002
T7FD0 000:409.261 - 0.527ms returns 0
T7FD0 000:409.268 JLINK_CORESIGHT_ReadAPDPReg(AP reg 0x03)
T7FD0 000:409.704   Value=0x00000000
T7FD0 000:409.714 - 0.446ms returns 0
T7FD0 000:409.720 JLINK_CORESIGHT_WriteAPDPReg(AP reg 0x00, 0x80000002)
T7FD0 000:410.046 - 0.326ms returns 0
T7FD0 000:410.052 JLINK_CORESIGHT_WriteAPDPReg(AP reg 0x01, 0x80011130)
T7FD0 000:410.399 - 0.347ms returns 0
T7FD0 000:410.405 JLINK_CORESIGHT_ReadAPDPReg(AP reg 0x03)
T7FD0 000:410.777   Value=0x4F0B0081
T7FD0 000:410.783 - 0.377ms returns 0
T7FD0 000:410.788 JLINK_CORESIGHT_WriteAPDPReg(AP reg 0x00, 0x80000002)
T7FD0 000:411.100 - 0.312ms returns 0
T7FD0 000:411.105 JLINK_CORESIGHT_WriteAPDPReg(AP reg 0x01, 0x80011140)
T7FD0 000:411.467 - 0.362ms returns 0
T7FD0 000:411.473 JLINK_CORESIGHT_ReadAPDPReg(AP reg 0x03)
T7FD0 000:411.849   Value=0x00000000
T7FD0 000:411.856 - 0.382ms returns 0
T7FD0 000:411.861 JLINK_CORESIGHT_WriteAPDPReg(AP reg 0x00, 0x80000002)
T7FD0 000:412.153 - 0.292ms returns 0
T7FD0 000:412.159 JLINK_CORESIGHT_WriteAPDPReg(AP reg 0x01, 0x80011130)
T7FD0 000:412.485 - 0.326ms returns 0
T7FD0 000:412.491 JLINK_CORESIGHT_ReadAPDPReg(AP reg 0x03)
T7FD0 000:412.822   Value=0xE03F0000
T7FD0 000:412.828 - 0.337ms returns 0
T7FD0 000:412.834 JLINK_CORESIGHT_WriteAPDPReg(AP reg 0x00, 0x80000002)
T7FD0 000:413.149 - 0.315ms returns 0
T7FD0 000:413.155 JLINK_CORESIGHT_WriteAPDPReg(AP reg 0x01, 0x80011140)
T7FD0 000:413.444 - 0.289ms returns 0
T7FD0 000:413.450 JLINK_CORESIGHT_ReadAPDPReg(AP reg 0x03)
T7FD0 000:413.795   Value=0x00000000
T7FD0 000:413.800 - 0.350ms returns 0
T7FD0 000:413.805 JLINK_CORESIGHT_WriteAPDPReg(AP reg 0x00, 0x80000002)
T7FD0 000:414.122 - 0.317ms returns 0
T7FD0 000:414.128 JLINK_CORESIGHT_WriteAPDPReg(AP reg 0x01, 0x80011130)
T7FD0 000:414.434 - 0.306ms returns 0
T7FD0 000:414.439 JLINK_CORESIGHT_ReadAPDPReg(AP reg 0x03)
T7FD0 000:414.818   Value=0x00000000
T7FD0 000:414.825 - 0.386ms returns 0
T7FD0 000:414.830 JLINK_CORESIGHT_WriteAPDPReg(AP reg 0x00, 0x80000002)
T7FD0 000:415.108 - 0.278ms returns 0
T7FD0 000:415.113 JLINK_CORESIGHT_WriteAPDPReg(AP reg 0x01, 0x80011140)
T7FD0 000:415.433 - 0.320ms returns 0
T7FD0 000:415.439 JLINK_CORESIGHT_ReadAPDPReg(AP reg 0x03)
T7FD0 000:415.792   Value=0x00000000
T7FD0 000:415.803 - 0.364ms returns 0
T7FD0 000:415.810 JLINK_CORESIGHT_WriteAPDPReg(AP reg 0x00, 0x80000002)
T7FD0 000:416.155 - 0.345ms returns 0
T7FD0 000:416.165 JLINK_CORESIGHT_WriteAPDPReg(AP reg 0x01, 0x80011130)
T7FD0 000:416.470 - 0.304ms returns 0
T7FD0 000:416.481 JLINK_CORESIGHT_ReadAPDPReg(AP reg 0x03)
T7FD0 000:416.868   Value=0x03870000
T7FD0 000:416.880 - 0.399ms returns 0
T7FD0 000:416.939 JLINK_CORESIGHT_WriteAPDPReg(AP reg 0x00, 0x80000002)
T7FD0 000:417.278 - 0.339ms returns 0
T7FD0 000:417.287 JLINK_CORESIGHT_WriteAPDPReg(AP reg 0x01, 0x80011140)
T7FD0 000:417.648 - 0.360ms returns 0
T7FD0 000:417.654 JLINK_CORESIGHT_ReadAPDPReg(AP reg 0x03)
T7FD0 000:418.023   Value=0x00000002
T7FD0 000:418.029 - 0.374ms returns 0
T7FD0 000:418.034 JLINK_CORESIGHT_WriteAPDPReg(AP reg 0x00, 0x80000002)
T7FD0 000:418.320 - 0.286ms returns 0
T7FD0 000:418.326 JLINK_CORESIGHT_WriteAPDPReg(AP reg 0x01, 0x80011120)
T7FD0 000:418.648 - 0.322ms returns 0
T7FD0 000:418.654 JLINK_CORESIGHT_WriteAPDPReg(AP reg 0x03, 0x2C010001)
T7FD0 000:419.023 - 0.368ms returns 0
T7FD0 000:419.029 JLINK_CORESIGHT_WriteAPDPReg(AP reg 0x00, 0x80000002)
T7FD0 000:419.345 - 0.315ms returns 0
T7FD0 000:419.350 JLINK_CORESIGHT_WriteAPDPReg(AP reg 0x01, 0x80011140)
T7FD0 000:419.684 - 0.333ms returns 0
T7FD0 000:419.689 JLINK_CORESIGHT_ReadAPDPReg(AP reg 0x03)
T7FD0 000:420.057   Value=0x00000002
T7FD0 000:420.062 - 0.373ms returns 0
T7FD0 000:420.067 JLINK_CORESIGHT_WriteAPDPReg(AP reg 0x00, 0x80000002)
T7FD0 000:420.398 - 0.331ms returns 0
T7FD0 000:420.403 JLINK_CORESIGHT_WriteAPDPReg(AP reg 0x01, 0x80011120)
T7FD0 000:420.730 - 0.327ms returns 0
T7FD0 000:420.736 JLINK_CORESIGHT_WriteAPDPReg(AP reg 0x03, 0x000003D3)
T7FD0 000:421.092 - 0.356ms returns 0
T7FD0 000:421.098 JLINK_CORESIGHT_WriteAPDPReg(AP reg 0x00, 0x80000002)
T7FD0 000:421.399 - 0.301ms returns 0
T7FD0 000:421.404 JLINK_CORESIGHT_WriteAPDPReg(AP reg 0x01, 0x80011140)
T7FD0 000:421.693 - 0.289ms returns 0
T7FD0 000:421.699 JLINK_CORESIGHT_ReadAPDPReg(AP reg 0x03)
T7FD0 000:422.065   Value=0x00000002
T7FD0 000:422.070 - 0.371ms returns 0
T7FD0 000:422.075 JLINK_CORESIGHT_ReadAPDPReg(AP reg 0x03)
T7FD0 000:422.429   Value=0x00000002
T7FD0 000:422.434 - 0.359ms returns 0
T7FD0 000:422.439 JLINK_CORESIGHT_ReadAPDPReg(AP reg 0x03)
T7FD0 000:422.780   Value=0x00000002
T7FD0 000:422.789 - 0.350ms returns 0
T7FD0 000:422.796 JLINK_CORESIGHT_ReadAPDPReg(AP reg 0x03)
T7FD0 000:423.233   Value=0x00000000
T7FD0 000:423.244 - 0.448ms returns 0
T7FD0 000:423.251 JLINK_CORESIGHT_WriteAPDPReg(AP reg 0x00, 0x80000002)
T7FD0 000:423.569 - 0.318ms returns 0
T7FD0 000:423.576 JLINK_CORESIGHT_WriteAPDPReg(AP reg 0x01, 0x80011130)
T7FD0 000:423.899 - 0.323ms returns 0
T7FD0 000:423.905 JLINK_CORESIGHT_ReadAPDPReg(AP reg 0x03)
T7FD0 000:424.234   Value=0x2C020081
T7FD0 000:424.239 - 0.334ms returns 0
T7FD0 000:424.244 JLINK_CORESIGHT_WriteAPDPReg(AP reg 0x00, 0x80000002)
T7FD0 000:424.559 - 0.315ms returns 0
T7FD0 000:424.565 JLINK_CORESIGHT_WriteAPDPReg(AP reg 0x01, 0x80011140)
T7FD0 000:424.902 - 0.337ms returns 0
T7FD0 000:424.907 JLINK_CORESIGHT_ReadAPDPReg(AP reg 0x03)
T7FD0 000:425.219   Value=0x00000000
T7FD0 000:425.224 - 0.317ms returns 0
T7FD0 000:425.230 JLINK_CORESIGHT_WriteAPDPReg(AP reg 0x00, 0x80000002)
T7FD0 000:425.571 - 0.341ms returns 0
T7FD0 000:425.577 JLINK_CORESIGHT_WriteAPDPReg(AP reg 0x01, 0x80011130)
T7FD0 000:425.912 - 0.335ms returns 0
T7FD0 000:425.925 JLINK_CORESIGHT_ReadAPDPReg(AP reg 0x03)
T7FD0 000:426.301   Value=0x0003CE04
T7FD0 000:426.311 - 0.386ms returns 0
T7FD0 000:426.321 JLINK_CORESIGHT_WriteAPDPReg(AP reg 0x00, 0x80000002)
T7FD0 000:426.624 - 0.302ms returns 0
T7FD0 000:426.636 JLINK_CORESIGHT_WriteAPDPReg(AP reg 0x01, 0x80011140)
T7FD0 000:426.944 - 0.307ms returns 0
T7FD0 000:426.953 JLINK_CORESIGHT_ReadAPDPReg(AP reg 0x03)
T7FD0 000:427.315   Value=0x00000002
T7FD0 000:427.320 - 0.367ms returns 0
T7FD0 000:427.328 JLINK_CORESIGHT_WriteAPDPReg(AP reg 0x00, 0x80000002)
T7FD0 000:427.654 - 0.325ms returns 0
T7FD0 000:427.662 JLINK_CORESIGHT_WriteAPDPReg(AP reg 0x01, 0x80011120)
T7FD0 000:427.976 - 0.314ms returns 0
T7FD0 000:427.987 JLINK_CORESIGHT_WriteAPDPReg(AP reg 0x03, 0x73010001)
T7FD0 000:428.276 - 0.289ms returns 0
T7FD0 000:428.284 JLINK_CORESIGHT_WriteAPDPReg(AP reg 0x00, 0x80000002)
T7FD0 000:428.648 - 0.364ms returns 0
T7FD0 000:428.659 JLINK_CORESIGHT_WriteAPDPReg(AP reg 0x01, 0x80011140)
T7FD0 000:428.933 - 0.273ms returns 0
T7FD0 000:428.941 JLINK_CORESIGHT_ReadAPDPReg(AP reg 0x03)
T7FD0 000:429.316   Value=0x00000002
T7FD0 000:429.321 - 0.380ms returns 0
T7FD0 000:429.329 JLINK_CORESIGHT_WriteAPDPReg(AP reg 0x00, 0x80000002)
T7FD0 000:429.716 - 0.387ms returns 0
T7FD0 000:429.728 JLINK_CORESIGHT_WriteAPDPReg(AP reg 0x01, 0x80011120)
T7FD0 000:430.101 - 0.372ms returns 0
T7FD0 000:430.118 JLINK_CORESIGHT_WriteAPDPReg(AP reg 0x03, 0x0000038C)
T7FD0 000:430.434 - 0.315ms returns 0
T7FD0 000:430.448 JLINK_CORESIGHT_WriteAPDPReg(AP reg 0x00, 0x80000002)
T7FD0 000:430.776 - 0.327ms returns 0
T7FD0 000:430.785 JLINK_CORESIGHT_WriteAPDPReg(AP reg 0x01, 0x80011140)
T7FD0 000:431.122 - 0.336ms returns 0
T7FD0 000:431.131 JLINK_CORESIGHT_ReadAPDPReg(AP reg 0x03)
T7FD0 000:431.468   Value=0x00000002
T7FD0 000:431.474 - 0.343ms returns 0
T7FD0 000:431.485 JLINK_CORESIGHT_ReadAPDPReg(AP reg 0x03)
T7FD0 000:431.800   Value=0x00000002
T7FD0 000:431.807 - 0.322ms returns 0
T7FD0 000:431.815 JLINK_CORESIGHT_ReadAPDPReg(AP reg 0x03)
T7FD0 000:432.179   Value=0x00000002
T7FD0 000:432.185 - 0.369ms returns 0
T7FD0 000:432.192 JLINK_CORESIGHT_ReadAPDPReg(AP reg 0x03)
T7FD0 000:432.529   Value=0x00000000
T7FD0 000:432.537 - 0.344ms returns 0
T7FD0 000:432.546 JLINK_CORESIGHT_WriteAPDPReg(AP reg 0x00, 0x80000002)
T7FD0 000:432.905 - 0.359ms returns 0
T7FD0 000:432.914 JLINK_CORESIGHT_WriteAPDPReg(AP reg 0x01, 0x80011130)
T7FD0 000:433.225 - 0.311ms returns 0
T7FD0 000:433.233 JLINK_CORESIGHT_ReadAPDPReg(AP reg 0x03)
T7FD0 000:433.570   Value=0x73020081
T7FD0 000:433.575 - 0.342ms returns 0
T7FD0 000:433.582 JLINK_CORESIGHT_WriteAPDPReg(AP reg 0x00, 0x80000002)
T7FD0 000:433.871 - 0.289ms returns 0
T7FD0 000:433.879 JLINK_CORESIGHT_WriteAPDPReg(AP reg 0x01, 0x80011140)
T7FD0 000:434.184 - 0.304ms returns 0
T7FD0 000:434.192 JLINK_CORESIGHT_ReadAPDPReg(AP reg 0x03)
T7FD0 000:434.550   Value=0x00000000
T7FD0 000:434.556 - 0.363ms returns 0
T7FD0 000:434.563 JLINK_CORESIGHT_WriteAPDPReg(AP reg 0x00, 0x80000002)
T7FD0 000:434.901 - 0.338ms returns 0
T7FD0 000:434.909 JLINK_CORESIGHT_WriteAPDPReg(AP reg 0x01, 0x80011130)
T7FD0 000:435.248 - 0.338ms returns 0
T7FD0 000:435.256 JLINK_CORESIGHT_ReadAPDPReg(AP reg 0x03)
T7FD0 000:435.594   Value=0x00038902
T7FD0 000:435.599 - 0.343ms returns 0
T7FD0 000:435.607 JLINK_CORESIGHT_WriteAPDPReg(AP reg 0x00, 0x80000002)
T7FD0 000:435.908 - 0.301ms returns 0
T7FD0 000:435.916 JLINK_CORESIGHT_WriteAPDPReg(AP reg 0x01, 0x80011140)
T7FD0 000:436.282 - 0.366ms returns 0
T7FD0 000:436.290 JLINK_CORESIGHT_ReadAPDPReg(AP reg 0x03)
T7FD0 000:436.632   Value=0x00000002
T7FD0 000:436.638 - 0.348ms returns 0
T7FD0 000:436.646 JLINK_CORESIGHT_WriteAPDPReg(AP reg 0x00, 0x80000002)
T7FD0 000:437.060 - 0.414ms returns 0
T7FD0 000:437.075 JLINK_CORESIGHT_WriteAPDPReg(AP reg 0x01, 0x80011120)
T7FD0 000:437.431 - 0.356ms returns 0
T7FD0 000:437.447 JLINK_CORESIGHT_WriteAPDPReg(AP reg 0x03, 0x75010001)
T7FD0 000:437.719 - 0.273ms returns 0
T7FD0 000:437.729 JLINK_CORESIGHT_WriteAPDPReg(AP reg 0x00, 0x80000002)
T7FD0 000:438.054 - 0.325ms returns 0
T7FD0 000:438.064 JLINK_CORESIGHT_WriteAPDPReg(AP reg 0x01, 0x80011140)
T7FD0 000:438.412 - 0.348ms returns 0
T7FD0 000:438.424 JLINK_CORESIGHT_ReadAPDPReg(AP reg 0x03)
T7FD0 000:438.777   Value=0x00000002
T7FD0 000:438.782 - 0.358ms returns 0
T7FD0 000:438.790 JLINK_CORESIGHT_WriteAPDPReg(AP reg 0x00, 0x80000002)
T7FD0 000:439.100 - 0.310ms returns 0
T7FD0 000:439.108 JLINK_CORESIGHT_WriteAPDPReg(AP reg 0x01, 0x80011120)
T7FD0 000:439.434 - 0.325ms returns 0
T7FD0 000:439.442 JLINK_CORESIGHT_WriteAPDPReg(AP reg 0x03, 0x0000038A)
T7FD0 000:439.778 - 0.336ms returns 0
T7FD0 000:439.786 JLINK_CORESIGHT_WriteAPDPReg(AP reg 0x00, 0x80000002)
T7FD0 000:440.059 - 0.272ms returns 0
T7FD0 000:440.067 JLINK_CORESIGHT_WriteAPDPReg(AP reg 0x01, 0x80011140)
T7FD0 000:440.427 - 0.360ms returns 0
T7FD0 000:440.435 JLINK_CORESIGHT_ReadAPDPReg(AP reg 0x03)
T7FD0 000:440.778   Value=0x00000002
T7FD0 000:440.784 - 0.348ms returns 0
T7FD0 000:440.792 JLINK_CORESIGHT_ReadAPDPReg(AP reg 0x03)
T7FD0 000:441.150   Value=0x00000002
T7FD0 000:441.155 - 0.362ms returns 0
T7FD0 000:441.163 JLINK_CORESIGHT_ReadAPDPReg(AP reg 0x03)
T7FD0 000:441.468   Value=0x00000002
T7FD0 000:441.474 - 0.311ms returns 0
T7FD0 000:441.482 JLINK_CORESIGHT_ReadAPDPReg(AP reg 0x03)
T7FD0 000:441.852   Value=0x00000002
T7FD0 000:441.857 - 0.376ms returns 0
T7FD0 000:441.865 JLINK_CORESIGHT_ReadAPDPReg(AP reg 0x03)
T7FD0 000:442.294   Value=0x00000002
T7FD0 000:442.299 - 0.434ms returns 0
T7FD0 000:442.307 JLINK_CORESIGHT_ReadAPDPReg(AP reg 0x03)
T7FD0 000:442.693   Value=0x00000002
T7FD0 000:442.698 - 0.391ms returns 0
T7FD0 000:442.705 JLINK_CORESIGHT_ReadAPDPReg(AP reg 0x03)
T7FD0 000:443.049   Value=0x00000000
T7FD0 000:443.055 - 0.349ms returns 0
T7FD0 000:443.062 JLINK_CORESIGHT_WriteAPDPReg(AP reg 0x00, 0x80000002)
T7FD0 000:443.398 - 0.336ms returns 0
T7FD0 000:443.406 JLINK_CORESIGHT_WriteAPDPReg(AP reg 0x01, 0x80011130)
T7FD0 000:443.728 - 0.321ms returns 0
T7FD0 000:443.740 JLINK_CORESIGHT_ReadAPDPReg(AP reg 0x03)
T7FD0 000:444.154   Value=0x75020081
T7FD0 000:444.162 - 0.422ms returns 0
T7FD0 000:444.171 JLINK_CORESIGHT_WriteAPDPReg(AP reg 0x00, 0x80000002)
T7FD0 000:444.476 - 0.304ms returns 0
T7FD0 000:444.484 JLINK_CORESIGHT_WriteAPDPReg(AP reg 0x01, 0x80011140)
T7FD0 000:444.777 - 0.293ms returns 0
T7FD0 000:444.785 JLINK_CORESIGHT_ReadAPDPReg(AP reg 0x03)
T7FD0 000:445.154   Value=0x00000000
T7FD0 000:445.159 - 0.374ms returns 0
T7FD0 000:445.167 JLINK_CORESIGHT_WriteAPDPReg(AP reg 0x00, 0x80000002)
T7FD0 000:445.434 - 0.267ms returns 0
T7FD0 000:445.442 JLINK_CORESIGHT_WriteAPDPReg(AP reg 0x01, 0x80011130)
T7FD0 000:445.777 - 0.334ms returns 0
T7FD0 000:445.785 JLINK_CORESIGHT_ReadAPDPReg(AP reg 0x03)
T7FD0 000:446.100   Value=0x00038702
T7FD0 000:446.107 - 0.322ms returns 0
T7FD0 000:446.230 JLINK_CORESIGHT_WriteAPDPReg(AP reg 0x00, 0x80000002)
T7FD0 000:446.540 - 0.310ms returns 0
T7FD0 000:446.551 JLINK_CORESIGHT_WriteAPDPReg(AP reg 0x01, 0x80011140)
T7FD0 000:446.903 - 0.351ms returns 0
T7FD0 000:446.918 JLINK_CORESIGHT_ReadAPDPReg(AP reg 0x03)
T7FD0 000:447.324   Value=0x00000002
T7FD0 000:447.333 - 0.414ms returns 0
T7FD0 000:447.339 JLINK_CORESIGHT_WriteAPDPReg(AP reg 0x00, 0x80000002)
T7FD0 000:447.685 - 0.345ms returns 0
T7FD0 000:447.695 JLINK_CORESIGHT_WriteAPDPReg(AP reg 0x01, 0x80011120)
T7FD0 000:448.053 - 0.358ms returns 0
T7FD0 000:448.058 JLINK_CORESIGHT_WriteAPDPReg(AP reg 0x03, 0x4F010001)
T7FD0 000:448.400 - 0.341ms returns 0
T7FD0 000:448.411 JLINK_CORESIGHT_WriteAPDPReg(AP reg 0x00, 0x80000002)
T7FD0 000:448.733 - 0.322ms returns 0
T7FD0 000:448.738 JLINK_CORESIGHT_WriteAPDPReg(AP reg 0x01, 0x80011140)
T7FD0 000:449.052 - 0.314ms returns 0
T7FD0 000:449.058 JLINK_CORESIGHT_ReadAPDPReg(AP reg 0x03)
T7FD0 000:449.419   Value=0x00000002
T7FD0 000:449.424 - 0.365ms returns 0
T7FD0 000:449.429 JLINK_CORESIGHT_WriteAPDPReg(AP reg 0x00, 0x80000002)
T7FD0 000:449.694 - 0.264ms returns 0
T7FD0 000:449.699 JLINK_CORESIGHT_WriteAPDPReg(AP reg 0x01, 0x80011120)
T7FD0 000:449.995 - 0.296ms returns 0
T7FD0 000:450.001 JLINK_CORESIGHT_WriteAPDPReg(AP reg 0x03, 0x000003B0)
T7FD0 000:450.345 - 0.344ms returns 0
T7FD0 000:450.352 JLINK_CORESIGHT_WriteAPDPReg(AP reg 0x00, 0x80000002)
T7FD0 000:450.763 - 0.411ms returns 0
T7FD0 000:450.775 JLINK_CORESIGHT_WriteAPDPReg(AP reg 0x01, 0x80011140)
T7FD0 000:451.161 - 0.386ms returns 0
T7FD0 000:451.173 JLINK_CORESIGHT_ReadAPDPReg(AP reg 0x03)
T7FD0 000:451.545   Value=0x00000002
T7FD0 000:451.556 - 0.383ms returns 0
T7FD0 000:451.563 JLINK_CORESIGHT_ReadAPDPReg(AP reg 0x03)
T7FD0 000:451.900   Value=0x00000000
T7FD0 000:451.907 - 0.344ms returns 0
T7FD0 000:451.913 JLINK_CORESIGHT_WriteAPDPReg(AP reg 0x00, 0x80000002)
T7FD0 000:452.227 - 0.314ms returns 0
T7FD0 000:452.232 JLINK_CORESIGHT_WriteAPDPReg(AP reg 0x01, 0x80011130)
T7FD0 000:452.536 - 0.303ms returns 0
T7FD0 000:452.546 JLINK_CORESIGHT_ReadAPDPReg(AP reg 0x03)
T7FD0 000:452.903   Value=0x4F0B0081
T7FD0 000:452.909 - 0.363ms returns 0
T7FD0 000:452.914 JLINK_CORESIGHT_WriteAPDPReg(AP reg 0x00, 0x80000002)
T7FD0 000:453.225 - 0.311ms returns 0
T7FD0 000:453.231 JLINK_CORESIGHT_WriteAPDPReg(AP reg 0x01, 0x80011140)
T7FD0 000:453.546 - 0.315ms returns 0
T7FD0 000:453.552 JLINK_CORESIGHT_ReadAPDPReg(AP reg 0x03)
T7FD0 000:453.903   Value=0x00000000
T7FD0 000:453.908 - 0.356ms returns 0
T7FD0 000:453.913 JLINK_CORESIGHT_WriteAPDPReg(AP reg 0x00, 0x80000002)
T7FD0 000:454.273 - 0.360ms returns 0
T7FD0 000:454.278 JLINK_CORESIGHT_WriteAPDPReg(AP reg 0x01, 0x80011130)
T7FD0 000:454.597 - 0.319ms returns 0
T7FD0 000:454.603 JLINK_CORESIGHT_ReadAPDPReg(AP reg 0x03)
T7FD0 000:454.945   Value=0xE03F0000
T7FD0 000:454.951 - 0.347ms returns 0
T7FD0 000:454.956 JLINK_CORESIGHT_WriteAPDPReg(AP reg 0x00, 0x80000002)
T7FD0 000:455.285 - 0.329ms returns 0
T7FD0 000:455.290 JLINK_CORESIGHT_WriteAPDPReg(AP reg 0x01, 0x80011140)
T7FD0 000:455.569 - 0.278ms returns 0
T7FD0 000:455.575 JLINK_CORESIGHT_ReadAPDPReg(AP reg 0x03)
T7FD0 000:455.946   Value=0x00000000
T7FD0 000:455.951 - 0.376ms returns 0
T7FD0 000:455.956 JLINK_CORESIGHT_WriteAPDPReg(AP reg 0x00, 0x80000002)
T7FD0 000:456.278 - 0.322ms returns 0
T7FD0 000:456.283 JLINK_CORESIGHT_WriteAPDPReg(AP reg 0x01, 0x80011130)
T7FD0 000:456.569 - 0.285ms returns 0
T7FD0 000:456.574 JLINK_CORESIGHT_ReadAPDPReg(AP reg 0x03)
T7FD0 000:456.925   Value=0x00000000
T7FD0 000:456.931 - 0.357ms returns 0
T7FD0 000:456.936 JLINK_CORESIGHT_WriteAPDPReg(AP reg 0x00, 0x80000002)
T7FD0 000:457.247 - 0.311ms returns 0
T7FD0 000:457.253 JLINK_CORESIGHT_WriteAPDPReg(AP reg 0x01, 0x80011140)
T7FD0 000:457.607 - 0.354ms returns 0
T7FD0 000:457.618 JLINK_CORESIGHT_ReadAPDPReg(AP reg 0x03)
T7FD0 000:458.031   Value=0x00000000
T7FD0 000:458.041 - 0.422ms returns 0
T7FD0 000:458.047 JLINK_CORESIGHT_WriteAPDPReg(AP reg 0x00, 0x80000002)
T7FD0 000:458.426 - 0.376ms returns 0
T7FD0 000:458.440 JLINK_CORESIGHT_WriteAPDPReg(AP reg 0x01, 0x80011130)
T7FD0 000:458.779 - 0.339ms returns 0
T7FD0 000:458.786 JLINK_CORESIGHT_ReadAPDPReg(AP reg 0x03)
T7FD0 000:459.183   Value=0x03870000
T7FD0 000:459.189 - 0.403ms returns 0
T7FD0 000:459.198 JLINK_CORESIGHT_ReadAPDPReg(DP reg 0x01)
T7FD0 000:459.496   Value=0xF0000F40
T7FD0 000:459.501 - 0.303ms returns 0
T7FD0 000:459.506 JLINK_CORESIGHT_WriteAPDPReg(DP reg 0x01, 0xA0000F40)
T7FD0 000:459.803 - 0.297ms returns 0
T7FD0 000:459.809 JLINK_CORESIGHT_ReadAPDPReg(DP reg 0x01)
T7FD0 000:460.112   Value=0x00000F40
T7FD0 000:460.117 - 0.308ms returns 0
T7FD0 000:460.123 JLINK_ClrRESET()
T7FD0 000:460.947 - 0.824ms 
T7FD0 000:563.811 JLINK_Close()
T7FD0 000:576.469 - 12.657ms
T7FD0 000:576.487   
T7FD0 000:576.490   Closed
